    Finished `test` profile [optimized + debuginfo] target(s) in 0.05s
────────────
 Nextest run ID 0a199b43-d245-4ad9-85b3-d8d171281584 with nextest profile: default
    Starting 1 test across 1 binary (13 tests skipped)
        SKIP [         ] tethys::discovery_failures containment_rejects_link_escape_but_keeps_inside_twin
        SKIP [         ] tethys::discovery_failures deadline_child
        SKIP [         ] tethys::discovery_failures evaluator_deadline_kills_silent_actor
        SKIP [         ] tethys::discovery_failures explicit_host_child
        SKIP [         ] tethys::discovery_failures explicit_host_ignores_ambient_dotnet
        SKIP [         ] tethys::discovery_failures later_restore_does_not_excuse_an_earlier_glob_change
        SKIP [         ] tethys::discovery_failures malformed_input_and_missing_toolchain_are_not_empty_success
        SKIP [         ] tethys::discovery_failures packages_config_authority_and_host_support
        SKIP [         ] tethys::discovery_failures partial_framework_failure_retains_selector_and_success
        SKIP [         ] tethys::discovery_failures reason_matrix_native_failures_preserve_successful_siblings
        SKIP [         ] tethys::discovery_failures restored_package_metadata_names_are_case_insensitive
        SKIP [         ] tethys::discovery_failures separately_authorized_offline_restore_failure_is_explicit
        SKIP [         ] tethys::discovery_failures trust_gate_precedes_host_and_restore
        PASS [   7.319s] tethys::discovery_failures authorized_restore_rechecks_metadata_before_confirmation
────────────
     Summary [   7.320s] 1 test run: 1 passed, 13 skipped
        PASS [   7.319s] tethys::discovery_failures authorized_restore_rechecks_metadata_before_confirmation
        SKIP [         ] tethys::discovery_failures containment_rejects_link_escape_but_keeps_inside_twin
        SKIP [         ] tethys::discovery_failures deadline_child
        SKIP [         ] tethys::discovery_failures evaluator_deadline_kills_silent_actor
        SKIP [         ] tethys::discovery_failures explicit_host_child
        SKIP [         ] tethys::discovery_failures explicit_host_ignores_ambient_dotnet
        SKIP [         ] tethys::discovery_failures later_restore_does_not_excuse_an_earlier_glob_change
        SKIP [         ] tethys::discovery_failures malformed_input_and_missing_toolchain_are_not_empty_success
        SKIP [         ] tethys::discovery_failures packages_config_authority_and_host_support
        SKIP [         ] tethys::discovery_failures partial_framework_failure_retains_selector_and_success
        SKIP [         ] tethys::discovery_failures reason_matrix_native_failures_preserve_successful_siblings
        SKIP [         ] tethys::discovery_failures restored_package_metadata_names_are_case_insensitive
        SKIP [         ] tethys::discovery_failures separately_authorized_offline_restore_failure_is_explicit
        SKIP [         ] tethys::discovery_failures trust_gate_precedes_host_and_restore
