    Checking tethys v0.1.0 (/tmp/w46)
    Finished `dev` profile [unoptimized + debuginfo] target(s) in 6.02s
   Compiling tethys v0.1.0 (/tmp/w46)
    Finished `test` profile [optimized + debuginfo] target(s) in 24.21s
info: using target runner `env -u LD_LIBRARY_PATH` defined by environment variable `CARGO_TARGET_X86_64_UNKNOWN_LINUX_GNU_RUNNER`
────────────
 Nextest run ID 7d9e0596-5e14-4c0f-ac02-003d56986882 with nextest profile: default
    Starting 1169 tests across 58 binaries (43 tests skipped)
        PASS [   0.006s] (   1/1169) tethys cargo::tests::get_crate_for_file_returns_none_for_no_match
        PASS [   0.006s] (   2/1169) tethys cargo::tests::compute_module_path_returns_none_outside_module_tree::case_3_tests
        PASS [   0.006s] (   3/1169) tethys cargo::tests::compute_module_path_shared_src_directory::case_4_shared_deeply_nested
        PASS [   0.006s] (   4/1169) tethys cargo::tests::compute_module_path_binary::case_2_bin_submodule
        PASS [   0.006s] (   5/1169) tethys cargo::tests::compute_module_path_binary::case_3_bin_nested
        PASS [   0.006s] (   6/1169) tethys cargo::tests::get_crate_for_file_finds_matching_crate
        PASS [   0.006s] (   7/1169) tethys cargo::tests::compute_module_path_binary::case_1_bin_main
        PASS [   0.006s] (   8/1169) tethys cargo::tests::compute_module_path_binary_only_crate::case_1_bin_only_main
        PASS [   0.007s] (   9/1169) tethys cargo::tests::compute_module_path_lib_crate::case_3_nested_module
        PASS [   0.007s] (  10/1169) tethys cargo::tests::compute_module_path_shared_src_directory::case_1_shared_lib_rs
        PASS [   0.007s] (  11/1169) tethys cargo::tests::get_crate_for_file_prefers_longest_prefix_match
        PASS [   0.007s] (  12/1169) tethys cargo::tests::glob_member_expands_simple_pattern
        PASS [   0.007s] (  13/1169) tethys cargo::tests::compute_module_path_returns_none_outside_module_tree::case_2_benches
        PASS [   0.007s] (  14/1169) tethys cargo::tests::compute_module_path_hyphenated_crate_name
        PASS [   0.007s] (  15/1169) tethys cargo::tests::compute_module_path_lib_crate::case_1_lib_rs
        PASS [   0.007s] (  16/1169) tethys cargo::tests::compute_module_path_returns_none_outside_module_tree::case_1_examples
        PASS [   0.007s] (  17/1169) tethys cargo::tests::compute_module_path_shared_src_directory::case_3_shared_nested_from_lib
        PASS [   0.007s] (  18/1169) tethys cargo::tests::compute_module_path_lib_crate::case_4_mod_rs_style
        PASS [   0.007s] (  19/1169) tethys cargo::tests::compute_module_path_returns_none_outside_module_tree::case_4_outside_src
        PASS [   0.008s] (  20/1169) tethys cargo::tests::compute_module_path_binary_only_crate::case_4_bin_only_mod_rs
        PASS [   0.008s] (  21/1169) tethys cargo::tests::compute_module_path_lib_crate::case_5_deeply_nested
        PASS [   0.008s] (  22/1169) tethys cargo::tests::compute_module_path_shared_src_directory::case_2_shared_main_rs
        PASS [   0.009s] (  23/1169) tethys cargo::tests::compute_module_path_binary_only_crate::case_2_bin_only_nested
        PASS [   0.009s] (  24/1169) tethys cargo::tests::compute_module_path_lib_crate::case_2_main_rs
        PASS [   0.010s] (  25/1169) tethys cargo::tests::compute_module_path_binary_only_crate::case_3_bin_only_deeply_nested
        PASS [   0.028s] (  26/1169) tethys batch_writer::tests::batch_writer_handles_empty_input
        PASS [   0.031s] (  27/1169) tethys batch_writer::tests::bad_file_in_batch_aborts_revision
        PASS [   0.032s] (  28/1169) tethys batch_writer::tests::batch_writer_writes_single_file
        PASS [   0.026s] (  29/1169) tethys db::architecture::get_packages_tests::get_packages_empty_for_fresh_index
        PASS [   0.028s] (  30/1169) tethys db::architecture::get_packages_tests::get_packages_returns_alphabetical_by_name
        PASS [   0.031s] (  31/1169) tethys db::architecture::get_packages_tests::get_packages_decodes_source_field
        PASS [   0.038s] (  32/1169) tethys arch_api_tests::get_package_coupling_unknown_returns_none
        PASS [   0.040s] (  33/1169) tethys arch_api_tests::get_coupling_metrics_returns_one_row_per_crate
        PASS [   0.040s] (  34/1169) tethys arch_api_tests::get_packages_returns_each_crate
        PASS [   0.035s] (  35/1169) tethys db::architecture::repopulate_tests::repopulate_architecture_inserts_packages
        PASS [   0.036s] (  36/1169) tethys db::architecture::package_coupling_tests::package_coupling_for_isolated_package_returns_empty_lists
        PASS [   0.038s] (  37/1169) tethys db::architecture::coupling_metrics_tests::isolated_package_has_zero_instability
        PASS [   0.037s] (  38/1169) tethys db::architecture::package_coupling_tests::get_package_coupling_returns_err_for_corrupt_target_source
        PASS [   0.038s] (  39/1169) tethys db::architecture::repopulate_tests::repopulate_architecture_skips_unknown_package_names
        PASS [   0.004s] (  40/1169) tethys db::dead_code::tests::rust_binary_root_segment_shapes
        PASS [   0.051s] (  41/1169) tethys batch_writer::tests::batch_writer_respects_batch_size
        PASS [   0.044s] (  42/1169) tethys db::architecture::repopulate_tests::repopulate_architecture_is_idempotent
        PASS [   0.047s] (  43/1169) tethys db::architecture::package_coupling_tests::repopulate_architecture_filters_intra_package_deps
        PASS [   0.049s] (  44/1169) tethys db::architecture::coupling_metrics_tests::sort_by_instability_descending
        PASS [   0.052s] (  45/1169) tethys db::architecture::coupling_metrics_tests::sort_by_name_ascending
        PASS [   0.004s] (  46/1169) tethys db::deprecated::tests::parses_all_deprecated_args_shapes
        PASS [   0.052s] (  47/1169) tethys db::architecture::package_coupling_tests::package_coupling_returns_outgoing_and_incoming
        PASS [   0.053s] (  48/1169) tethys db::architecture::package_coupling_tests::package_coupling_dep_count_aggregates_multiple_file_edges
        PASS [   0.051s] (  49/1169) tethys db::call_edges::k_hybrid_filter_tests::k_hybrid_external_imports_do_not_corroborate_workspace_edges
        PASS [   0.055s] (  50/1169) tethys db::architecture::package_coupling_tests::package_coupling_none_for_missing_package
        PASS [   0.056s] (  51/1169) tethys db::architecture::coupling_metrics_tests::afferent_and_efferent_sorts_break_ties_by_name_ascending
        PASS [   0.004s] (  52/1169) tethys db::deprecated::tests::parses_all_obsolete_args_shapes
        PASS [   0.057s] (  53/1169) tethys db::architecture::coupling_metrics_tests::coupling_metrics_match_expected_ca_ce_instability
        PASS [   0.057s] (  54/1169) tethys db::architecture::repopulate_tests::repopulate_architecture_assigns_files_and_deps
        PASS [   0.033s] (  55/1169) tethys db::dead_code::tests::candidacy_visibility_and_is_test
        PASS [   0.032s] (  56/1169) tethys db::dead_code::tests::candidates_ordered_by_file_line_name
        PASS [   0.031s] (  57/1169) tethys db::dead_code::tests::container_with_test_descendant_suppressed
        PASS [   0.061s] (  58/1169) tethys db::call_edges::k_hybrid_filter_tests::k_hybrid_empty_imports_table_drops_all_cross_crate_keeps_intra
        PASS [   0.044s] (  59/1169) tethys db::call_edges::k_hybrid_filter_tests::k_hybrid_keeps_edge_conservatively_when_file_missing_from_crate_map
        PASS [   0.005s] (  60/1169) tethys db::files::index_parsed_file_atomic_tests::build_qualified_name_shapes
        PASS [   0.028s] (  61/1169) tethys db::dead_code::tests::self_ref_does_not_suppress
        PASS [   0.032s] (  62/1169) tethys db::dead_code::tests::function_not_suppressed_by_live_nested_fn
        PASS [   0.030s] (  63/1169) tethys db::dead_code::tests::qualified_match_requires_segment_boundary
        PASS [   0.043s] (  64/1169) tethys db::call_edges::k_hybrid_filter_tests::k_hybrid_normalizes_underscore_to_hyphen_in_import_first_segment
        PASS [   0.070s] (  65/1169) tethys db::architecture::package_coupling_tests::fetch_neighbors_sorts_incoming_by_dep_count_desc_then_name_asc
        PASS [   0.071s] (  66/1169) tethys db::architecture::package_coupling_tests::fetch_neighbors_sorts_by_dep_count_desc_then_name_asc
        PASS [   0.032s] (  67/1169) tethys db::dead_code::tests::speculative_only_ref_suppresses
        PASS [   0.036s] (  68/1169) tethys db::dead_code::tests::kind_exclusions_language_aware
        PASS [   0.042s] (  69/1169) tethys db::dead_code::tests::container_live_descendant_transitive
        PASS [   0.026s] (  70/1169) tethys db::deprecated::tests::detects_obsolete_spellings_and_decoys
        PASS [   0.033s] (  71/1169) tethys db::dead_code::tests::trait_impl_marker_suppresses_external_trait
        PASS [   0.028s] (  72/1169) tethys db::dead_code::tests::unresolved_self_ref_does_not_suppress
        PASS [   0.008s] (  73/1169) tethys db::files::tests::normalize_path_is_idempotent
        PASS [   0.077s] (  74/1169) tethys db::architecture::package_coupling_tests::fetch_neighbors_skips_neighbors_with_corrupt_source
        PASS [   0.037s] (  75/1169) tethys db::dead_code::tests::unresolved_bare_and_qualified_suppress
        PASS [   0.023s] (  76/1169) tethys db::files::get_files_by_ids_tests::empty_id_slice_returns_empty_map
        PASS [   0.049s] (  77/1169) tethys db::dead_code::tests::entry_points_excluded_by_path_and_language
        PASS [   0.026s] (  78/1169) tethys db::files::delete_files_tests::delete_files_handles_empty_and_unknown_ids
        PASS [   0.025s] (  79/1169) tethys db::files::get_files_by_ids_tests::duplicate_ids_yield_one_entry_per_distinct_id
        PASS [   0.033s] (  80/1169) tethys db::file_deps::hydration_fence_tests::dangling_edge_is_skipped_and_counted
        PASS [   0.024s] (  81/1169) tethys db::files::index_parsed_file_atomic_tests::failed_file_write_leaves_no_rows
        PASS [   0.027s] (  82/1169) tethys db::files::get_files_by_ids_tests::missing_id_is_absent_not_error
        PASS [   0.024s] (  83/1169) tethys db::files::list_all_files_tests::list_all_files_returns_empty_for_fresh_index
        PASS [   0.027s] (  84/1169) tethys db::files::index_parsed_file_atomic_tests::one_commit_per_file_write
        PASS [   0.005s] (  85/1169) tethys db::graph::tests::enumerate_cycles_covers_overlap_direction_and_self_loop
        PASS [   0.068s] (  86/1169) tethys db::call_edges::k_hybrid_filter_tests::k_hybrid_keeps_intra_and_corroborated_drops_uncorroborated_and_orphan
        PASS [   0.006s] (  87/1169) tethys db::graph::tests::enumerate_cycles_does_not_regress_on_dense_graph
        PASS [   0.028s] (  88/1169) tethys db::files::index_parsed_file_atomic_tests::shape_complete_file_writes_all_rows_with_expected_resolution
        PASS [   0.041s] (  89/1169) tethys db::files::delete_files_tests::delete_files_cascades_to_all_dependent_tables
        PASS [   0.041s] (  90/1169) tethys db::file_deps::hydration_fence_tests::hydration_is_one_statement_with_zero_per_id_lookups
        PASS [   0.031s] (  91/1169) tethys db::files::index_parsed_file_atomic_tests::failed_reindex_preserves_prior_refs_imports_attributes
        PASS [   0.005s] (  92/1169) tethys db::graph::tests::enumerate_cycles_does_not_walk_past_the_component
        PASS [   0.004s] (  93/1169) tethys db::graph::tests::enumerate_cycles_handles_empty_graph
        PASS [   0.005s] (  94/1169) tethys db::graph::tests::enumerate_cycles_finds_cycles_behind_acyclic_fringe
        PASS [   0.005s] (  95/1169) tethys db::graph::tests::enumerate_cycles_keeps_disjoint_components_independent
        PASS [   0.006s] (  96/1169) tethys db::graph::tests::enumerate_cycles_scc_passes_stay_bounded
        PASS [   0.005s] (  97/1169) tethys db::graph::tests::hosts_cycle_requires_two_nodes_or_a_self_edge
        PASS [   0.006s] (  98/1169) tethys db::graph::tests::enumerate_cycles_uses_path_order_not_file_id_order
        PASS [   0.046s] (  99/1169) tethys db::files::delete_files_tests::delete_files_commits_once
        PASS [   0.035s] ( 100/1169) tethys db::files::list_all_files_tests::list_all_files_returns_every_indexed_file
        PASS [   0.004s] ( 101/1169) tethys db::graph::tests::scc_decomposition_matches_hand_computed_components
        PASS [   0.006s] ( 102/1169) tethys db::graph::tests::enumerate_cycles_stays_output_sensitive_on_acyclic_dag
        PASS [   0.045s] ( 103/1169) tethys db::files::delete_files_tests::delete_files_removes_multiple_ids
        PASS [   0.005s] ( 104/1169) tethys db::graph::tests::scc_on_empty_subgraph_returns_no_components
        PASS [   0.026s] ( 105/1169) tethys db::graph::dependency_path_tests::equal_endpoints_yield_single_file_path
        PASS [   0.024s] ( 106/1169) tethys db::graph::dependency_path_tests::equal_missing_id_is_notfound
        PASS [   0.029s] ( 107/1169) tethys db::graph::cycle_hydration_fences::cycle_query_dangling_endpoint_returns_notfound
        PASS [   0.008s] ( 108/1169) tethys db::graph::tests::enumerate_cycles_visits_each_node_once_on_single_cycle
        PASS [   0.005s] ( 109/1169) tethys db::graph::tests::scc_respects_the_induced_subgraph
        PASS [   0.005s] ( 110/1169) tethys db::hierarchy::tests::container_kinds_sql_matches_is_container
        PASS [   0.034s] ( 111/1169) tethys db::graph::chain_4m9o_fences::self_loop_edge_is_inert
        PASS [   0.014s] ( 112/1169) tethys db::graph::tests::enumerate_cycles_scales_on_sparse_graph
        PASS [   0.035s] ( 113/1169) tethys db::graph::chain_4m9o_fences::dangling_path_member_is_notfound
        PASS [   0.032s] ( 114/1169) tethys db::graph::cycle_hydration_fences::cycle_query_uses_one_snapshot
        PASS [   0.006s] ( 115/1169) tethys db::panic_points::tests::panic_kinds_match_sql_query_filter
        PASS [   0.034s] ( 116/1169) tethys db::graph::dependency_path_tests::cycle_reachable_unreachable_target_returns_none
        PASS [   0.042s] ( 117/1169) tethys db::graph::chain_4m9o_fences::chain_query_statement_counts_are_flat
        PASS [   0.039s] ( 118/1169) tethys db::graph::cycle_hydration_fences::cycle_query_statement_counts_are_flat
        PASS [   0.007s] ( 119/1169) tethys db::schema::schema_tests::arch_coupling_view_handles_empty_state
        PASS [   0.007s] ( 120/1169) tethys db::schema::schema_tests::refs_has_strategy_column
        PASS [   0.035s] ( 121/1169) tethys db::graph::dependency_path_tests::zero_edge_graph_returns_none
        PASS [   0.007s] ( 122/1169) tethys db::schema::schema_tests::refs_named_left_join_keeps_unresolved_ref
        PASS [   0.007s] ( 123/1169) tethys db::schema::schema_tests::refs_named_name_collision_is_union_without_double_count
        PASS [   0.007s] ( 124/1169) tethys db::schema::schema_tests::refs_named_resolves_name_from_symbol_for_resolved_ref
        PASS [   0.039s] ( 125/1169) tethys db::graph::dependency_path_tests::target_reachable_through_cycle_is_found
        PASS [   0.007s] ( 126/1169) tethys db::schema::schema_tests::schema_creates_arch_objects
        PASS [   0.007s] ( 127/1169) tethys db::schema::schema_tests::schema_creates_refs_named_view
        PASS [   0.024s] ( 128/1169) tethys db::references::apply_resolutions_tests::apply_resolutions_empty_is_a_no_op
        PASS [   0.026s] ( 129/1169) tethys db::revision::tests::competing_writer_is_busy_until_revision_release
        PASS [   0.025s] ( 130/1169) tethys db::schema::schema_tests::open_fresh_db_has_strategy_column
        PASS [   0.052s] ( 131/1169) tethys db::graph::dependency_path_tests::shortest_route_wins_over_longer_route
        PASS [   0.054s] ( 132/1169) tethys db::graph::reachability_snapshot_fences::canonical_reachability_follows_edges_in_both_directions
        PASS [   0.030s] ( 133/1169) tethys db::schema::schema_tests::guard_ignores_db_without_refs_table
        PASS [   0.034s] ( 134/1169) tethys db::revision::tests::released_savepoints_publish_only_on_revision_commit
        PASS [   0.040s] ( 135/1169) tethys db::references::apply_resolutions_tests::lsp_path_stamps_strategy
        PASS [   0.044s] ( 136/1169) tethys db::references::apply_resolutions_tests::apply_resolutions_batches_in_one_commit
        PASS [   0.046s] ( 137/1169) tethys db::panic_points::tests::count_panic_points_returns_correct_counts
        PASS [   0.047s] ( 138/1169) tethys db::panic_points::tests::panic_points_contain_correct_metadata
        PASS [   0.028s] ( 139/1169) tethys db::symbols::search_by_name_ambiguity_tests::in_files_empty_path_set_declines
        PASS [   0.048s] ( 140/1169) tethys db::panic_points::tests::get_panic_points_excludes_tests_by_default
        PASS [   0.048s] ( 141/1169) tethys db::panic_points::tests::get_panic_points_includes_tests_when_requested
        PASS [   0.048s] ( 142/1169) tethys db::panic_points::tests::get_panic_points_filters_by_file
        PASS [   0.049s] ( 143/1169) tethys db::panic_points::tests::get_panic_points_returns_correct_kinds
        PASS [   0.029s] ( 144/1169) tethys db::symbols::search_by_name_ambiguity_tests::in_files_out_of_scope_symbol_is_invisible
        PASS [   0.031s] ( 145/1169) tethys db::symbols::search_by_name_ambiguity_tests::in_files_kind_filter_picks_class_over_same_named_method
        PASS [   0.034s] ( 146/1169) tethys db::symbols::search_by_name_ambiguity_tests::duplicate_path_across_chunk_boundary_does_not_mask_ambiguity
        PASS [   0.052s] ( 147/1169) tethys db::revision::tests::rebuild_rollback_restores_legacy_schema_rows_and_version
        PASS [   0.038s] ( 148/1169) tethys db::symbols::search_by_name_ambiguity_tests::in_files_chunking_finds_match_and_aggregates_uniqueness
        PASS [   0.028s] ( 149/1169) tethys db::symbols::search_by_name_ambiguity_tests::no_match_returns_none
        PASS [   0.034s] ( 150/1169) tethys db::symbols::search_by_name_ambiguity_tests::in_files_two_candidates_decline
        PASS [   0.028s] ( 151/1169) tethys db::symbols::search_by_name_ambiguity_tests::type_members_chunking_finds_late_match
        PASS [   0.028s] ( 152/1169) tethys db::symbols::search_by_name_ambiguity_tests::type_members_empty_inputs_decline
        PASS [   0.037s] ( 153/1169) tethys db::symbols::search_by_name_ambiguity_tests::multiple_matches_return_none_not_arbitrary_winner
        PASS [   0.028s] ( 154/1169) tethys db::symbols::search_by_name_ambiguity_tests::type_members_kind_filtered
        PASS [   0.005s] ( 155/1169) tethys db::untested::tests::closure_covers_chains_cycles_and_self_loops
        PASS [   0.032s] ( 156/1169) tethys db::symbols::search_by_name_ambiguity_tests::type_members_duplicate_path_does_not_mask_overload
        PASS [   0.059s] ( 157/1169) tethys db::schema::schema_tests::refs_banded_band_mapping_matches_adr
        PASS [   0.005s] ( 158/1169) tethys db::visibility::tests::crate_glob_coverage_is_module_exact
        PASS [   0.005s] ( 159/1169) tethys db::visibility::tests::module_match_shapes
        PASS [   0.005s] ( 160/1169) tethys db::untested::tests::closure_zero_roots_empty_and_duplicate_edges_safe
        PASS [   0.068s] ( 161/1169) tethys db::panic_points::tests::panic_points_matches_qualified_last_segment
        PASS [   0.005s] ( 162/1169) tethys db::visibility::tests::root_reachability_chain_walk
        PASS [   0.005s] ( 163/1169) tethys dead_code::tests::limit_truncates_findings_not_summary
        PASS [   0.005s] ( 164/1169) tethys dead_code::tests::comment_mention_counts
        PASS [   0.028s] ( 165/1169) tethys db::symbols::search_by_name_ambiguity_tests::type_members_scope_to_the_type_prefix
        PASS [   0.033s] ( 166/1169) tethys db::symbols::search_by_name_ambiguity_tests::type_members_overloads_return_both
        PASS [   0.027s] ( 167/1169) tethys db::symbols::search_by_name_ambiguity_tests::unique_match_returned
        PASS [   0.005s] ( 168/1169) tethys dead_code::tests::null_end_line_degrades_to_maybe
        PASS [   0.029s] ( 169/1169) tethys db::symbols::search_in_prefix_tests::prefix_does_not_match_neighboring_crate_directory
        PASS [   0.023s] ( 170/1169) tethys db::tests::open_creates_database_and_schema
        PASS [   0.023s] ( 171/1169) tethys db::tests::search_symbols_empty_query_returns_empty
        PASS [   0.007s] ( 172/1169) tethys dead_code::tests::recursion_inside_own_span_is_definite
        PASS [   0.007s] ( 173/1169) tethys dead_code::tests::same_name_twins_demote_each_other
        PASS [   0.007s] ( 174/1169) tethys dead_code::tests::macro_only_mention_is_maybe
        PASS [   0.006s] ( 175/1169) tethys discovery::msbuild::host::tests::absent_trust_precedes_all_process_and_host_access
        PASS [   0.006s] ( 176/1169) tethys dead_code::tests::unreadable_file_skipped
        PASS [   0.006s] ( 177/1169) tethys dead_code::tests::substring_is_not_a_mention
        PASS [   0.006s] ( 178/1169) tethys discovery::msbuild::host::tests::executable_permission_errors_remain_infrastructure_failures
        PASS [   0.004s] ( 179/1169) tethys discovery::msbuild::host::tests::read_bound_rejects_overflow_without_truncating
        PASS [   0.023s] ( 180/1169) tethys db::tests::standalone_removal_deletes_database_and_sidecars
        PASS [   0.010s] ( 181/1169) tethys discovery::msbuild::host::tests::already_exited_process_group_is_reaped
        PASS [   0.006s] ( 182/1169) tethys discovery::msbuild::host::tests::package_restore_requires_separate_grant_before_host_access
        PASS [   0.005s] ( 183/1169) tethys discovery::msbuild::restore::graph::tests::ambiguous_or_wrong_aliases_withhold_framework_evidence
        PASS [   0.033s] ( 184/1169) tethys db::symbols::search_in_prefix_tests::returns_none_for_empty_prefix
        PASS [   0.005s] ( 185/1169) tethys discovery::msbuild::restore::graph::tests::platform_framework_aliases_resolve_to_their_assets_key
        PASS [   0.031s] ( 186/1169) tethys db::tests::insert_and_list_symbols
        PASS [   0.005s] ( 187/1169) tethys discovery::msbuild::restore::tests::implicit_package_dependencies_require_target_evidence_without_relaxing_explicit_versions
        PASS [   0.025s] ( 188/1169) tethys db::tests::upsert_file_inserts_new_file
        PASS [   0.035s] ( 189/1169) tethys db::symbols::search_in_prefix_tests::returns_none_when_intra_prefix_ambiguous
        PASS [   0.007s] ( 190/1169) tethys discovery::msbuild::restore::tests::equal_timestamps_do_not_establish_unreceipted_restore_freshness
        PASS [   0.035s] ( 191/1169) tethys db::symbols::search_in_prefix_tests::returns_none_when_prefix_matches_no_files
        PASS [   0.008s] ( 192/1169) tethys discovery::msbuild::restore::graph::tests::unavailable_graph_output_withholds_evidence_without_infrastructure_failure
        PASS [   0.035s] ( 193/1169) tethys db::symbols::search_in_prefix_tests::returns_same_crate_match_when_caller_in_crate_b
        PASS [   0.027s] ( 194/1169) tethys db::tests::upsert_file_updates_existing
        PASS [   0.036s] ( 195/1169) tethys db::symbols::search_in_prefix_tests::returns_same_crate_match_when_caller_in_crate_a
        PASS [   0.037s] ( 196/1169) tethys db::symbols::search_in_prefix_tests::returns_none_for_degenerate_slash_prefix
        PASS [   0.006s] ( 197/1169) tethys discovery::msbuild::restore::tests::malformed_xml_and_dtd_are_not_restore_success
        PASS [   0.008s] ( 198/1169) tethys discovery::msbuild::restore::tests::legacy_destination_uses_solution_context_and_config_precedence_without_ancestor_guesses
        PASS [   0.010s] ( 199/1169) tethys discovery::msbuild::host::tests::simultaneous_full_pipes_do_not_deadlock
        PASS [   0.006s] ( 200/1169) tethys discovery::msbuild::restore::tests::mere_assets_existence_is_not_current_restore
        PASS [   0.006s] ( 201/1169) tethys discovery::msbuild::restore::tests::nuget_ranges_match_semantically_without_erasing_range_kind
        PASS [   0.005s] ( 202/1169) tethys error::tests::error_to_index_error_kind_mapping
        PASS [   0.006s] ( 203/1169) tethys discovery::msbuild::restore::tests::receipt_distinguishes_paths_from_file_contents
        PASS [   0.006s] ( 204/1169) tethys discovery::msbuild::restore::tests::unrelated_central_package_version_does_not_select_classic_restore
        PASS [   0.005s] ( 205/1169) tethys error::tests::index_error_display_includes_path_and_kind
        PASS [   0.006s] ( 206/1169) tethys discovery::msbuild::restore::tests::stale_generated_inputs_are_rejected
        PASS [   0.007s] ( 207/1169) tethys discovery::msbuild::restore::tests::receipt_detects_same_size_content_mutation_with_preserved_timestamp
        PASS [   0.030s] ( 208/1169) tethys db::tests::search_symbols_finds_matches
        PASS [   0.006s] ( 209/1169) tethys error::tests::package_not_found_display_exact
        PASS [   0.006s] ( 210/1169) tethys error::tests::index_error_kind_categorization
        PASS [   0.014s] ( 211/1169) tethys discovery::msbuild::host::tests::overflowing_stderr_terminates_process_group
        PASS [   0.005s] ( 212/1169) tethys error::tests::unsupported_language_includes_extension
        PASS [   0.005s] ( 213/1169) tethys indexing::tests::convert_imports_to_statements_empty_imports
        PASS [   0.005s] ( 214/1169) tethys indexing::tests::convert_imports_to_statements_glob_import
        PASS [   0.005s] ( 215/1169) tethys indexing::tests::convert_imports_to_statements_groups_by_source_module
        PASS [   0.006s] ( 216/1169) tethys indexing::tests::convert_imports_to_statements_single_rust_import
        PASS [   0.005s] ( 217/1169) tethys indexing::tests::convert_imports_to_statements_preserves_alias
        PASS [   0.007s] ( 218/1169) tethys indexing::tests::convert_imports_to_statements_csharp_uses_dot_separator
        PASS [   0.005s] ( 219/1169) tethys indexing::tests::is_excluded_dir::case_02_excludes_node_modules
        PASS [   0.006s] ( 220/1169) tethys indexing::tests::is_excluded_dir::case_01_excludes_target
        PASS [   0.006s] ( 221/1169) tethys indexing::tests::is_excluded_dir::case_03_does_not_match_dot_git
        PASS [   0.005s] ( 222/1169) tethys indexing::tests::is_excluded_dir::case_05_excludes_bin_under_project
        PASS [   0.006s] ( 223/1169) tethys indexing::tests::is_excluded_dir::case_06_allows_bin_under_src
        PASS [   0.006s] ( 224/1169) tethys indexing::tests::is_excluded_dir::case_04_excludes_bin_at_root
        PASS [   0.005s] ( 225/1169) tethys indexing::tests::is_excluded_dir::case_07_excludes_obj_at_root
        PASS [   0.005s] ( 226/1169) tethys indexing::tests::is_excluded_dir::case_10_excludes_dist
        PASS [   0.005s] ( 227/1169) tethys indexing::tests::is_excluded_dir::case_08_excludes_obj_even_under_src
        PASS [   0.006s] ( 228/1169) tethys indexing::tests::is_excluded_dir::case_09_excludes_build
        PASS [   0.005s] ( 229/1169) tethys indexing::tests::is_excluded_dir::case_11_excludes_vendor
        PASS [   0.005s] ( 230/1169) tethys indexing::tests::is_excluded_dir::case_12_excludes_pycache
        PASS [   0.005s] ( 231/1169) tethys indexing::tests::is_excluded_dir::case_14_allows_lib
        PASS [   0.005s] ( 232/1169) tethys indexing::tests::is_excluded_dir::case_15_allows_tests
        PASS [   0.006s] ( 233/1169) tethys indexing::tests::is_excluded_dir::case_13_allows_src
        PASS [   0.005s] ( 234/1169) tethys indexing::tests::is_excluded_dir::case_16_allows_my_module
        PASS [   0.005s] ( 235/1169) tethys indexing::tests::is_excluded_dir::case_19_case_sensitive_vendor
        PASS [   0.006s] ( 236/1169) tethys indexing::tests::is_excluded_dir::case_17_case_sensitive_target
        PASS [   0.005s] ( 237/1169) tethys indexing::tests::is_excluded_dir::case_20_rejects_empty_string
        PASS [   0.006s] ( 238/1169) tethys indexing::tests::is_excluded_dir::case_18_case_sensitive_node_modules
        PASS [   0.005s] ( 239/1169) tethys languages::csharp::tests::base_list_emits_anchored_inherit_edges
        PASS [   0.005s] ( 240/1169) tethys languages::common::tests::macro_call_maps_to_its_own_db_kind
        PASS [   0.006s] ( 241/1169) tethys languages::csharp::tests::accessor_body_refs_attribute_to_member_span
        PASS [   0.005s] ( 242/1169) tethys languages::csharp::tests::extracts_alias_using_directive
        PASS [   0.005s] ( 243/1169) tethys languages::csharp::tests::extracts_enum
        PASS [   0.005s] ( 244/1169) tethys languages::csharp::tests::extracts_delegate_at_namespace_and_class_level
        PASS [   0.006s] ( 245/1169) tethys languages::csharp::tests::extracts_attributes_on_types_methods_and_ctors
        PASS [   0.006s] ( 246/1169) tethys languages::csharp::tests::extracts_class
        PASS [   0.006s] ( 247/1169) tethys languages::csharp::tests::extracts_constructor
        PASS [   0.005s] ( 248/1169) tethys languages::csharp::tests::extracts_event_field_and_accessor_forms
        PASS [   0.005s] ( 249/1169) tethys languages::csharp::tests::extracts_field_declarators_each_with_attributes
        PASS [   0.005s] ( 250/1169) tethys languages::csharp::tests::extracts_generic_object_creation
        PASS [   0.006s] ( 251/1169) tethys languages::csharp::tests::extracts_file_scoped_namespace
        PASS [   0.004s] ( 252/1169) tethys languages::csharp::tests::extracts_internal_class
        PASS [   0.005s] ( 253/1169) tethys languages::csharp::tests::extracts_interface
        PASS [   0.005s] ( 254/1169) tethys languages::csharp::tests::extracts_method
        PASS [   0.006s] ( 255/1169) tethys languages::csharp::tests::extracts_multiple_using_directives
        PASS [   0.006s] ( 256/1169) tethys languages::csharp::tests::extracts_member_method_call
        PASS [   0.007s] ( 257/1169) tethys languages::csharp::tests::extracts_method_call
        PASS [   0.007s] ( 258/1169) tethys languages::csharp::tests::extracts_method_signature
        PASS [   0.006s] ( 259/1169) tethys languages::csharp::tests::extracts_nested_types
        PASS [   0.007s] ( 260/1169) tethys languages::csharp::tests::extracts_namespace
        PASS [   0.153s] ( 261/1169) tethys db::files::get_files_by_ids_tests::cap_sized_id_list_hydrates_fully
        PASS [   0.005s] ( 262/1169) tethys languages::csharp::tests::extracts_object_creation
        PASS [   0.006s] ( 263/1169) tethys languages::csharp::tests::extracts_nested_types_with_file_scoped_namespace
        PASS [   0.006s] ( 264/1169) tethys languages::csharp::tests::extracts_private_protected_visibility
        PASS [   0.006s] ( 265/1169) tethys languages::csharp::tests::extracts_private_class
        PASS [   0.005s] ( 266/1169) tethys languages::csharp::tests::extracts_property_expression_bodied_with_attribute
        PASS [   0.005s] ( 267/1169) tethys languages::csharp::tests::extracts_property_in_interface_and_struct
        PASS [   0.007s] ( 268/1169) tethys languages::csharp::tests::extracts_property_auto_and_accessor_block
        PASS [   0.005s] ( 269/1169) tethys languages::csharp::tests::extracts_qualified_using_directive
        PASS [   0.005s] ( 270/1169) tethys languages::csharp::tests::extracts_property_in_record
        PASS [   0.005s] ( 271/1169) tethys languages::csharp::tests::extracts_property_in_nested_class_with_enclosing_parent
        PASS [   0.006s] ( 272/1169) tethys languages::csharp::tests::extracts_protected_internal_visibility
        PASS [   0.006s] ( 273/1169) tethys languages::csharp::tests::extracts_protected_visibility
        PASS [   0.006s] ( 274/1169) tethys languages::csharp::tests::extracts_record
        PASS [   0.006s] ( 275/1169) tethys languages::csharp::tests::extracts_signature_details
        PASS [   0.006s] ( 276/1169) tethys languages::csharp::tests::extracts_simple_using_directive
        PASS [   0.033s] ( 277/1169) tethys indexing::arch_phase_tests::non_rust_workspace_yields_zero_arch_stats_not_none
        PASS [   0.006s] ( 278/1169) tethys languages::csharp::tests::extracts_static_method_as_function
        PASS [   0.005s] ( 279/1169) tethys languages::csharp::tests::extracts_struct
        PASS [   0.006s] ( 280/1169) tethys languages::csharp::tests::extracts_static_using_directive
        PASS [   0.005s] ( 281/1169) tethys languages::csharp::tests::member_read_simple_emits_field_access
        PASS [   0.006s] ( 282/1169) tethys languages::csharp::tests::member_read_on_assignment_lhs_is_emitted
        PASS [   0.007s] ( 283/1169) tethys languages::csharp::tests::member_read_chained_emits_one_ref_per_level
        PASS [   0.006s] ( 284/1169) tethys languages::csharp::tests::no_member_access_means_no_field_access_refs
        PASS [   0.007s] ( 285/1169) tethys languages::csharp::tests::member_read_on_invocation_result_and_in_arguments
        PASS [   0.005s] ( 286/1169) tethys languages::csharp::tests::tracks_containing_symbol_for_references
        PASS [   0.005s] ( 287/1169) tethys languages::module_resolver::tests::csharp_declines::case_1_simple_namespace
        PASS [   0.007s] ( 288/1169) tethys languages::csharp::tests::member_read_skips_invocation_callee_spine
        PASS [   0.037s] ( 289/1169) tethys indexing::tests::index_includes_src_bin_but_excludes_other_bin_dirs
        PASS [   0.039s] ( 290/1169) tethys indexing::arch_phase_tests::architecture_phase_records_packages
        PASS [   0.006s] ( 291/1169) tethys languages::module_resolver::tests::csharp_declines::case_2_dotted_namespace
        PASS [   0.040s] ( 292/1169) tethys indexing::arch_phase_tests::architecture_phase_handles_overlapping_crate_prefixes

[Artifact storage: ~/.omp/agent/sessions/-repos-tethys/2026-09-06T22-35-34-511Z_01a078dc-d8ef-742d-acf4-20c93ca8f806/1695.bash-original.log (126.1KB). Use artifact://1695:N-M to page, artifact://1695:raw:N-M for verbatim chunks, and the artifact file path for search/copy workflows.]

[Showing lines 1-300 of 1224. Use :301 to continue]