   Compiling proc-macro2 v1.0.106
   Compiling quote v1.0.45
   Compiling libc v0.2.186
   Compiling cc v1.2.63
   Compiling zerocopy v0.8.50
   Compiling serde_core v1.0.228
   Compiling tree-sitter-language v0.1.7
   Compiling aho-corasick v1.1.4
   Compiling crossbeam-utils v0.8.21
   Compiling serde v1.0.228
   Compiling generic-array v0.14.7
   Compiling ahash v0.8.12
   Compiling crossbeam-epoch v0.9.20
   Compiling zmij v1.0.21
   Compiling tracing-core v0.1.36
   Compiling getrandom v0.3.4
   Compiling anstyle-parse v1.0.0
   Compiling serde_json v1.0.150
   Compiling num-traits v0.2.19
   Compiling rayon-core v1.13.0
   Compiling sharded-slab v0.1.7
   Compiling toml_parser v1.1.2+spec-1.1.0
   Compiling rustix v1.1.4
   Compiling getrandom v0.4.2
   Compiling rustc_version v0.4.1
   Compiling thread_local v1.1.9
   Compiling indexmap v2.14.0
   Compiling fluent-uri v0.1.4
   Compiling itertools v0.10.5
   Compiling thiserror v2.0.18
   Compiling plotters-svg v0.3.7
   Compiling quick-xml v0.41.0
   Compiling cargo-husky v1.5.0
   Compiling bit-set v0.8.0
   Compiling walkdir v2.5.0
   Compiling anstream v1.0.0
   Compiling rstest_macros v0.26.1
   Compiling clap_builder v4.6.0
   Compiling tracing-log v0.2.0
   Compiling block-buffer v0.10.4
   Compiling crypto-common v0.1.7
   Compiling toml_edit v0.25.12+spec-1.1.0
   Compiling crossbeam-deque v0.8.6
   Compiling syn v2.0.117
   Compiling digest v0.10.7
   Compiling plotters v0.3.7
   Compiling sha2 v0.10.9
   Compiling libsqlite3-sys v0.30.1
   Compiling tree-sitter-rust v0.23.3
   Compiling tree-sitter-c-sharp v0.23.1
   Compiling tree-sitter v0.24.7
   Compiling regex-automata v0.4.14
   Compiling rayon v1.12.0
   Compiling proc-macro-crate v3.5.0
   Compiling criterion-plot v0.5.0
   Compiling nix v0.27.1
   Compiling wait-timeout v0.2.1
   Compiling is-terminal v0.4.17
   Compiling rand_core v0.9.5
   Compiling tempfile v3.27.0
   Compiling rand v0.9.4
   Compiling rand_xorshift v0.4.0
   Compiling rusty-fork v0.3.1
   Compiling serde_spanned v1.1.1
   Compiling toml_datetime v0.7.5+spec-1.1.0
   Compiling toml v0.9.12+spec-1.1.0
   Compiling command-group v5.0.1
   Compiling regex v1.12.3
   Compiling matchers v0.2.0
   Compiling zerocopy-derive v0.8.50
   Compiling serde_derive v1.0.228
   Compiling tracing-attributes v0.1.31
   Compiling clap_derive v4.6.1
   Compiling thiserror-impl v2.0.18
   Compiling serde_repr v0.1.20
   Compiling futures-macro v0.3.32
   Compiling tracing-test-macro v0.2.6
   Compiling futures-util v0.3.32
   Compiling tracing v0.1.44
   Compiling tracing-subscriber v0.3.23
   Compiling clap v4.6.1
   Compiling tracing-test v0.2.6
   Compiling rstest v0.26.1
   Compiling cargo_toml v0.22.3
   Compiling lsp-types v0.97.0
   Compiling tinytemplate v1.2.1
   Compiling half v2.7.1
   Compiling ppv-lite86 v0.2.21
   Compiling hashbrown v0.14.5
   Compiling ciborium-ll v0.2.2
   Compiling rand_chacha v0.9.0
   Compiling ciborium v0.2.2
   Compiling proptest v1.11.0
   Compiling hashlink v0.9.1
   Compiling criterion v0.5.1
   Compiling rusqlite v0.32.1
   Compiling tethys v0.1.0 (/tmp/r46-red)
    Finished `test` profile [optimized + debuginfo] target(s) in 33.20s
info: using target runner `env -u LD_LIBRARY_PATH` defined by environment variable `CARGO_TARGET_X86_64_UNKNOWN_LINUX_GNU_RUNNER`
────────────
 Nextest run ID 92a0d2a0-4856-44bd-878a-f11b5b8e9976 with nextest profile: default
    Starting 3 tests across 1 binary (9 tests skipped)
        FAIL [   0.714s] (1/3) tethys::discovery_cache eligible_literal_with_preepoch_source_serializes_and_invalidates_content
  stdout ───

    running 1 test
    test eligible_literal_with_preepoch_source_serializes_and_invalidates_content ... FAILED

    failures:

    failures:
        eligible_literal_with_preepoch_source_serializes_and_invalidates_content

    test result: FAILED. 0 passed; 1 failed; 0 ignored; 0 measured; 11 filtered out; finished in 0.71s

  stderr ───

    thread 'eligible_literal_with_preepoch_source_serializes_and_invalidates_content' (2575891) panicked at tests/discovery_cache.rs:48:10:
    called `Result::unwrap()` on an `Err` value: Internal("discovery evidence serialization failed: SystemTime must be later than UNIX_EPOCH")
    note: run with `RUST_BACKTRACE=1` environment variable to display a backtrace

        FAIL [   2.948s] (2/3) tethys::discovery_cache restore_receipt_property_names_ignore_case_but_values_do_not
  stdout ───

    running 1 test
    test restore_receipt_property_names_ignore_case_but_values_do_not ... FAILED

    failures:

    failures:
        restore_receipt_property_names_ignore_case_but_values_do_not

    test result: FAILED. 0 passed; 1 failed; 0 ignored; 0 measured; 11 filtered out; finished in 2.94s

  stderr ───

    thread 'restore_receipt_property_names_ignore_case_but_values_do_not' (2575889) panicked at tests/discovery_cache.rs:328:5:
    assertion `left == right` failed
      left: Indeterminate(DiscoveryFailure { reason: RestoreRequired, diagnostics: [DiscoveryDiagnostic { code: None, exception_type: None, message: "current restore inputs are unavailable; grant ordinary repository restore separately", file: None, line: 0, column: 0, severity: Error }] })
     right: Confirmed
    note: run with `RUST_BACKTRACE=1` environment variable to display a backtrace

        FAIL [   3.385s] (3/3) tethys::discovery_cache disabled_restore_noop_keeps_units_without_cache_publication
  stdout ───

    running 1 test
    test disabled_restore_noop_keeps_units_without_cache_publication ... FAILED

    failures:

    failures:
        disabled_restore_noop_keeps_units_without_cache_publication

    test result: FAILED. 0 passed; 1 failed; 0 ignored; 0 measured; 11 filtered out; finished in 3.38s

  stderr ───

    thread 'disabled_restore_noop_keeps_units_without_cache_publication' (2575890) panicked at tests/discovery_cache.rs:292:5:
    assertion failed: disabled.cache.is_empty()
    note: run with `RUST_BACKTRACE=1` environment variable to display a backtrace

────────────
     Summary [   3.386s] 3 tests run: 0 passed, 3 failed, 9 skipped
        FAIL [   0.714s] (1/3) tethys::discovery_cache eligible_literal_with_preepoch_source_serializes_and_invalidates_content
        FAIL [   2.948s] (2/3) tethys::discovery_cache restore_receipt_property_names_ignore_case_but_values_do_not
        FAIL [   3.385s] (3/3) tethys::discovery_cache disabled_restore_noop_keeps_units_without_cache_publication
error: test run failed