TETHYS_QUALIFICATION_V1 {"deadline_seconds":null,"event":"start","phase":"discovery"}
TETHYS_QUALIFICATION_V1 {"deadline_seconds":60.0,"event":"start","phase":"evaluation"}
TETHYS_QUALIFICATION_V1 {"deadline_seconds":60.0,"event":"end","phase":"evaluation","seconds":0.311300252}
TETHYS_QUALIFICATION_V1 {"deadline_seconds":60.0,"event":"start","phase":"restore"}
TETHYS_QUALIFICATION_V1 {"deadline_seconds":60.0,"event":"end","phase":"restore","seconds":0.440005039}
TETHYS_QUALIFICATION_V1 {"deadline_seconds":60.0,"event":"start","phase":"evaluation"}
TETHYS_QUALIFICATION_V1 {"deadline_seconds":60.0,"event":"end","phase":"evaluation","seconds":0.320370653}
TETHYS_QUALIFICATION_V1 {"deadline_seconds":60.0,"event":"start","phase":"evaluation"}
TETHYS_QUALIFICATION_V1 {"deadline_seconds":60.0,"event":"end","phase":"evaluation","seconds":0.242705724}
TETHYS_QUALIFICATION_V1 {"deadline_seconds":60.0,"event":"start","phase":"evaluation"}
TETHYS_QUALIFICATION_V1 {"deadline_seconds":60.0,"event":"end","phase":"evaluation","seconds":0.242492413}
TETHYS_QUALIFICATION_V1 {"deadline_seconds":60.0,"event":"start","phase":"evaluation"}
TETHYS_QUALIFICATION_V1 {"deadline_seconds":60.0,"event":"end","phase":"evaluation","seconds":0.317815651}
TETHYS_QUALIFICATION_V1 {"deadline_seconds":60.0,"event":"start","phase":"evaluation"}
TETHYS_QUALIFICATION_V1 {"deadline_seconds":60.0,"event":"end","phase":"evaluation","seconds":0.362086774}
TETHYS_QUALIFICATION_V1 {"deadline_seconds":60.0,"event":"start","phase":"evaluation"}
TETHYS_QUALIFICATION_V1 {"deadline_seconds":60.0,"event":"end","phase":"evaluation","seconds":0.360886417}
TETHYS_QUALIFICATION_V1 {"deadline_seconds":60.0,"event":"start","phase":"restore"}
TETHYS_QUALIFICATION_V1 {"deadline_seconds":60.0,"event":"end","phase":"restore","seconds":1.716577322}
TETHYS_QUALIFICATION_V1 {"deadline_seconds":60.0,"event":"start","phase":"evaluation"}
TETHYS_QUALIFICATION_V1 {"deadline_seconds":60.0,"event":"end","phase":"evaluation","seconds":0.314759906}
TETHYS_QUALIFICATION_V1 {"deadline_seconds":60.0,"event":"start","phase":"evaluation"}
TETHYS_QUALIFICATION_V1 {"deadline_seconds":60.0,"event":"end","phase":"evaluation","seconds":0.328898314}
TETHYS_QUALIFICATION_V1 {"deadline_seconds":60.0,"event":"start","phase":"evaluation"}
TETHYS_QUALIFICATION_V1 {"deadline_seconds":60.0,"event":"end","phase":"evaluation","seconds":0.371678355}
TETHYS_QUALIFICATION_V1 {"deadline_seconds":60.0,"event":"start","phase":"evaluation"}
TETHYS_QUALIFICATION_V1 {"deadline_seconds":60.0,"event":"end","phase":"evaluation","seconds":0.390239117}
TETHYS_QUALIFICATION_V1 {"deadline_seconds":60.0,"event":"start","phase":"evaluation"}
TETHYS_QUALIFICATION_V1 {"deadline_seconds":60.0,"event":"end","phase":"evaluation","seconds":0.378836711}
TETHYS_QUALIFICATION_V1 {"deadline_seconds":60.0,"event":"start","phase":"evaluation"}
TETHYS_QUALIFICATION_V1 {"deadline_seconds":60.0,"event":"end","phase":"evaluation","seconds":0.355172325}
TETHYS_QUALIFICATION_V1 {"deadline_seconds":60.0,"event":"start","phase":"evaluation"}
TETHYS_QUALIFICATION_V1 {"deadline_seconds":60.0,"event":"end","phase":"evaluation","seconds":0.333258892}
TETHYS_QUALIFICATION_V1 {"deadline_seconds":60.0,"event":"start","phase":"evaluation"}
TETHYS_QUALIFICATION_V1 {"deadline_seconds":60.0,"event":"end","phase":"evaluation","seconds":0.368948113}
TETHYS_QUALIFICATION_V1 {"deadline_seconds":60.0,"event":"start","phase":"restore"}
TETHYS_QUALIFICATION_V1 {"deadline_seconds":60.0,"event":"end","phase":"restore","seconds":1.445991608}
TETHYS_QUALIFICATION_V1 {"deadline_seconds":60.0,"event":"start","phase":"evaluation"}
TETHYS_QUALIFICATION_V1 {"deadline_seconds":60.0,"event":"end","phase":"evaluation","seconds":0.36236092}
TETHYS_QUALIFICATION_V1 {"deadline_seconds":60.0,"event":"start","phase":"restore"}
TETHYS_QUALIFICATION_V1 {"deadline_seconds":60.0,"event":"end","phase":"restore","seconds":1.555589457}
TETHYS_QUALIFICATION_V1 {"deadline_seconds":60.0,"event":"start","phase":"evaluation"}
TETHYS_QUALIFICATION_V1 {"deadline_seconds":60.0,"event":"end","phase":"evaluation","seconds":0.347768778}
TETHYS_QUALIFICATION_V1 {"deadline_seconds":60.0,"event":"start","phase":"restore"}
TETHYS_QUALIFICATION_V1 {"deadline_seconds":60.0,"event":"end","phase":"restore","seconds":1.383169391}
TETHYS_QUALIFICATION_V1 {"deadline_seconds":60.0,"event":"start","phase":"evaluation"}
TETHYS_QUALIFICATION_V1 {"deadline_seconds":60.0,"event":"end","phase":"evaluation","seconds":0.327442177}
TETHYS_QUALIFICATION_V1 {"deadline_seconds":60.0,"event":"start","phase":"restore"}
TETHYS_QUALIFICATION_V1 {"deadline_seconds":60.0,"event":"end","phase":"restore","seconds":2.882677343}
TETHYS_QUALIFICATION_V1 {"deadline_seconds":60.0,"event":"start","phase":"evaluation"}
TETHYS_QUALIFICATION_V1 {"deadline_seconds":60.0,"event":"end","phase":"evaluation","seconds":0.337751658}
TETHYS_QUALIFICATION_V1 {"deadline_seconds":60.0,"event":"start","phase":"evaluation"}
TETHYS_QUALIFICATION_V1 {"deadline_seconds":60.0,"event":"end","phase":"evaluation","seconds":0.342865791}
TETHYS_QUALIFICATION_V1 {"deadline_seconds":60.0,"event":"start","phase":"evaluation"}
TETHYS_QUALIFICATION_V1 {"deadline_seconds":60.0,"event":"end","phase":"evaluation","seconds":0.327511086}
TETHYS_QUALIFICATION_V1 {"deadline_seconds":60.0,"event":"start","phase":"evaluation"}
TETHYS_QUALIFICATION_V1 {"deadline_seconds":60.0,"event":"end","phase":"evaluation","seconds":0.356735264}
TETHYS_QUALIFICATION_V1 {"deadline_seconds":60.0,"event":"start","phase":"restore"}
TETHYS_QUALIFICATION_V1 {"deadline_seconds":60.0,"event":"end","phase":"restore","seconds":2.4281956989999998}
TETHYS_QUALIFICATION_V1 {"deadline_seconds":60.0,"event":"start","phase":"evaluation"}
TETHYS_QUALIFICATION_V1 {"deadline_seconds":60.0,"event":"end","phase":"evaluation","seconds":0.326121003}
TETHYS_QUALIFICATION_V1 {"deadline_seconds":60.0,"event":"start","phase":"evaluation"}
TETHYS_QUALIFICATION_V1 {"deadline_seconds":60.0,"event":"end","phase":"evaluation","seconds":0.326338392}
TETHYS_QUALIFICATION_V1 {"deadline_seconds":60.0,"event":"start","phase":"restore"}
TETHYS_QUALIFICATION_V1 {"deadline_seconds":60.0,"event":"end","phase":"restore","seconds":1.545853385}
TETHYS_QUALIFICATION_V1 {"deadline_seconds":60.0,"event":"start","phase":"evaluation"}
TETHYS_QUALIFICATION_V1 {"deadline_seconds":60.0,"event":"end","phase":"evaluation","seconds":0.298356009}
TETHYS_QUALIFICATION_V1 {"deadline_seconds":60.0,"event":"start","phase":"evaluation"}
TETHYS_QUALIFICATION_V1 {"deadline_seconds":60.0,"event":"end","phase":"evaluation","seconds":0.303879893}
TETHYS_QUALIFICATION_V1 {"deadline_seconds":60.0,"event":"start","phase":"evaluation"}
TETHYS_QUALIFICATION_V1 {"deadline_seconds":60.0,"event":"end","phase":"evaluation","seconds":0.419954277}
TETHYS_QUALIFICATION_V1 {"deadline_seconds":60.0,"event":"start","phase":"evaluation"}
TETHYS_QUALIFICATION_V1 {"deadline_seconds":60.0,"event":"end","phase":"evaluation","seconds":0.426488531}
TETHYS_QUALIFICATION_V1 {"deadline_seconds":60.0,"event":"start","phase":"evaluation"}
TETHYS_QUALIFICATION_V1 {"deadline_seconds":60.0,"event":"end","phase":"evaluation","seconds":0.372462169}
TETHYS_QUALIFICATION_V1 {"deadline_seconds":60.0,"event":"start","phase":"evaluation"}
TETHYS_QUALIFICATION_V1 {"deadline_seconds":60.0,"event":"end","phase":"evaluation","seconds":0.376908617}
TETHYS_QUALIFICATION_V1 {"deadline_seconds":60.0,"event":"start","phase":"evaluation"}
TETHYS_QUALIFICATION_V1 {"deadline_seconds":60.0,"event":"end","phase":"evaluation","seconds":0.351634035}
TETHYS_QUALIFICATION_V1 {"deadline_seconds":60.0,"event":"start","phase":"evaluation"}
TETHYS_QUALIFICATION_V1 {"deadline_seconds":60.0,"event":"end","phase":"evaluation","seconds":0.326442007}
TETHYS_QUALIFICATION_V1 {"deadline_seconds":60.0,"event":"start","phase":"evaluation"}
TETHYS_QUALIFICATION_V1 {"deadline_seconds":60.0,"event":"end","phase":"evaluation","seconds":0.355092325}
TETHYS_QUALIFICATION_V1 {"deadline_seconds":60.0,"event":"start","phase":"evaluation"}
TETHYS_QUALIFICATION_V1 {"deadline_seconds":60.0,"event":"end","phase":"evaluation","seconds":0.346855502}
TETHYS_QUALIFICATION_V1 {"deadline_seconds":60.0,"event":"start","phase":"evaluation"}
TETHYS_QUALIFICATION_V1 {"deadline_seconds":60.0,"event":"end","phase":"evaluation","seconds":0.344029188}
TETHYS_QUALIFICATION_V1 {"deadline_seconds":60.0,"event":"start","phase":"evaluation"}
TETHYS_QUALIFICATION_V1 {"deadline_seconds":60.0,"event":"end","phase":"evaluation","seconds":0.371639742}
TETHYS_QUALIFICATION_V1 {"deadline_seconds":60.0,"event":"start","phase":"evaluation"}
TETHYS_QUALIFICATION_V1 {"deadline_seconds":60.0,"event":"end","phase":"evaluation","seconds":0.334735157}
TETHYS_QUALIFICATION_V1 {"deadline_seconds":60.0,"event":"start","phase":"evaluation"}
TETHYS_QUALIFICATION_V1 {"deadline_seconds":60.0,"event":"end","phase":"evaluation","seconds":0.312462257}
TETHYS_QUALIFICATION_V1 {"deadline_seconds":60.0,"event":"start","phase":"evaluation"}
TETHYS_QUALIFICATION_V1 {"deadline_seconds":60.0,"event":"end","phase":"evaluation","seconds":0.318865344}
TETHYS_QUALIFICATION_V1 {"deadline_seconds":60.0,"event":"start","phase":"evaluation"}
TETHYS_QUALIFICATION_V1 {"deadline_seconds":60.0,"event":"end","phase":"evaluation","seconds":0.366076263}
TETHYS_QUALIFICATION_V1 {"deadline_seconds":60.0,"event":"start","phase":"evaluation"}
TETHYS_QUALIFICATION_V1 {"deadline_seconds":60.0,"event":"end","phase":"evaluation","seconds":0.314989788}
TETHYS_QUALIFICATION_V1 {"deadline_seconds":60.0,"event":"start","phase":"evaluation"}
TETHYS_QUALIFICATION_V1 {"deadline_seconds":60.0,"event":"end","phase":"evaluation","seconds":0.324115273}
TETHYS_QUALIFICATION_V1 {"deadline_seconds":60.0,"event":"start","phase":"evaluation"}
TETHYS_QUALIFICATION_V1 {"deadline_seconds":60.0,"event":"end","phase":"evaluation","seconds":0.344965488}
TETHYS_QUALIFICATION_V1 {"deadline_seconds":60.0,"event":"start","phase":"evaluation"}
TETHYS_QUALIFICATION_V1 {"deadline_seconds":60.0,"event":"end","phase":"evaluation","seconds":0.339014972}
TETHYS_QUALIFICATION_V1 {"deadline_seconds":60.0,"event":"start","phase":"evaluation"}
TETHYS_QUALIFICATION_V1 {"deadline_seconds":60.0,"event":"end","phase":"evaluation","seconds":0.396946345}
TETHYS_QUALIFICATION_V1 {"deadline_seconds":60.0,"event":"start","phase":"evaluation"}
TETHYS_QUALIFICATION_V1 {"deadline_seconds":60.0,"event":"end","phase":"evaluation","seconds":0.343363517}
TETHYS_QUALIFICATION_V1 {"deadline_seconds":60.0,"event":"start","phase":"evaluation"}
TETHYS_QUALIFICATION_V1 {"deadline_seconds":60.0,"event":"end","phase":"evaluation","seconds":0.349034047}
TETHYS_QUALIFICATION_V1 {"deadline_seconds":60.0,"event":"start","phase":"evaluation"}
TETHYS_QUALIFICATION_V1 {"deadline_seconds":60.0,"event":"end","phase":"evaluation","seconds":0.397239467}
TETHYS_QUALIFICATION_V1 {"deadline_seconds":60.0,"event":"start","phase":"evaluation"}
TETHYS_QUALIFICATION_V1 {"deadline_seconds":60.0,"event":"end","phase":"evaluation","seconds":0.316390061}
TETHYS_QUALIFICATION_V1 {"deadline_seconds":60.0,"event":"start","phase":"restore"}
TETHYS_QUALIFICATION_V1 {"deadline_seconds":60.0,"event":"end","phase":"restore","seconds":1.2388731339999999}
TETHYS_QUALIFICATION_V1 {"deadline_seconds":60.0,"event":"start","phase":"evaluation"}
TETHYS_QUALIFICATION_V1 {"deadline_seconds":60.0,"event":"end","phase":"evaluation","seconds":0.319375794}
TETHYS_QUALIFICATION_V1 {"deadline_seconds":60.0,"event":"start","phase":"evaluation"}
TETHYS_QUALIFICATION_V1 {"deadline_seconds":60.0,"event":"end","phase":"evaluation","seconds":0.355883082}
TETHYS_QUALIFICATION_V1 {"deadline_seconds":60.0,"event":"start","phase":"evaluation"}
TETHYS_QUALIFICATION_V1 {"deadline_seconds":60.0,"event":"end","phase":"evaluation","seconds":0.369344157}
TETHYS_QUALIFICATION_V1 {"deadline_seconds":60.0,"event":"start","phase":"restore"}
TETHYS_QUALIFICATION_V1 {"deadline_seconds":60.0,"event":"end","phase":"restore","seconds":1.250295827}
TETHYS_QUALIFICATION_V1 {"deadline_seconds":60.0,"event":"start","phase":"evaluation"}
TETHYS_QUALIFICATION_V1 {"deadline_seconds":60.0,"event":"end","phase":"evaluation","seconds":0.346321267}
TETHYS_QUALIFICATION_V1 {"deadline_seconds":60.0,"event":"start","phase":"evaluation"}
TETHYS_QUALIFICATION_V1 {"deadline_seconds":60.0,"event":"end","phase":"evaluation","seconds":0.357987509}
TETHYS_QUALIFICATION_V1 {"deadline_seconds":60.0,"event":"start","phase":"evaluation"}
TETHYS_QUALIFICATION_V1 {"deadline_seconds":60.0,"event":"end","phase":"evaluation","seconds":0.360868394}
TETHYS_QUALIFICATION_V1 {"deadline_seconds":60.0,"event":"start","phase":"evaluation"}
TETHYS_QUALIFICATION_V1 {"deadline_seconds":60.0,"event":"end","phase":"evaluation","seconds":0.353459817}
TETHYS_QUALIFICATION_V1 {"deadline_seconds":60.0,"event":"start","phase":"evaluation"}
TETHYS_QUALIFICATION_V1 {"deadline_seconds":60.0,"event":"end","phase":"evaluation","seconds":0.371795676}
TETHYS_QUALIFICATION_V1 {"deadline_seconds":60.0,"event":"start","phase":"evaluation"}
TETHYS_QUALIFICATION_V1 {"deadline_seconds":60.0,"event":"end","phase":"evaluation","seconds":0.410770534}
TETHYS_QUALIFICATION_V1 {"deadline_seconds":60.0,"event":"start","phase":"evaluation"}
TETHYS_QUALIFICATION_V1 {"deadline_seconds":60.0,"event":"end","phase":"evaluation","seconds":0.283576014}
TETHYS_QUALIFICATION_V1 {"deadline_seconds":60.0,"event":"start","phase":"restore"}
TETHYS_QUALIFICATION_V1 {"deadline_seconds":60.0,"event":"end","phase":"restore","seconds":1.8471165699999998}
TETHYS_QUALIFICATION_V1 {"deadline_seconds":60.0,"event":"start","phase":"evaluation"}
TETHYS_QUALIFICATION_V1 {"deadline_seconds":60.0,"event":"end","phase":"evaluation","seconds":0.351302321}
TETHYS_QUALIFICATION_V1 {"deadline_seconds":60.0,"event":"start","phase":"evaluation"}
TETHYS_QUALIFICATION_V1 {"deadline_seconds":60.0,"event":"end","phase":"evaluation","seconds":0.357433056}
TETHYS_QUALIFICATION_V1 {"deadline_seconds":60.0,"event":"start","phase":"evaluation"}
TETHYS_QUALIFICATION_V1 {"deadline_seconds":60.0,"event":"end","phase":"evaluation","seconds":0.357402759}
TETHYS_QUALIFICATION_V1 {"deadline_seconds":60.0,"event":"start","phase":"evaluation"}
TETHYS_QUALIFICATION_V1 {"deadline_seconds":60.0,"event":"end","phase":"evaluation","seconds":0.349089551}
TETHYS_QUALIFICATION_V1 {"deadline_seconds":60.0,"event":"start","phase":"evaluation"}
TETHYS_QUALIFICATION_V1 {"deadline_seconds":60.0,"event":"end","phase":"evaluation","seconds":0.346972662}
TETHYS_QUALIFICATION_V1 {"deadline_seconds":60.0,"event":"start","phase":"evaluation"}
TETHYS_QUALIFICATION_V1 {"deadline_seconds":60.0,"event":"end","phase":"evaluation","seconds":0.402988254}
TETHYS_QUALIFICATION_V1 {"deadline_seconds":60.0,"event":"start","phase":"evaluation"}
TETHYS_QUALIFICATION_V1 {"deadline_seconds":60.0,"event":"end","phase":"evaluation","seconds":0.369072547}
TETHYS_QUALIFICATION_V1 {"deadline_seconds":60.0,"event":"start","phase":"restore"}
TETHYS_QUALIFICATION_V1 {"deadline_seconds":60.0,"event":"end","phase":"restore","seconds":2.713925915}
TETHYS_QUALIFICATION_V1 {"deadline_seconds":60.0,"event":"start","phase":"evaluation"}
TETHYS_QUALIFICATION_V1 {"deadline_seconds":60.0,"event":"end","phase":"evaluation","seconds":0.305701617}
TETHYS_QUALIFICATION_V1 {"deadline_seconds":60.0,"event":"start","phase":"evaluation"}
TETHYS_QUALIFICATION_V1 {"deadline_seconds":60.0,"event":"end","phase":"evaluation","seconds":0.262562101}
TETHYS_QUALIFICATION_V1 {"deadline_seconds":60.0,"event":"start","phase":"evaluation"}
TETHYS_QUALIFICATION_V1 {"deadline_seconds":60.0,"event":"end","phase":"evaluation","seconds":0.229846371}
TETHYS_QUALIFICATION_V1 {"deadline_seconds":60.0,"event":"start","phase":"evaluation"}
TETHYS_QUALIFICATION_V1 {"deadline_seconds":60.0,"event":"end","phase":"evaluation","seconds":0.303749478}
TETHYS_QUALIFICATION_V1 {"deadline_seconds":60.0,"event":"start","phase":"restore"}
TETHYS_QUALIFICATION_V1 {"deadline_seconds":60.0,"event":"end","phase":"restore","seconds":2.8821637300000003}
TETHYS_QUALIFICATION_V1 {"deadline_seconds":60.0,"event":"start","phase":"evaluation"}
TETHYS_QUALIFICATION_V1 {"deadline_seconds":60.0,"event":"end","phase":"evaluation","seconds":0.315088213}
TETHYS_QUALIFICATION_V1 {"deadline_seconds":60.0,"event":"start","phase":"evaluation"}
TETHYS_QUALIFICATION_V1 {"deadline_seconds":60.0,"event":"end","phase":"evaluation","seconds":0.301151905}
TETHYS_QUALIFICATION_V1 {"deadline_seconds":60.0,"event":"start","phase":"restore"}
TETHYS_QUALIFICATION_V1 {"deadline_seconds":60.0,"event":"end","phase":"restore","seconds":3.039867222}
TETHYS_QUALIFICATION_V1 {"deadline_seconds":60.0,"event":"start","phase":"evaluation"}
TETHYS_QUALIFICATION_V1 {"deadline_seconds":60.0,"event":"end","phase":"evaluation","seconds":0.325440454}
TETHYS_QUALIFICATION_V1 {"deadline_seconds":60.0,"event":"start","phase":"evaluation"}
TETHYS_QUALIFICATION_V1 {"deadline_seconds":60.0,"event":"end","phase":"evaluation","seconds":0.330190734}
TETHYS_QUALIFICATION_V1 {"deadline_seconds":60.0,"event":"start","phase":"restore"}
TETHYS_QUALIFICATION_V1 {"deadline_seconds":60.0,"event":"end","phase":"restore","seconds":1.26350523}
TETHYS_QUALIFICATION_V1 {"deadline_seconds":60.0,"event":"start","phase":"evaluation"}
TETHYS_QUALIFICATION_V1 {"deadline_seconds":60.0,"event":"end","phase":"evaluation","seconds":0.270564114}
TETHYS_QUALIFICATION_V1 {"deadline_seconds":60.0,"event":"start","phase":"evaluation"}
TETHYS_QUALIFICATION_V1 {"deadline_seconds":60.0,"event":"end","phase":"evaluation","seconds":0.301490772}
TETHYS_QUALIFICATION_V1 {"deadline_seconds":60.0,"event":"start","phase":"evaluation"}
TETHYS_QUALIFICATION_V1 {"deadline_seconds":60.0,"event":"end","phase":"evaluation","seconds":0.413142953}
TETHYS_QUALIFICATION_V1 {"deadline_seconds":60.0,"event":"start","phase":"restore"}
TETHYS_QUALIFICATION_V1 {"deadline_seconds":60.0,"event":"end","phase":"restore","seconds":0.759780014}
TETHYS_QUALIFICATION_V1 {"deadline_seconds":60.0,"event":"start","phase":"evaluation"}
TETHYS_QUALIFICATION_V1 {"deadline_seconds":60.0,"event":"end","phase":"evaluation","seconds":0.380517772}
TETHYS_QUALIFICATION_V1 {"deadline_seconds":60.0,"event":"start","phase":"evaluation"}
TETHYS_QUALIFICATION_V1 {"deadline_seconds":60.0,"event":"end","phase":"evaluation","seconds":0.407109201}
TETHYS_QUALIFICATION_V1 {"deadline_seconds":60.0,"event":"start","phase":"restore"}
TETHYS_QUALIFICATION_V1 {"deadline_seconds":60.0,"event":"end","phase":"restore","seconds":0.694373419}
TETHYS_QUALIFICATION_V1 {"deadline_seconds":60.0,"event":"start","phase":"evaluation"}
TETHYS_QUALIFICATION_V1 {"deadline_seconds":60.0,"event":"end","phase":"evaluation","seconds":0.405162621}
TETHYS_QUALIFICATION_V1 {"deadline_seconds":60.0,"event":"start","phase":"evaluation"}
TETHYS_QUALIFICATION_V1 {"deadline_seconds":60.0,"event":"end","phase":"evaluation","seconds":0.46387911}
TETHYS_QUALIFICATION_V1 {"deadline_seconds":60.0,"event":"start","phase":"evaluation"}
TETHYS_QUALIFICATION_V1 {"deadline_seconds":60.0,"event":"end","phase":"evaluation","seconds":0.435001164}
TETHYS_QUALIFICATION_V1 {"deadline_seconds":60.0,"event":"start","phase":"evaluation"}
TETHYS_QUALIFICATION_V1 {"deadline_seconds":60.0,"event":"end","phase":"evaluation","seconds":0.312457719}
TETHYS_QUALIFICATION_V1 {"deadline_seconds":60.0,"event":"start","phase":"evaluation"}
TETHYS_QUALIFICATION_V1 {"deadline_seconds":60.0,"event":"end","phase":"evaluation","seconds":0.306496392}
TETHYS_QUALIFICATION_V1 {"deadline_seconds":60.0,"event":"start","phase":"evaluation"}
TETHYS_QUALIFICATION_V1 {"deadline_seconds":60.0,"event":"end","phase":"evaluation","seconds":0.262911017}
TETHYS_QUALIFICATION_V1 {"deadline_seconds":60.0,"event":"start","phase":"evaluation"}
TETHYS_QUALIFICATION_V1 {"deadline_seconds":60.0,"event":"end","phase":"evaluation","seconds":0.265631511}
TETHYS_QUALIFICATION_V1 {"deadline_seconds":60.0,"event":"start","phase":"evaluation"}
TETHYS_QUALIFICATION_V1 {"deadline_seconds":60.0,"event":"end","phase":"evaluation","seconds":0.320917882}
TETHYS_QUALIFICATION_V1 {"deadline_seconds":60.0,"event":"start","phase":"restore"}
TETHYS_QUALIFICATION_V1 {"deadline_seconds":60.0,"event":"end","phase":"restore","seconds":1.081647983}
TETHYS_QUALIFICATION_V1 {"deadline_seconds":60.0,"event":"start","phase":"evaluation"}
TETHYS_QUALIFICATION_V1 {"deadline_seconds":60.0,"event":"end","phase":"evaluation","seconds":0.318525194}
TETHYS_QUALIFICATION_V1 {"deadline_seconds":60.0,"event":"start","phase":"evaluation"}
TETHYS_QUALIFICATION_V1 {"deadline_seconds":60.0,"event":"end","phase":"evaluation","seconds":0.333332841}
TETHYS_QUALIFICATION_V1 {"deadline_seconds":60.0,"event":"start","phase":"restore"}
TETHYS_QUALIFICATION_V1 {"deadline_seconds":60.0,"event":"end","phase":"restore","seconds":1.1984656949999999}
TETHYS_QUALIFICATION_V1 {"deadline_seconds":60.0,"event":"start","phase":"evaluation"}
TETHYS_QUALIFICATION_V1 {"deadline_seconds":60.0,"event":"end","phase":"evaluation","seconds":0.412268229}
TETHYS_QUALIFICATION_V1 {"deadline_seconds":60.0,"event":"start","phase":"evaluation"}
TETHYS_QUALIFICATION_V1 {"deadline_seconds":60.0,"event":"end","phase":"evaluation","seconds":0.380301687}
TETHYS_QUALIFICATION_V1 {"deadline_seconds":60.0,"event":"start","phase":"evaluation"}
TETHYS_QUALIFICATION_V1 {"deadline_seconds":60.0,"event":"end","phase":"evaluation","seconds":0.416473314}
TETHYS_QUALIFICATION_V1 {"deadline_seconds":60.0,"event":"start","phase":"evaluation"}
TETHYS_QUALIFICATION_V1 {"deadline_seconds":60.0,"event":"end","phase":"evaluation","seconds":0.270779539}
TETHYS_QUALIFICATION_V1 {"deadline_seconds":60.0,"event":"start","phase":"evaluation"}
TETHYS_QUALIFICATION_V1 {"deadline_seconds":60.0,"event":"end","phase":"evaluation","seconds":0.251391733}
TETHYS_QUALIFICATION_V1 {"deadline_seconds":60.0,"event":"start","phase":"evaluation"}
TETHYS_QUALIFICATION_V1 {"deadline_seconds":60.0,"event":"end","phase":"evaluation","seconds":0.387360977}
TETHYS_QUALIFICATION_V1 {"deadline_seconds":60.0,"event":"start","phase":"restore"}
TETHYS_QUALIFICATION_V1 {"deadline_seconds":60.0,"event":"end","phase":"restore","seconds":0.933489986}
TETHYS_QUALIFICATION_V1 {"deadline_seconds":60.0,"event":"start","phase":"evaluation"}
TETHYS_QUALIFICATION_V1 {"deadline_seconds":60.0,"event":"end","phase":"evaluation","seconds":0.344284498}
TETHYS_QUALIFICATION_V1 {"deadline_seconds":60.0,"event":"start","phase":"evaluation"}
TETHYS_QUALIFICATION_V1 {"deadline_seconds":60.0,"event":"end","phase":"evaluation","seconds":0.348781342}
TETHYS_QUALIFICATION_V1 {"deadline_seconds":60.0,"event":"start","phase":"restore"}
TETHYS_QUALIFICATION_V1 {"deadline_seconds":60.0,"event":"end","phase":"restore","seconds":0.94541868}
TETHYS_QUALIFICATION_V1 {"deadline_seconds":60.0,"event":"start","phase":"evaluation"}
TETHYS_QUALIFICATION_V1 {"deadline_seconds":60.0,"event":"end","phase":"evaluation","seconds":0.388888078}
TETHYS_QUALIFICATION_V1 {"deadline_seconds":60.0,"event":"start","phase":"evaluation"}
TETHYS_QUALIFICATION_V1 {"deadline_seconds":60.0,"event":"end","phase":"evaluation","seconds":0.360567729}
TETHYS_QUALIFICATION_V1 {"deadline_seconds":60.0,"event":"start","phase":"evaluation"}
TETHYS_QUALIFICATION_V1 {"deadline_seconds":60.0,"event":"end","phase":"evaluation","seconds":0.400678942}
TETHYS_QUALIFICATION_V1 {"deadline_seconds":60.0,"event":"start","phase":"evaluation"}
TETHYS_QUALIFICATION_V1 {"deadline_seconds":60.0,"event":"end","phase":"evaluation","seconds":0.279768838}
TETHYS_QUALIFICATION_V1 {"deadline_seconds":60.0,"event":"start","phase":"evaluation"}
TETHYS_QUALIFICATION_V1 {"deadline_seconds":60.0,"event":"end","phase":"evaluation","seconds":0.240693782}
TETHYS_QUALIFICATION_V1 {"deadline_seconds":60.0,"event":"start","phase":"evaluation"}
TETHYS_QUALIFICATION_V1 {"deadline_seconds":60.0,"event":"end","phase":"evaluation","seconds":0.343265203}
TETHYS_QUALIFICATION_V1 {"deadline_seconds":60.0,"event":"start","phase":"evaluation"}
TETHYS_QUALIFICATION_V1 {"deadline_seconds":60.0,"event":"end","phase":"evaluation","seconds":0.347550097}
TETHYS_QUALIFICATION_V1 {"deadline_seconds":60.0,"event":"start","phase":"evaluation"}
TETHYS_QUALIFICATION_V1 {"deadline_seconds":60.0,"event":"end","phase":"evaluation","seconds":0.33024696}
TETHYS_QUALIFICATION_V1 {"deadline_seconds":60.0,"event":"start","phase":"restore"}
TETHYS_QUALIFICATION_V1 {"deadline_seconds":60.0,"event":"end","phase":"restore","seconds":1.219439774}
TETHYS_QUALIFICATION_V1 {"deadline_seconds":60.0,"event":"start","phase":"evaluation"}
TETHYS_QUALIFICATION_V1 {"deadline_seconds":60.0,"event":"end","phase":"evaluation","seconds":0.333486049}
TETHYS_QUALIFICATION_V1 {"deadline_seconds":60.0,"event":"start","phase":"evaluation"}
TETHYS_QUALIFICATION_V1 {"deadline_seconds":60.0,"event":"end","phase":"evaluation","seconds":0.352968964}
TETHYS_QUALIFICATION_V1 {"deadline_seconds":60.0,"event":"start","phase":"evaluation"}
TETHYS_QUALIFICATION_V1 {"deadline_seconds":60.0,"event":"end","phase":"evaluation","seconds":0.327643867}
TETHYS_QUALIFICATION_V1 {"deadline_seconds":60.0,"event":"start","phase":"evaluation"}
TETHYS_QUALIFICATION_V1 {"deadline_seconds":60.0,"event":"end","phase":"evaluation","seconds":0.272183979}
TETHYS_QUALIFICATION_V1 {"deadline_seconds":60.0,"event":"start","phase":"evaluation"}
TETHYS_QUALIFICATION_V1 {"deadline_seconds":60.0,"event":"end","phase":"evaluation","seconds":0.2563904}
TETHYS_QUALIFICATION_V1 {"deadline_seconds":60.0,"event":"start","phase":"evaluation"}
TETHYS_QUALIFICATION_V1 {"deadline_seconds":60.0,"event":"end","phase":"evaluation","seconds":0.330260145}
TETHYS_QUALIFICATION_V1 {"deadline_seconds":60.0,"event":"start","phase":"restore"}
TETHYS_QUALIFICATION_V1 {"deadline_seconds":60.0,"event":"end","phase":"restore","seconds":2.775999718}
TETHYS_QUALIFICATION_V1 {"deadline_seconds":60.0,"event":"start","phase":"evaluation"}
TETHYS_QUALIFICATION_V1 {"deadline_seconds":60.0,"event":"end","phase":"evaluation","seconds":0.377295355}
TETHYS_QUALIFICATION_V1 {"deadline_seconds":60.0,"event":"start","phase":"evaluation"}
TETHYS_QUALIFICATION_V1 {"deadline_seconds":60.0,"event":"end","phase":"evaluation","seconds":0.337429112}
TETHYS_QUALIFICATION_V1 {"deadline_seconds":60.0,"event":"start","phase":"restore"}
TETHYS_QUALIFICATION_V1 {"deadline_seconds":60.0,"event":"end","phase":"restore","seconds":2.488116987}
TETHYS_QUALIFICATION_V1 {"deadline_seconds":60.0,"event":"start","phase":"evaluation"}
TETHYS_QUALIFICATION_V1 {"deadline_seconds":60.0,"event":"end","phase":"evaluation","seconds":0.343132383}
TETHYS_QUALIFICATION_V1 {"deadline_seconds":60.0,"event":"start","phase":"evaluation"}
TETHYS_QUALIFICATION_V1 {"deadline_seconds":60.0,"event":"end","phase":"evaluation","seconds":0.350772956}
TETHYS_QUALIFICATION_V1 {"deadline_seconds":60.0,"event":"start","phase":"evaluation"}
TETHYS_QUALIFICATION_V1 {"deadline_seconds":60.0,"event":"end","phase":"evaluation","seconds":0.370460847}
TETHYS_QUALIFICATION_V1 {"deadline_seconds":60.0,"event":"start","phase":"evaluation"}
TETHYS_QUALIFICATION_V1 {"deadline_seconds":60.0,"event":"end","phase":"evaluation","seconds":0.29405824}
TETHYS_QUALIFICATION_V1 {"deadline_seconds":60.0,"event":"start","phase":"evaluation"}
TETHYS_QUALIFICATION_V1 {"deadline_seconds":60.0,"event":"end","phase":"evaluation","seconds":0.286405414}
TETHYS_QUALIFICATION_V1 {"deadline_seconds":60.0,"event":"start","phase":"evaluation"}
TETHYS_QUALIFICATION_V1 {"deadline_seconds":60.0,"event":"end","phase":"evaluation","seconds":0.375397547}
TETHYS_QUALIFICATION_V1 {"deadline_seconds":60.0,"event":"start","phase":"evaluation"}
TETHYS_QUALIFICATION_V1 {"deadline_seconds":60.0,"event":"end","phase":"evaluation","seconds":0.36661085}
TETHYS_QUALIFICATION_V1 {"deadline_seconds":60.0,"event":"start","phase":"evaluation"}
TETHYS_QUALIFICATION_V1 {"deadline_seconds":60.0,"event":"end","phase":"evaluation","seconds":0.374051757}
TETHYS_QUALIFICATION_V1 {"deadline_seconds":60.0,"event":"start","phase":"restore"}
TETHYS_QUALIFICATION_V1 {"deadline_seconds":60.0,"event":"end","phase":"restore","seconds":1.6075993419999999}
TETHYS_QUALIFICATION_V1 {"deadline_seconds":60.0,"event":"start","phase":"evaluation"}
TETHYS_QUALIFICATION_V1 {"deadline_seconds":60.0,"event":"end","phase":"evaluation","seconds":0.361053463}
TETHYS_QUALIFICATION_V1 {"deadline_seconds":60.0,"event":"start","phase":"evaluation"}
TETHYS_QUALIFICATION_V1 {"deadline_seconds":60.0,"event":"end","phase":"evaluation","seconds":0.374162675}
TETHYS_QUALIFICATION_V1 {"deadline_seconds":60.0,"event":"start","phase":"evaluation"}
TETHYS_QUALIFICATION_V1 {"deadline_seconds":60.0,"event":"end","phase":"evaluation","seconds":0.366442072}
TETHYS_QUALIFICATION_V1 {"deadline_seconds":60.0,"event":"start","phase":"evaluation"}
TETHYS_QUALIFICATION_V1 {"deadline_seconds":60.0,"event":"end","phase":"evaluation","seconds":0.33011396}
TETHYS_QUALIFICATION_V1 {"deadline_seconds":60.0,"event":"start","phase":"evaluation"}
TETHYS_QUALIFICATION_V1 {"deadline_seconds":60.0,"event":"end","phase":"evaluation","seconds":0.341034749}
TETHYS_QUALIFICATION_V1 {"deadline_seconds":60.0,"event":"start","phase":"evaluation"}
TETHYS_QUALIFICATION_V1 {"deadline_seconds":60.0,"event":"end","phase":"evaluation","seconds":0.360504741}
TETHYS_QUALIFICATION_V1 {"deadline_seconds":60.0,"event":"start","phase":"restore"}
TETHYS_QUALIFICATION_V1 {"deadline_seconds":60.0,"event":"end","phase":"restore","seconds":1.143927711}
TETHYS_QUALIFICATION_V1 {"deadline_seconds":60.0,"event":"start","phase":"evaluation"}
TETHYS_QUALIFICATION_V1 {"deadline_seconds":60.0,"event":"end","phase":"evaluation","seconds":0.359317018}
TETHYS_QUALIFICATION_V1 {"deadline_seconds":60.0,"event":"start","phase":"evaluation"}
TETHYS_QUALIFICATION_V1 {"deadline_seconds":60.0,"event":"end","phase":"evaluation","seconds":0.391479078}
TETHYS_QUALIFICATION_V1 {"deadline_seconds":60.0,"event":"start","phase":"restore"}
TETHYS_QUALIFICATION_V1 {"deadline_seconds":60.0,"event":"end","phase":"restore","seconds":1.089296362}
TETHYS_QUALIFICATION_V1 {"deadline_seconds":60.0,"event":"start","phase":"evaluation"}
TETHYS_QUALIFICATION_V1 {"deadline_seconds":60.0,"event":"end","phase":"evaluation","seconds":0.324637004}
TETHYS_QUALIFICATION_V1 {"deadline_seconds":60.0,"event":"start","phase":"evaluation"}
TETHYS_QUALIFICATION_V1 {"deadline_seconds":60.0,"event":"end","phase":"evaluation","seconds":0.343424923}
TETHYS_QUALIFICATION_V1 {"deadline_seconds":60.0,"event":"start","phase":"evaluation"}
TETHYS_QUALIFICATION_V1 {"deadline_seconds":60.0,"event":"end","phase":"evaluation","seconds":0.347541612}
TETHYS_QUALIFICATION_V1 {"deadline_seconds":60.0,"event":"start","phase":"evaluation"}
TETHYS_QUALIFICATION_V1 {"deadline_seconds":60.0,"event":"end","phase":"evaluation","seconds":0.296227318}
TETHYS_QUALIFICATION_V1 {"deadline_seconds":60.0,"event":"start","phase":"evaluation"}
TETHYS_QUALIFICATION_V1 {"deadline_seconds":60.0,"event":"end","phase":"evaluation","seconds":0.293486876}
TETHYS_QUALIFICATION_V1 {"deadline_seconds":60.0,"event":"start","phase":"evaluation"}
TETHYS_QUALIFICATION_V1 {"deadline_seconds":60.0,"event":"end","phase":"evaluation","seconds":0.350448737}
TETHYS_QUALIFICATION_V1 {"deadline_seconds":60.0,"event":"start","phase":"evaluation"}
TETHYS_QUALIFICATION_V1 {"deadline_seconds":60.0,"event":"end","phase":"evaluation","seconds":0.351797302}
TETHYS_QUALIFICATION_V1 {"deadline_seconds":60.0,"event":"start","phase":"evaluation"}
TETHYS_QUALIFICATION_V1 {"deadline_seconds":60.0,"event":"end","phase":"evaluation","seconds":0.392697209}
TETHYS_QUALIFICATION_V1 {"deadline_seconds":60.0,"event":"start","phase":"restore"}
TETHYS_QUALIFICATION_V1 {"deadline_seconds":60.0,"event":"end","phase":"restore","seconds":0.963443365}
TETHYS_QUALIFICATION_V1 {"deadline_seconds":60.0,"event":"start","phase":"evaluation"}
TETHYS_QUALIFICATION_V1 {"deadline_seconds":60.0,"event":"end","phase":"evaluation","seconds":0.346977552}
TETHYS_QUALIFICATION_V1 {"deadline_seconds":60.0,"event":"start","phase":"evaluation"}
TETHYS_QUALIFICATION_V1 {"deadline_seconds":60.0,"event":"end","phase":"evaluation","seconds":0.357225126}
TETHYS_QUALIFICATION_V1 {"deadline_seconds":60.0,"event":"start","phase":"evaluation"}
TETHYS_QUALIFICATION_V1 {"deadline_seconds":60.0,"event":"end","phase":"evaluation","seconds":0.353432236}
TETHYS_QUALIFICATION_V1 {"deadline_seconds":60.0,"event":"start","phase":"evaluation"}
TETHYS_QUALIFICATION_V1 {"deadline_seconds":60.0,"event":"end","phase":"evaluation","seconds":0.258662851}
TETHYS_QUALIFICATION_V1 {"deadline_seconds":60.0,"event":"start","phase":"evaluation"}
TETHYS_QUALIFICATION_V1 {"deadline_seconds":60.0,"event":"end","phase":"evaluation","seconds":0.259854702}
TETHYS_QUALIFICATION_V1 {"deadline_seconds":60.0,"event":"start","phase":"evaluation"}
TETHYS_QUALIFICATION_V1 {"deadline_seconds":60.0,"event":"end","phase":"evaluation","seconds":0.320651883}
TETHYS_QUALIFICATION_V1 {"deadline_seconds":60.0,"event":"start","phase":"restore"}
TETHYS_QUALIFICATION_V1 {"deadline_seconds":60.0,"event":"end","phase":"restore","seconds":1.249592998}
TETHYS_QUALIFICATION_V1 {"deadline_seconds":60.0,"event":"start","phase":"evaluation"}
TETHYS_QUALIFICATION_V1 {"deadline_seconds":60.0,"event":"end","phase":"evaluation","seconds":0.382323578}
TETHYS_QUALIFICATION_V1 {"deadline_seconds":60.0,"event":"start","phase":"evaluation"}
TETHYS_QUALIFICATION_V1 {"deadline_seconds":60.0,"event":"end","phase":"evaluation","seconds":0.343913892}
TETHYS_QUALIFICATION_V1 {"deadline_seconds":60.0,"event":"start","phase":"restore"}
TETHYS_QUALIFICATION_V1 {"deadline_seconds":60.0,"event":"end","phase":"restore","seconds":1.34294596}
TETHYS_QUALIFICATION_V1 {"deadline_seconds":60.0,"event":"start","phase":"evaluation"}
TETHYS_QUALIFICATION_V1 {"deadline_seconds":60.0,"event":"end","phase":"evaluation","seconds":0.37744167}
TETHYS_QUALIFICATION_V1 {"deadline_seconds":60.0,"event":"start","phase":"evaluation"}
TETHYS_QUALIFICATION_V1 {"deadline_seconds":60.0,"event":"end","phase":"evaluation","seconds":0.378724491}
TETHYS_QUALIFICATION_V1 {"deadline_seconds":60.0,"event":"start","phase":"evaluation"}
TETHYS_QUALIFICATION_V1 {"deadline_seconds":60.0,"event":"end","phase":"evaluation","seconds":0.338851155}
TETHYS_QUALIFICATION_V1 {"deadline_seconds":60.0,"event":"start","phase":"evaluation"}
TETHYS_QUALIFICATION_V1 {"deadline_seconds":60.0,"event":"end","phase":"evaluation","seconds":0.260380952}
TETHYS_QUALIFICATION_V1 {"deadline_seconds":60.0,"event":"start","phase":"evaluation"}
TETHYS_QUALIFICATION_V1 {"deadline_seconds":60.0,"event":"end","phase":"evaluation","seconds":0.292659942}
TETHYS_QUALIFICATION_V1 {"deadline_seconds":60.0,"event":"start","phase":"evaluation"}
TETHYS_QUALIFICATION_V1 {"deadline_seconds":60.0,"event":"end","phase":"evaluation","seconds":0.332000567}
TETHYS_QUALIFICATION_V1 {"deadline_seconds":60.0,"event":"start","phase":"restore"}
TETHYS_QUALIFICATION_V1 {"deadline_seconds":60.0,"event":"end","phase":"restore","seconds":0.988642696}
TETHYS_QUALIFICATION_V1 {"deadline_seconds":60.0,"event":"start","phase":"evaluation"}
TETHYS_QUALIFICATION_V1 {"deadline_seconds":60.0,"event":"end","phase":"evaluation","seconds":0.341782926}
TETHYS_QUALIFICATION_V1 {"deadline_seconds":60.0,"event":"start","phase":"evaluation"}
TETHYS_QUALIFICATION_V1 {"deadline_seconds":60.0,"event":"end","phase":"evaluation","seconds":0.369204686}
TETHYS_QUALIFICATION_V1 {"deadline_seconds":60.0,"event":"start","phase":"restore"}
TETHYS_QUALIFICATION_V1 {"deadline_seconds":60.0,"event":"end","phase":"restore","seconds":0.980265609}
TETHYS_QUALIFICATION_V1 {"deadline_seconds":60.0,"event":"start","phase":"evaluation"}
TETHYS_QUALIFICATION_V1 {"deadline_seconds":60.0,"event":"end","phase":"evaluation","seconds":0.369254769}
TETHYS_QUALIFICATION_V1 {"deadline_seconds":60.0,"event":"start","phase":"evaluation"}
TETHYS_QUALIFICATION_V1 {"deadline_seconds":60.0,"event":"end","phase":"evaluation","seconds":0.334386321}
TETHYS_QUALIFICATION_V1 {"deadline_seconds":60.0,"event":"start","phase":"evaluation"}
TETHYS_QUALIFICATION_V1 {"deadline_seconds":60.0,"event":"end","phase":"evaluation","seconds":0.376178886}
TETHYS_QUALIFICATION_V1 {"deadline_seconds":60.0,"event":"start","phase":"evaluation"}
TETHYS_QUALIFICATION_V1 {"deadline_seconds":60.0,"event":"end","phase":"evaluation","seconds":0.3624723}
TETHYS_QUALIFICATION_V1 {"deadline_seconds":60.0,"event":"start","phase":"evaluation"}
TETHYS_QUALIFICATION_V1 {"deadline_seconds":60.0,"event":"end","phase":"evaluation","seconds":0.361054024}
TETHYS_QUALIFICATION_V1 {"deadline_seconds":60.0,"event":"start","phase":"evaluation"}
TETHYS_QUALIFICATION_V1 {"deadline_seconds":60.0,"event":"end","phase":"evaluation","seconds":0.257479147}
TETHYS_QUALIFICATION_V1 {"deadline_seconds":60.0,"event":"start","phase":"evaluation"}
TETHYS_QUALIFICATION_V1 {"deadline_seconds":60.0,"event":"end","phase":"evaluation","seconds":0.258068535}
TETHYS_QUALIFICATION_V1 {"deadline_seconds":60.0,"event":"start","phase":"evaluation"}
TETHYS_QUALIFICATION_V1 {"deadline_seconds":60.0,"event":"end","phase":"evaluation","seconds":0.3322733}
TETHYS_QUALIFICATION_V1 {"deadline_seconds":60.0,"event":"start","phase":"restore"}
TETHYS_QUALIFICATION_V1 {"deadline_seconds":60.0,"event":"end","phase":"restore","seconds":1.888435578}
TETHYS_QUALIFICATION_V1 {"deadline_seconds":60.0,"event":"start","phase":"evaluation"}
TETHYS_QUALIFICATION_V1 {"deadline_seconds":60.0,"event":"end","phase":"evaluation","seconds":0.331985048}
TETHYS_QUALIFICATION_V1 {"deadline_seconds":60.0,"event":"start","phase":"evaluation"}
TETHYS_QUALIFICATION_V1 {"deadline_seconds":60.0,"event":"end","phase":"evaluation","seconds":0.327686197}
TETHYS_QUALIFICATION_V1 {"deadline_seconds":60.0,"event":"start","phase":"restore"}
TETHYS_QUALIFICATION_V1 {"deadline_seconds":60.0,"event":"end","phase":"restore","seconds":1.748805903}
TETHYS_QUALIFICATION_V1 {"deadline_seconds":60.0,"event":"start","phase":"evaluation"}
TETHYS_QUALIFICATION_V1 {"deadline_seconds":60.0,"event":"end","phase":"evaluation","seconds":0.338284049}
TETHYS_QUALIFICATION_V1 {"deadline_seconds":60.0,"event":"start","phase":"evaluation"}
TETHYS_QUALIFICATION_V1 {"deadline_seconds":60.0,"event":"end","phase":"evaluation","seconds":0.33520439}
TETHYS_QUALIFICATION_V1 {"deadline_seconds":60.0,"event":"start","phase":"evaluation"}
TETHYS_QUALIFICATION_V1 {"deadline_seconds":60.0,"event":"end","phase":"evaluation","seconds":0.304605418}
TETHYS_QUALIFICATION_V1 {"deadline_seconds":60.0,"event":"start","phase":"evaluation"}
TETHYS_QUALIFICATION_V1 {"deadline_seconds":60.0,"event":"end","phase":"evaluation","seconds":0.260652703}
TETHYS_QUALIFICATION_V1 {"deadline_seconds":60.0,"event":"start","phase":"evaluation"}
TETHYS_QUALIFICATION_V1 {"deadline_seconds":60.0,"event":"end","phase":"evaluation","seconds":0.245249547}
TETHYS_QUALIFICATION_V1 {"deadline_seconds":60.0,"event":"start","phase":"evaluation"}
TETHYS_QUALIFICATION_V1 {"deadline_seconds":60.0,"event":"end","phase":"evaluation","seconds":0.322174485}
TETHYS_QUALIFICATION_V1 {"deadline_seconds":60.0,"event":"start","phase":"restore"}
TETHYS_QUALIFICATION_V1 {"deadline_seconds":60.0,"event":"end","phase":"restore","seconds":0.996595507}
TETHYS_QUALIFICATION_V1 {"deadline_seconds":60.0,"event":"start","phase":"evaluation"}
TETHYS_QUALIFICATION_V1 {"deadline_seconds":60.0,"event":"end","phase":"evaluation","seconds":0.344838651}
TETHYS_QUALIFICATION_V1 {"deadline_seconds":60.0,"event":"start","phase":"evaluation"}
TETHYS_QUALIFICATION_V1 {"deadline_seconds":60.0,"event":"end","phase":"evaluation","seconds":0.338728985}
TETHYS_QUALIFICATION_V1 {"deadline_seconds":60.0,"event":"start","phase":"restore"}
TETHYS_QUALIFICATION_V1 {"deadline_seconds":60.0,"event":"end","phase":"restore","seconds":1.02859927}
TETHYS_QUALIFICATION_V1 {"deadline_seconds":60.0,"event":"start","phase":"evaluation"}
TETHYS_QUALIFICATION_V1 {"deadline_seconds":60.0,"event":"end","phase":"evaluation","seconds":0.370838257}
TETHYS_QUALIFICATION_V1 {"deadline_seconds":60.0,"event":"start","phase":"evaluation"}
TETHYS_QUALIFICATION_V1 {"deadline_seconds":60.0,"event":"end","phase":"evaluation","seconds":0.324255507}
TETHYS_QUALIFICATION_V1 {"deadline_seconds":60.0,"event":"start","phase":"evaluation"}
TETHYS_QUALIFICATION_V1 {"deadline_seconds":60.0,"event":"end","phase":"evaluation","seconds":0.325960963}
TETHYS_QUALIFICATION_V1 {"deadline_seconds":60.0,"event":"start","phase":"evaluation"}
TETHYS_QUALIFICATION_V1 {"deadline_seconds":60.0,"event":"end","phase":"evaluation","seconds":0.257971402}
TETHYS_QUALIFICATION_V1 {"deadline_seconds":60.0,"event":"start","phase":"evaluation"}
TETHYS_QUALIFICATION_V1 {"deadline_seconds":60.0,"event":"end","phase":"evaluation","seconds":0.261397392}
TETHYS_QUALIFICATION_V1 {"deadline_seconds":60.0,"event":"start","phase":"evaluation"}
TETHYS_QUALIFICATION_V1 {"deadline_seconds":60.0,"event":"end","phase":"evaluation","seconds":0.324382857}
TETHYS_QUALIFICATION_V1 {"deadline_seconds":60.0,"event":"start","phase":"restore"}
TETHYS_QUALIFICATION_V1 {"deadline_seconds":60.0,"event":"end","phase":"restore","seconds":1.840221182}
TETHYS_QUALIFICATION_V1 {"deadline_seconds":60.0,"event":"start","phase":"evaluation"}
TETHYS_QUALIFICATION_V1 {"deadline_seconds":60.0,"event":"end","phase":"evaluation","seconds":0.332660167}
TETHYS_QUALIFICATION_V1 {"deadline_seconds":60.0,"event":"start","phase":"evaluation"}
TETHYS_QUALIFICATION_V1 {"deadline_seconds":60.0,"event":"end","phase":"evaluation","seconds":0.313950676}
TETHYS_QUALIFICATION_V1 {"deadline_seconds":60.0,"event":"start","phase":"restore"}
TETHYS_QUALIFICATION_V1 {"deadline_seconds":60.0,"event":"end","phase":"restore","seconds":1.7277949750000001}
TETHYS_QUALIFICATION_V1 {"deadline_seconds":60.0,"event":"start","phase":"evaluation"}
TETHYS_QUALIFICATION_V1 {"deadline_seconds":60.0,"event":"end","phase":"evaluation","seconds":0.330437199}
TETHYS_QUALIFICATION_V1 {"deadline_seconds":60.0,"event":"start","phase":"evaluation"}
TETHYS_QUALIFICATION_V1 {"deadline_seconds":60.0,"event":"end","phase":"evaluation","seconds":0.337496429}
TETHYS_QUALIFICATION_V1 {"deadline_seconds":60.0,"event":"start","phase":"evaluation"}
TETHYS_QUALIFICATION_V1 {"deadline_seconds":60.0,"event":"end","phase":"evaluation","seconds":0.303315493}
TETHYS_QUALIFICATION_V1 {"deadline_seconds":60.0,"event":"start","phase":"evaluation"}
TETHYS_QUALIFICATION_V1 {"deadline_seconds":60.0,"event":"end","phase":"evaluation","seconds":0.256260145}
TETHYS_QUALIFICATION_V1 {"deadline_seconds":60.0,"event":"start","phase":"evaluation"}
TETHYS_QUALIFICATION_V1 {"deadline_seconds":60.0,"event":"end","phase":"evaluation","seconds":0.233626497}
TETHYS_QUALIFICATION_V1 {"deadline_seconds":60.0,"event":"start","phase":"evaluation"}
TETHYS_QUALIFICATION_V1 {"deadline_seconds":60.0,"event":"end","phase":"evaluation","seconds":0.305951979}
TETHYS_QUALIFICATION_V1 {"deadline_seconds":60.0,"event":"start","phase":"restore"}
TETHYS_QUALIFICATION_V1 {"deadline_seconds":60.0,"event":"end","phase":"restore","seconds":0.541311334}
TETHYS_QUALIFICATION_V1 {"deadline_seconds":60.0,"event":"start","phase":"evaluation"}
TETHYS_QUALIFICATION_V1 {"deadline_seconds":60.0,"event":"end","phase":"evaluation","seconds":0.328788849}
TETHYS_QUALIFICATION_V1 {"deadline_seconds":60.0,"event":"start","phase":"evaluation"}
TETHYS_QUALIFICATION_V1 {"deadline_seconds":60.0,"event":"end","phase":"evaluation","seconds":0.315241603}
TETHYS_QUALIFICATION_V1 {"deadline_seconds":60.0,"event":"start","phase":"restore"}
TETHYS_QUALIFICATION_V1 {"deadline_seconds":60.0,"event":"end","phase":"restore","seconds":0.624922702}
TETHYS_QUALIFICATION_V1 {"deadline_seconds":60.0,"event":"start","phase":"evaluation"}
TETHYS_QUALIFICATION_V1 {"deadline_seconds":60.0,"event":"end","phase":"evaluation","seconds":0.32871996}
TETHYS_QUALIFICATION_V1 {"deadline_seconds":60.0,"event":"start","phase":"evaluation"}
TETHYS_QUALIFICATION_V1 {"deadline_seconds":60.0,"event":"end","phase":"evaluation","seconds":0.326589304}
TETHYS_QUALIFICATION_V1 {"deadline_seconds":60.0,"event":"start","phase":"evaluation"}
TETHYS_QUALIFICATION_V1 {"deadline_seconds":60.0,"event":"end","phase":"evaluation","seconds":0.372249069}
TETHYS_QUALIFICATION_V1 {"deadline_seconds":60.0,"event":"start","phase":"evaluation"}
TETHYS_QUALIFICATION_V1 {"deadline_seconds":60.0,"event":"end","phase":"evaluation","seconds":0.303323538}
TETHYS_QUALIFICATION_V1 {"deadline_seconds":60.0,"event":"start","phase":"evaluation"}
TETHYS_QUALIFICATION_V1 {"deadline_seconds":60.0,"event":"end","phase":"evaluation","seconds":0.30309058}
TETHYS_QUALIFICATION_V1 {"deadline_seconds":60.0,"event":"start","phase":"evaluation"}
TETHYS_QUALIFICATION_V1 {"deadline_seconds":60.0,"event":"end","phase":"evaluation","seconds":0.345206333}
TETHYS_QUALIFICATION_V1 {"deadline_seconds":60.0,"event":"start","phase":"restore"}
TETHYS_QUALIFICATION_V1 {"deadline_seconds":60.0,"event":"end","phase":"restore","seconds":1.2877864479999999}
TETHYS_QUALIFICATION_V1 {"deadline_seconds":60.0,"event":"start","phase":"evaluation"}
TETHYS_QUALIFICATION_V1 {"deadline_seconds":60.0,"event":"end","phase":"evaluation","seconds":0.400205273}
TETHYS_QUALIFICATION_V1 {"deadline_seconds":60.0,"event":"start","phase":"evaluation"}
TETHYS_QUALIFICATION_V1 {"deadline_seconds":60.0,"event":"end","phase":"evaluation","seconds":0.405548297}
TETHYS_QUALIFICATION_V1 {"deadline_seconds":60.0,"event":"start","phase":"restore"}
TETHYS_QUALIFICATION_V1 {"deadline_seconds":60.0,"event":"end","phase":"restore","seconds":1.215045324}
TETHYS_QUALIFICATION_V1 {"deadline_seconds":60.0,"event":"start","phase":"evaluation"}
TETHYS_QUALIFICATION_V1 {"deadline_seconds":60.0,"event":"end","phase":"evaluation","seconds":0.375859256}
TETHYS_QUALIFICATION_V1 {"deadline_seconds":60.0,"event":"start","phase":"evaluation"}
TETHYS_QUALIFICATION_V1 {"deadline_seconds":60.0,"event":"end","phase":"evaluation","seconds":0.375525579}
TETHYS_QUALIFICATION_V1 {"deadline_seconds":60.0,"event":"start","phase":"evaluation"}
TETHYS_QUALIFICATION_V1 {"deadline_seconds":60.0,"event":"end","phase":"evaluation","seconds":0.375745361}
TETHYS_QUALIFICATION_V1 {"deadline_seconds":60.0,"event":"start","phase":"evaluation"}
TETHYS_QUALIFICATION_V1 {"deadline_seconds":60.0,"event":"end","phase":"evaluation","seconds":0.299065052}
TETHYS_QUALIFICATION_V1 {"deadline_seconds":60.0,"event":"start","phase":"evaluation"}
TETHYS_QUALIFICATION_V1 {"deadline_seconds":60.0,"event":"end","phase":"evaluation","seconds":0.293637349}
TETHYS_QUALIFICATION_V1 {"deadline_seconds":60.0,"event":"start","phase":"evaluation"}
TETHYS_QUALIFICATION_V1 {"deadline_seconds":60.0,"event":"end","phase":"evaluation","seconds":0.352169122}
TETHYS_QUALIFICATION_V1 {"deadline_seconds":60.0,"event":"start","phase":"restore"}
TETHYS_QUALIFICATION_V1 {"deadline_seconds":60.0,"event":"end","phase":"restore","seconds":1.248541723}
TETHYS_QUALIFICATION_V1 {"deadline_seconds":60.0,"event":"start","phase":"evaluation"}
TETHYS_QUALIFICATION_V1 {"deadline_seconds":60.0,"event":"end","phase":"evaluation","seconds":0.362522104}
TETHYS_QUALIFICATION_V1 {"deadline_seconds":60.0,"event":"start","phase":"evaluation"}
TETHYS_QUALIFICATION_V1 {"deadline_seconds":60.0,"event":"end","phase":"evaluation","seconds":0.412381022}
TETHYS_QUALIFICATION_V1 {"deadline_seconds":60.0,"event":"start","phase":"restore"}
TETHYS_QUALIFICATION_V1 {"deadline_seconds":60.0,"event":"end","phase":"restore","seconds":1.243917541}
TETHYS_QUALIFICATION_V1 {"deadline_seconds":60.0,"event":"start","phase":"evaluation"}
TETHYS_QUALIFICATION_V1 {"deadline_seconds":60.0,"event":"end","phase":"evaluation","seconds":0.356522134}
TETHYS_QUALIFICATION_V1 {"deadline_seconds":60.0,"event":"start","phase":"evaluation"}
TETHYS_QUALIFICATION_V1 {"deadline_seconds":60.0,"event":"end","phase":"evaluation","seconds":0.361331185}
TETHYS_QUALIFICATION_V1 {"deadline_seconds":60.0,"event":"start","phase":"evaluation"}
TETHYS_QUALIFICATION_V1 {"deadline_seconds":60.0,"event":"end","phase":"evaluation","seconds":0.360787092}
TETHYS_QUALIFICATION_V1 {"deadline_seconds":60.0,"event":"start","phase":"evaluation"}
TETHYS_QUALIFICATION_V1 {"deadline_seconds":60.0,"event":"end","phase":"evaluation","seconds":0.271845944}
TETHYS_QUALIFICATION_V1 {"deadline_seconds":60.0,"event":"start","phase":"evaluation"}
TETHYS_QUALIFICATION_V1 {"deadline_seconds":60.0,"event":"end","phase":"evaluation","seconds":0.267036132}
TETHYS_QUALIFICATION_V1 {"deadline_seconds":60.0,"event":"start","phase":"evaluation"}
TETHYS_QUALIFICATION_V1 {"deadline_seconds":60.0,"event":"end","phase":"evaluation","seconds":0.322946296}
TETHYS_QUALIFICATION_V1 {"deadline_seconds":60.0,"event":"start","phase":"restore"}
TETHYS_QUALIFICATION_V1 {"deadline_seconds":60.0,"event":"end","phase":"restore","seconds":1.103174692}
TETHYS_QUALIFICATION_V1 {"deadline_seconds":60.0,"event":"start","phase":"evaluation"}
TETHYS_QUALIFICATION_V1 {"deadline_seconds":60.0,"event":"end","phase":"evaluation","seconds":0.330721904}
TETHYS_QUALIFICATION_V1 {"deadline_seconds":60.0,"event":"start","phase":"evaluation"}
TETHYS_QUALIFICATION_V1 {"deadline_seconds":60.0,"event":"end","phase":"evaluation","seconds":0.344061561}
TETHYS_QUALIFICATION_V1 {"deadline_seconds":60.0,"event":"start","phase":"restore"}
TETHYS_QUALIFICATION_V1 {"deadline_seconds":60.0,"event":"end","phase":"restore","seconds":0.982388501}
TETHYS_QUALIFICATION_V1 {"deadline_seconds":60.0,"event":"start","phase":"evaluation"}
TETHYS_QUALIFICATION_V1 {"deadline_seconds":60.0,"event":"end","phase":"evaluation","seconds":0.33450787}
TETHYS_QUALIFICATION_V1 {"deadline_seconds":60.0,"event":"start","phase":"evaluation"}
TETHYS_QUALIFICATION_V1 {"deadline_seconds":60.0,"event":"end","phase":"evaluation","seconds":0.330699701}
TETHYS_QUALIFICATION_V1 {"deadline_seconds":60.0,"event":"start","phase":"evaluation"}
TETHYS_QUALIFICATION_V1 {"deadline_seconds":60.0,"event":"end","phase":"evaluation","seconds":0.328716553}
TETHYS_QUALIFICATION_V1 {"deadline_seconds":60.0,"event":"start","phase":"evaluation"}
TETHYS_QUALIFICATION_V1 {"deadline_seconds":60.0,"event":"end","phase":"evaluation","seconds":0.310115466}
TETHYS_QUALIFICATION_V1 {"deadline_seconds":60.0,"event":"start","phase":"evaluation"}
TETHYS_QUALIFICATION_V1 {"deadline_seconds":60.0,"event":"end","phase":"evaluation","seconds":0.300262594}
TETHYS_QUALIFICATION_V1 {"deadline_seconds":60.0,"event":"start","phase":"evaluation"}
TETHYS_QUALIFICATION_V1 {"deadline_seconds":60.0,"event":"end","phase":"evaluation","seconds":0.363321477}
TETHYS_QUALIFICATION_V1 {"deadline_seconds":60.0,"event":"start","phase":"restore"}
TETHYS_QUALIFICATION_V1 {"deadline_seconds":60.0,"event":"end","phase":"restore","seconds":2.158815328}
TETHYS_QUALIFICATION_V1 {"deadline_seconds":60.0,"event":"start","phase":"evaluation"}
TETHYS_QUALIFICATION_V1 {"deadline_seconds":60.0,"event":"end","phase":"evaluation","seconds":0.340677929}
TETHYS_QUALIFICATION_V1 {"deadline_seconds":60.0,"event":"start","phase":"evaluation"}
TETHYS_QUALIFICATION_V1 {"deadline_seconds":60.0,"event":"end","phase":"evaluation","seconds":0.334319126}
TETHYS_QUALIFICATION_V1 {"deadline_seconds":60.0,"event":"start","phase":"restore"}
TETHYS_QUALIFICATION_V1 {"deadline_seconds":60.0,"event":"end","phase":"restore","seconds":2.051721476}
TETHYS_QUALIFICATION_V1 {"deadline_seconds":60.0,"event":"start","phase":"evaluation"}
TETHYS_QUALIFICATION_V1 {"deadline_seconds":60.0,"event":"end","phase":"evaluation","seconds":0.337596867}
TETHYS_QUALIFICATION_V1 {"deadline_seconds":60.0,"event":"start","phase":"evaluation"}
TETHYS_QUALIFICATION_V1 {"deadline_seconds":60.0,"event":"end","phase":"evaluation","seconds":0.337610483}
TETHYS_QUALIFICATION_V1 {"deadline_seconds":60.0,"event":"start","phase":"evaluation"}
TETHYS_QUALIFICATION_V1 {"deadline_seconds":60.0,"event":"end","phase":"evaluation","seconds":0.329254956}
TETHYS_QUALIFICATION_V1 {"deadline_seconds":60.0,"event":"start","phase":"evaluation"}
TETHYS_QUALIFICATION_V1 {"deadline_seconds":60.0,"event":"end","phase":"evaluation","seconds":0.325268241}
TETHYS_QUALIFICATION_V1 {"deadline_seconds":60.0,"event":"start","phase":"restore"}
TETHYS_QUALIFICATION_V1 {"deadline_seconds":60.0,"event":"end","phase":"restore","seconds":1.826407866}
TETHYS_QUALIFICATION_V1 {"deadline_seconds":60.0,"event":"start","phase":"evaluation"}
TETHYS_QUALIFICATION_V1 {"deadline_seconds":60.0,"event":"end","phase":"evaluation","seconds":0.300925991}
TETHYS_QUALIFICATION_V1 {"deadline_seconds":60.0,"event":"start","phase":"evaluation"}
TETHYS_QUALIFICATION_V1 {"deadline_seconds":60.0,"event":"end","phase":"evaluation","seconds":0.295345721}
TETHYS_QUALIFICATION_V1 {"deadline_seconds":60.0,"event":"start","phase":"evaluation"}
TETHYS_QUALIFICATION_V1 {"deadline_seconds":60.0,"event":"end","phase":"evaluation","seconds":0.298804734}
TETHYS_QUALIFICATION_V1 {"deadline_seconds":60.0,"event":"start","phase":"evaluation"}
TETHYS_QUALIFICATION_V1 {"deadline_seconds":60.0,"event":"end","phase":"evaluation","seconds":0.369831795}
TETHYS_QUALIFICATION_V1 {"deadline_seconds":60.0,"event":"start","phase":"restore"}
TETHYS_QUALIFICATION_V1 {"deadline_seconds":60.0,"event":"end","phase":"restore","seconds":1.8202356229999999}
TETHYS_QUALIFICATION_V1 {"deadline_seconds":60.0,"event":"start","phase":"evaluation"}
TETHYS_QUALIFICATION_V1 {"deadline_seconds":60.0,"event":"end","phase":"evaluation","seconds":0.373461758}
TETHYS_QUALIFICATION_V1 {"deadline_seconds":60.0,"event":"start","phase":"evaluation"}
TETHYS_QUALIFICATION_V1 {"deadline_seconds":60.0,"event":"end","phase":"evaluation","seconds":0.365323499}
TETHYS_QUALIFICATION_V1 {"deadline_seconds":60.0,"event":"start","phase":"restore"}
TETHYS_QUALIFICATION_V1 {"deadline_seconds":60.0,"event":"end","phase":"restore","seconds":1.945694139}
TETHYS_QUALIFICATION_V1 {"deadline_seconds":60.0,"event":"start","phase":"evaluation"}
TETHYS_QUALIFICATION_V1 {"deadline_seconds":60.0,"event":"end","phase":"evaluation","seconds":0.378216087}
TETHYS_QUALIFICATION_V1 {"deadline_seconds":60.0,"event":"start","phase":"evaluation"}
TETHYS_QUALIFICATION_V1 {"deadline_seconds":60.0,"event":"end","phase":"evaluation","seconds":0.293765681}
TETHYS_QUALIFICATION_V1 {"deadline_seconds":60.0,"event":"start","phase":"evaluation"}
TETHYS_QUALIFICATION_V1 {"deadline_seconds":60.0,"event":"end","phase":"evaluation","seconds":0.298737126}
TETHYS_QUALIFICATION_V1 {"deadline_seconds":60.0,"event":"start","phase":"evaluation"}
TETHYS_QUALIFICATION_V1 {"deadline_seconds":60.0,"event":"end","phase":"evaluation","seconds":0.329954231}
TETHYS_QUALIFICATION_V1 {"deadline_seconds":60.0,"event":"start","phase":"evaluation"}
TETHYS_QUALIFICATION_V1 {"deadline_seconds":60.0,"event":"end","phase":"evaluation","seconds":0.337128627}
TETHYS_QUALIFICATION_V1 {"deadline_seconds":60.0,"event":"start","phase":"evaluation"}
TETHYS_QUALIFICATION_V1 {"deadline_seconds":60.0,"event":"end","phase":"evaluation","seconds":0.344015464}
TETHYS_QUALIFICATION_V1 {"deadline_seconds":60.0,"event":"start","phase":"restore"}
TETHYS_QUALIFICATION_V1 {"deadline_seconds":60.0,"event":"end","phase":"restore","seconds":2.046968251}
TETHYS_QUALIFICATION_V1 {"deadline_seconds":60.0,"event":"start","phase":"evaluation"}
TETHYS_QUALIFICATION_V1 {"deadline_seconds":60.0,"event":"end","phase":"evaluation","seconds":0.355705008}
TETHYS_QUALIFICATION_V1 {"deadline_seconds":60.0,"event":"start","phase":"evaluation"}
TETHYS_QUALIFICATION_V1 {"deadline_seconds":60.0,"event":"end","phase":"evaluation","seconds":0.354478522}
TETHYS_QUALIFICATION_V1 {"deadline_seconds":60.0,"event":"start","phase":"evaluation"}
TETHYS_QUALIFICATION_V1 {"deadline_seconds":60.0,"event":"end","phase":"evaluation","seconds":0.355231729}
TETHYS_QUALIFICATION_V1 {"deadline_seconds":60.0,"event":"start","phase":"evaluation"}
TETHYS_QUALIFICATION_V1 {"deadline_seconds":60.0,"event":"end","phase":"evaluation","seconds":0.280460228}
TETHYS_QUALIFICATION_V1 {"deadline_seconds":60.0,"event":"start","phase":"evaluation"}
TETHYS_QUALIFICATION_V1 {"deadline_seconds":60.0,"event":"end","phase":"evaluation","seconds":0.275411277}
TETHYS_QUALIFICATION_V1 {"deadline_seconds":60.0,"event":"start","phase":"evaluation"}
TETHYS_QUALIFICATION_V1 {"deadline_seconds":60.0,"event":"end","phase":"evaluation","seconds":0.353419332}
TETHYS_QUALIFICATION_V1 {"deadline_seconds":60.0,"event":"start","phase":"restore"}
TETHYS_QUALIFICATION_V1 {"deadline_seconds":60.0,"event":"end","phase":"restore","seconds":2.028116602}
TETHYS_QUALIFICATION_V1 {"deadline_seconds":60.0,"event":"start","phase":"evaluation"}
TETHYS_QUALIFICATION_V1 {"deadline_seconds":60.0,"event":"end","phase":"evaluation","seconds":0.322572925}
TETHYS_QUALIFICATION_V1 {"deadline_seconds":60.0,"event":"start","phase":"evaluation"}
TETHYS_QUALIFICATION_V1 {"deadline_seconds":60.0,"event":"end","phase":"evaluation","seconds":0.318563287}
TETHYS_QUALIFICATION_V1 {"deadline_seconds":60.0,"event":"start","phase":"restore"}
TETHYS_QUALIFICATION_V1 {"deadline_seconds":60.0,"event":"end","phase":"restore","seconds":1.834567335}
TETHYS_QUALIFICATION_V1 {"deadline_seconds":60.0,"event":"start","phase":"evaluation"}
TETHYS_QUALIFICATION_V1 {"deadline_seconds":60.0,"event":"end","phase":"evaluation","seconds":0.293732839}
TETHYS_QUALIFICATION_V1 {"deadline_seconds":60.0,"event":"start","phase":"evaluation"}
TETHYS_QUALIFICATION_V1 {"deadline_seconds":60.0,"event":"end","phase":"evaluation","seconds":0.326668734}
TETHYS_QUALIFICATION_V1 {"deadline_seconds":60.0,"event":"start","phase":"evaluation"}
TETHYS_QUALIFICATION_V1 {"deadline_seconds":60.0,"event":"end","phase":"evaluation","seconds":0.295078779}
TETHYS_QUALIFICATION_V1 {"deadline_seconds":60.0,"event":"start","phase":"evaluation"}
TETHYS_QUALIFICATION_V1 {"deadline_seconds":60.0,"event":"end","phase":"evaluation","seconds":0.255883457}
TETHYS_QUALIFICATION_V1 {"deadline_seconds":60.0,"event":"start","phase":"evaluation"}
TETHYS_QUALIFICATION_V1 {"deadline_seconds":60.0,"event":"end","phase":"evaluation","seconds":0.260759934}
TETHYS_QUALIFICATION_V1 {"deadline_seconds":60.0,"event":"start","phase":"evaluation"}
TETHYS_QUALIFICATION_V1 {"deadline_seconds":60.0,"event":"end","phase":"evaluation","seconds":0.318988466}
TETHYS_QUALIFICATION_V1 {"deadline_seconds":60.0,"event":"start","phase":"evaluation"}
TETHYS_QUALIFICATION_V1 {"deadline_seconds":60.0,"event":"end","phase":"evaluation","seconds":0.313082795}
TETHYS_QUALIFICATION_V1 {"deadline_seconds":60.0,"event":"start","phase":"evaluation"}
TETHYS_QUALIFICATION_V1 {"deadline_seconds":60.0,"event":"end","phase":"evaluation","seconds":0.363944147}
TETHYS_QUALIFICATION_V1 {"deadline_seconds":60.0,"event":"start","phase":"restore"}
TETHYS_QUALIFICATION_V1 {"deadline_seconds":60.0,"event":"end","phase":"restore","seconds":1.770055251}
TETHYS_QUALIFICATION_V1 {"deadline_seconds":60.0,"event":"start","phase":"evaluation"}
TETHYS_QUALIFICATION_V1 {"deadline_seconds":60.0,"event":"end","phase":"evaluation","seconds":0.313984439}
TETHYS_QUALIFICATION_V1 {"deadline_seconds":60.0,"event":"start","phase":"evaluation"}
TETHYS_QUALIFICATION_V1 {"deadline_seconds":60.0,"event":"end","phase":"evaluation","seconds":0.364915483}
TETHYS_QUALIFICATION_V1 {"deadline_seconds":60.0,"event":"start","phase":"evaluation"}
TETHYS_QUALIFICATION_V1 {"deadline_seconds":60.0,"event":"end","phase":"evaluation","seconds":0.344536474}
TETHYS_QUALIFICATION_V1 {"deadline_seconds":60.0,"event":"start","phase":"evaluation"}
TETHYS_QUALIFICATION_V1 {"deadline_seconds":60.0,"event":"end","phase":"evaluation","seconds":0.259782617}
TETHYS_QUALIFICATION_V1 {"deadline_seconds":60.0,"event":"start","phase":"evaluation"}
TETHYS_QUALIFICATION_V1 {"deadline_seconds":60.0,"event":"end","phase":"evaluation","seconds":0.256891763}
TETHYS_QUALIFICATION_V1 {"deadline_seconds":60.0,"event":"start","phase":"evaluation"}
TETHYS_QUALIFICATION_V1 {"deadline_seconds":60.0,"event":"end","phase":"evaluation","seconds":0.325063005}
TETHYS_QUALIFICATION_V1 {"deadline_seconds":60.0,"event":"start","phase":"restore"}
TETHYS_QUALIFICATION_V1 {"deadline_seconds":60.0,"event":"end","phase":"restore","seconds":1.986515759}
TETHYS_QUALIFICATION_V1 {"deadline_seconds":60.0,"event":"start","phase":"evaluation"}
TETHYS_QUALIFICATION_V1 {"deadline_seconds":60.0,"event":"end","phase":"evaluation","seconds":0.37117995}
TETHYS_QUALIFICATION_V1 {"deadline_seconds":60.0,"event":"start","phase":"evaluation"}
TETHYS_QUALIFICATION_V1 {"deadline_seconds":60.0,"event":"end","phase":"evaluation","seconds":0.345346777}
TETHYS_QUALIFICATION_V1 {"deadline_seconds":60.0,"event":"start","phase":"restore"}
TETHYS_QUALIFICATION_V1 {"deadline_seconds":60.0,"event":"end","phase":"restore","seconds":1.8943326969999998}
TETHYS_QUALIFICATION_V1 {"deadline_seconds":60.0,"event":"start","phase":"evaluation"}
TETHYS_QUALIFICATION_V1 {"deadline_seconds":60.0,"event":"end","phase":"evaluation","seconds":0.375634433}
TETHYS_QUALIFICATION_V1 {"deadline_seconds":60.0,"event":"start","phase":"evaluation"}
TETHYS_QUALIFICATION_V1 {"deadline_seconds":60.0,"event":"end","phase":"evaluation","seconds":0.355598528}
TETHYS_QUALIFICATION_V1 {"deadline_seconds":60.0,"event":"start","phase":"evaluation"}
TETHYS_QUALIFICATION_V1 {"deadline_seconds":60.0,"event":"end","phase":"evaluation","seconds":0.342890699}
TETHYS_QUALIFICATION_V1 {"deadline_seconds":60.0,"event":"start","phase":"evaluation"}
TETHYS_QUALIFICATION_V1 {"deadline_seconds":60.0,"event":"end","phase":"evaluation","seconds":0.291623705}
TETHYS_QUALIFICATION_V1 {"deadline_seconds":60.0,"event":"start","phase":"evaluation"}
TETHYS_QUALIFICATION_V1 {"deadline_seconds":60.0,"event":"end","phase":"evaluation","seconds":0.297594248}
TETHYS_QUALIFICATION_V1 {"deadline_seconds":60.0,"event":"start","phase":"evaluation"}
TETHYS_QUALIFICATION_V1 {"deadline_seconds":60.0,"event":"end","phase":"evaluation","seconds":0.359916896}
TETHYS_QUALIFICATION_V1 {"deadline_seconds":60.0,"event":"start","phase":"restore"}
TETHYS_QUALIFICATION_V1 {"deadline_seconds":60.0,"event":"end","phase":"restore","seconds":1.838480452}
TETHYS_QUALIFICATION_V1 {"deadline_seconds":60.0,"event":"start","phase":"evaluation"}
TETHYS_QUALIFICATION_V1 {"deadline_seconds":60.0,"event":"end","phase":"evaluation","seconds":0.335600495}
TETHYS_QUALIFICATION_V1 {"deadline_seconds":60.0,"event":"start","phase":"evaluation"}
TETHYS_QUALIFICATION_V1 {"deadline_seconds":60.0,"event":"end","phase":"evaluation","seconds":0.320606439}
TETHYS_QUALIFICATION_V1 {"deadline_seconds":60.0,"event":"start","phase":"restore"}
TETHYS_QUALIFICATION_V1 {"deadline_seconds":60.0,"event":"end","phase":"restore","seconds":1.7877252289999999}
TETHYS_QUALIFICATION_V1 {"deadline_seconds":60.0,"event":"start","phase":"evaluation"}
TETHYS_QUALIFICATION_V1 {"deadline_seconds":60.0,"event":"end","phase":"evaluation","seconds":0.294639023}
TETHYS_QUALIFICATION_V1 {"deadline_seconds":60.0,"event":"start","phase":"evaluation"}
TETHYS_QUALIFICATION_V1 {"deadline_seconds":60.0,"event":"end","phase":"evaluation","seconds":0.352196213}
TETHYS_QUALIFICATION_V1 {"deadline_seconds":60.0,"event":"start","phase":"evaluation"}
TETHYS_QUALIFICATION_V1 {"deadline_seconds":60.0,"event":"end","phase":"evaluation","seconds":0.332372456}
TETHYS_QUALIFICATION_V1 {"deadline_seconds":60.0,"event":"start","phase":"evaluation"}
TETHYS_QUALIFICATION_V1 {"deadline_seconds":60.0,"event":"end","phase":"evaluation","seconds":0.284548043}
TETHYS_QUALIFICATION_V1 {"deadline_seconds":60.0,"event":"start","phase":"evaluation"}
TETHYS_QUALIFICATION_V1 {"deadline_seconds":60.0,"event":"end","phase":"evaluation","seconds":0.285833349}
TETHYS_QUALIFICATION_V1 {"deadline_seconds":60.0,"event":"start","phase":"evaluation"}
TETHYS_QUALIFICATION_V1 {"deadline_seconds":60.0,"event":"end","phase":"evaluation","seconds":0.334125392}
TETHYS_QUALIFICATION_V1 {"deadline_seconds":60.0,"event":"start","phase":"restore"}
TETHYS_QUALIFICATION_V1 {"deadline_seconds":60.0,"event":"end","phase":"restore","seconds":1.264061701}
TETHYS_QUALIFICATION_V1 {"deadline_seconds":60.0,"event":"start","phase":"evaluation"}
TETHYS_QUALIFICATION_V1 {"deadline_seconds":60.0,"event":"end","phase":"evaluation","seconds":0.335235228}
TETHYS_QUALIFICATION_V1 {"deadline_seconds":60.0,"event":"start","phase":"evaluation"}
TETHYS_QUALIFICATION_V1 {"deadline_seconds":60.0,"event":"end","phase":"evaluation","seconds":0.328068135}
TETHYS_QUALIFICATION_V1 {"deadline_seconds":60.0,"event":"start","phase":"restore"}
TETHYS_QUALIFICATION_V1 {"deadline_seconds":60.0,"event":"end","phase":"restore","seconds":1.231054591}
TETHYS_QUALIFICATION_V1 {"deadline_seconds":60.0,"event":"start","phase":"evaluation"}
TETHYS_QUALIFICATION_V1 {"deadline_seconds":60.0,"event":"end","phase":"evaluation","seconds":0.325807014}
TETHYS_QUALIFICATION_V1 {"deadline_seconds":60.0,"event":"start","phase":"evaluation"}
TETHYS_QUALIFICATION_V1 {"deadline_seconds":60.0,"event":"end","phase":"evaluation","seconds":0.337655769}
TETHYS_QUALIFICATION_V1 {"deadline_seconds":60.0,"event":"start","phase":"evaluation"}
TETHYS_QUALIFICATION_V1 {"deadline_seconds":60.0,"event":"end","phase":"evaluation","seconds":0.339086368}
TETHYS_QUALIFICATION_V1 {"deadline_seconds":60.0,"event":"start","phase":"evaluation"}
TETHYS_QUALIFICATION_V1 {"deadline_seconds":60.0,"event":"end","phase":"evaluation","seconds":0.270738533}
TETHYS_QUALIFICATION_V1 {"deadline_seconds":60.0,"event":"start","phase":"evaluation"}
TETHYS_QUALIFICATION_V1 {"deadline_seconds":60.0,"event":"end","phase":"evaluation","seconds":0.275765964}
TETHYS_QUALIFICATION_V1 {"deadline_seconds":60.0,"event":"start","phase":"evaluation"}
TETHYS_QUALIFICATION_V1 {"deadline_seconds":60.0,"event":"end","phase":"evaluation","seconds":0.356445251}
TETHYS_QUALIFICATION_V1 {"deadline_seconds":60.0,"event":"start","phase":"restore"}
TETHYS_QUALIFICATION_V1 {"deadline_seconds":60.0,"event":"end","phase":"restore","seconds":1.208652639}
TETHYS_QUALIFICATION_V1 {"deadline_seconds":60.0,"event":"start","phase":"evaluation"}
TETHYS_QUALIFICATION_V1 {"deadline_seconds":60.0,"event":"end","phase":"evaluation","seconds":0.335987463}
TETHYS_QUALIFICATION_V1 {"deadline_seconds":60.0,"event":"start","phase":"evaluation"}
TETHYS_QUALIFICATION_V1 {"deadline_seconds":60.0,"event":"end","phase":"evaluation","seconds":0.326596749}
TETHYS_QUALIFICATION_V1 {"deadline_seconds":60.0,"event":"start","phase":"restore"}
TETHYS_QUALIFICATION_V1 {"deadline_seconds":60.0,"event":"end","phase":"restore","seconds":1.107060409}
TETHYS_QUALIFICATION_V1 {"deadline_seconds":60.0,"event":"start","phase":"evaluation"}
TETHYS_QUALIFICATION_V1 {"deadline_seconds":60.0,"event":"end","phase":"evaluation","seconds":0.346340705}
TETHYS_QUALIFICATION_V1 {"deadline_seconds":60.0,"event":"start","phase":"evaluation"}
TETHYS_QUALIFICATION_V1 {"deadline_seconds":60.0,"event":"end","phase":"evaluation","seconds":0.346887052}
TETHYS_QUALIFICATION_V1 {"deadline_seconds":60.0,"event":"start","phase":"evaluation"}
TETHYS_QUALIFICATION_V1 {"deadline_seconds":60.0,"event":"end","phase":"evaluation","seconds":0.330213588}
TETHYS_QUALIFICATION_V1 {"deadline_seconds":60.0,"event":"start","phase":"evaluation"}
TETHYS_QUALIFICATION_V1 {"deadline_seconds":60.0,"event":"end","phase":"evaluation","seconds":0.297597935}
TETHYS_QUALIFICATION_V1 {"deadline_seconds":60.0,"event":"start","phase":"evaluation"}
TETHYS_QUALIFICATION_V1 {"deadline_seconds":60.0,"event":"end","phase":"evaluation","seconds":0.267266536}
TETHYS_QUALIFICATION_V1 {"deadline_seconds":60.0,"event":"start","phase":"evaluation"}
TETHYS_QUALIFICATION_V1 {"deadline_seconds":60.0,"event":"end","phase":"evaluation","seconds":0.328503083}
TETHYS_QUALIFICATION_V1 {"deadline_seconds":60.0,"event":"start","phase":"restore"}
TETHYS_QUALIFICATION_V1 {"deadline_seconds":60.0,"event":"end","phase":"restore","seconds":0.827836013}
TETHYS_QUALIFICATION_V1 {"deadline_seconds":60.0,"event":"start","phase":"evaluation"}
TETHYS_QUALIFICATION_V1 {"deadline_seconds":60.0,"event":"end","phase":"evaluation","seconds":0.336620633}
TETHYS_QUALIFICATION_V1 {"deadline_seconds":60.0,"event":"start","phase":"evaluation"}
TETHYS_QUALIFICATION_V1 {"deadline_seconds":60.0,"event":"end","phase":"evaluation","seconds":0.335944943}
TETHYS_QUALIFICATION_V1 {"deadline_seconds":60.0,"event":"start","phase":"restore"}
TETHYS_QUALIFICATION_V1 {"deadline_seconds":60.0,"event":"end","phase":"restore","seconds":0.801057663}
TETHYS_QUALIFICATION_V1 {"deadline_seconds":60.0,"event":"start","phase":"evaluation"}
TETHYS_QUALIFICATION_V1 {"deadline_seconds":60.0,"event":"end","phase":"evaluation","seconds":0.328113851}
TETHYS_QUALIFICATION_V1 {"deadline_seconds":60.0,"event":"start","phase":"evaluation"}
TETHYS_QUALIFICATION_V1 {"deadline_seconds":60.0,"event":"end","phase":"evaluation","seconds":0.333801203}
TETHYS_QUALIFICATION_V1 {"deadline_seconds":60.0,"event":"start","phase":"evaluation"}
TETHYS_QUALIFICATION_V1 {"deadline_seconds":60.0,"event":"end","phase":"evaluation","seconds":0.33176237}
TETHYS_QUALIFICATION_V1 {"deadline_seconds":60.0,"event":"start","phase":"evaluation"}
TETHYS_QUALIFICATION_V1 {"deadline_seconds":60.0,"event":"end","phase":"evaluation","seconds":0.286332779}
TETHYS_QUALIFICATION_V1 {"deadline_seconds":60.0,"event":"start","phase":"evaluation"}
TETHYS_QUALIFICATION_V1 {"deadline_seconds":60.0,"event":"end","phase":"evaluation","seconds":0.261242562}
TETHYS_QUALIFICATION_V1 {"deadline_seconds":60.0,"event":"start","phase":"evaluation"}
TETHYS_QUALIFICATION_V1 {"deadline_seconds":60.0,"event":"end","phase":"evaluation","seconds":0.338701695}
TETHYS_QUALIFICATION_V1 {"deadline_seconds":60.0,"event":"start","phase":"restore"}
TETHYS_QUALIFICATION_V1 {"deadline_seconds":60.0,"event":"end","phase":"restore","seconds":1.828371279}
TETHYS_QUALIFICATION_V1 {"deadline_seconds":60.0,"event":"start","phase":"evaluation"}
TETHYS_QUALIFICATION_V1 {"deadline_seconds":60.0,"event":"end","phase":"evaluation","seconds":0.346623757}
TETHYS_QUALIFICATION_V1 {"deadline_seconds":60.0,"event":"start","phase":"evaluation"}
TETHYS_QUALIFICATION_V1 {"deadline_seconds":60.0,"event":"end","phase":"evaluation","seconds":0.373377952}
TETHYS_QUALIFICATION_V1 {"deadline_seconds":60.0,"event":"start","phase":"restore"}
TETHYS_QUALIFICATION_V1 {"deadline_seconds":60.0,"event":"end","phase":"restore","seconds":1.878348219}
TETHYS_QUALIFICATION_V1 {"deadline_seconds":60.0,"event":"start","phase":"evaluation"}
TETHYS_QUALIFICATION_V1 {"deadline_seconds":60.0,"event":"end","phase":"evaluation","seconds":0.333601828}
TETHYS_QUALIFICATION_V1 {"deadline_seconds":60.0,"event":"start","phase":"evaluation"}
TETHYS_QUALIFICATION_V1 {"deadline_seconds":60.0,"event":"end","phase":"evaluation","seconds":0.333936587}
TETHYS_QUALIFICATION_V1 {"deadline_seconds":60.0,"event":"start","phase":"evaluation"}
TETHYS_QUALIFICATION_V1 {"deadline_seconds":60.0,"event":"end","phase":"evaluation","seconds":0.339387344}
TETHYS_QUALIFICATION_V1 {"deadline_seconds":60.0,"event":"start","phase":"evaluation"}
TETHYS_QUALIFICATION_V1 {"deadline_seconds":60.0,"event":"end","phase":"evaluation","seconds":0.359549626}
TETHYS_QUALIFICATION_V1 {"deadline_seconds":60.0,"event":"start","phase":"restore"}
TETHYS_QUALIFICATION_V1 {"deadline_seconds":60.0,"event":"end","phase":"restore","seconds":2.1379117340000002}
TETHYS_QUALIFICATION_V1 {"deadline_seconds":60.0,"event":"start","phase":"evaluation"}
TETHYS_QUALIFICATION_V1 {"deadline_seconds":60.0,"event":"end","phase":"evaluation","seconds":0.375349388}
TETHYS_QUALIFICATION_V1 {"deadline_seconds":60.0,"event":"start","phase":"evaluation"}
TETHYS_QUALIFICATION_V1 {"deadline_seconds":60.0,"event":"end","phase":"evaluation","seconds":0.249782157}
TETHYS_QUALIFICATION_V1 {"deadline_seconds":60.0,"event":"start","phase":"evaluation"}
TETHYS_QUALIFICATION_V1 {"deadline_seconds":60.0,"event":"end","phase":"evaluation","seconds":0.277190853}
TETHYS_QUALIFICATION_V1 {"deadline_seconds":60.0,"event":"start","phase":"evaluation"}
TETHYS_QUALIFICATION_V1 {"deadline_seconds":60.0,"event":"end","phase":"evaluation","seconds":0.323390622}
TETHYS_QUALIFICATION_V1 {"deadline_seconds":60.0,"event":"start","phase":"restore"}
TETHYS_QUALIFICATION_V1 {"deadline_seconds":60.0,"event":"end","phase":"restore","seconds":1.992751593}
TETHYS_QUALIFICATION_V1 {"deadline_seconds":60.0,"event":"start","phase":"evaluation"}
TETHYS_QUALIFICATION_V1 {"deadline_seconds":60.0,"event":"end","phase":"evaluation","seconds":0.336405238}
TETHYS_QUALIFICATION_V1 {"deadline_seconds":60.0,"event":"start","phase":"evaluation"}
TETHYS_QUALIFICATION_V1 {"deadline_seconds":60.0,"event":"end","phase":"evaluation","seconds":0.343524972}
TETHYS_QUALIFICATION_V1 {"deadline_seconds":60.0,"event":"start","phase":"restore"}
TETHYS_QUALIFICATION_V1 {"deadline_seconds":60.0,"event":"end","phase":"restore","seconds":2.140792641}
TETHYS_QUALIFICATION_V1 {"deadline_seconds":60.0,"event":"start","phase":"evaluation"}
TETHYS_QUALIFICATION_V1 {"deadline_seconds":60.0,"event":"end","phase":"evaluation","seconds":0.324033922}
TETHYS_QUALIFICATION_V1 {"deadline_seconds":60.0,"event":"start","phase":"evaluation"}
TETHYS_QUALIFICATION_V1 {"deadline_seconds":60.0,"event":"end","phase":"evaluation","seconds":0.337974929}
TETHYS_QUALIFICATION_V1 {"deadline_seconds":60.0,"event":"start","phase":"evaluation"}
TETHYS_QUALIFICATION_V1 {"deadline_seconds":60.0,"event":"end","phase":"evaluation","seconds":0.339058416}
TETHYS_QUALIFICATION_V1 {"deadline_seconds":60.0,"event":"start","phase":"evaluation"}
TETHYS_QUALIFICATION_V1 {"deadline_seconds":60.0,"event":"end","phase":"evaluation","seconds":0.262425606}
TETHYS_QUALIFICATION_V1 {"deadline_seconds":60.0,"event":"start","phase":"evaluation"}
TETHYS_QUALIFICATION_V1 {"deadline_seconds":60.0,"event":"end","phase":"evaluation","seconds":0.269302223}
TETHYS_QUALIFICATION_V1 {"deadline_seconds":60.0,"event":"start","phase":"evaluation"}
TETHYS_QUALIFICATION_V1 {"deadline_seconds":60.0,"event":"end","phase":"evaluation","seconds":0.333220381}
TETHYS_QUALIFICATION_V1 {"deadline_seconds":60.0,"event":"start","phase":"restore"}
TETHYS_QUALIFICATION_V1 {"deadline_seconds":60.0,"event":"end","phase":"restore","seconds":1.8673452149999998}
TETHYS_QUALIFICATION_V1 {"deadline_seconds":60.0,"event":"start","phase":"evaluation"}
TETHYS_QUALIFICATION_V1 {"deadline_seconds":60.0,"event":"end","phase":"evaluation","seconds":0.332258933}
TETHYS_QUALIFICATION_V1 {"deadline_seconds":60.0,"event":"start","phase":"evaluation"}
TETHYS_QUALIFICATION_V1 {"deadline_seconds":60.0,"event":"end","phase":"evaluation","seconds":0.330552786}
TETHYS_QUALIFICATION_V1 {"deadline_seconds":60.0,"event":"start","phase":"restore"}
TETHYS_QUALIFICATION_V1 {"deadline_seconds":60.0,"event":"end","phase":"restore","seconds":1.915252545}
TETHYS_QUALIFICATION_V1 {"deadline_seconds":60.0,"event":"start","phase":"evaluation"}
TETHYS_QUALIFICATION_V1 {"deadline_seconds":60.0,"event":"end","phase":"evaluation","seconds":0.340875021}
TETHYS_QUALIFICATION_V1 {"deadline_seconds":60.0,"event":"start","phase":"evaluation"}
TETHYS_QUALIFICATION_V1 {"deadline_seconds":60.0,"event":"end","phase":"evaluation","seconds":0.33081534}
TETHYS_QUALIFICATION_V1 {"deadline_seconds":60.0,"event":"start","phase":"evaluation"}
TETHYS_QUALIFICATION_V1 {"deadline_seconds":60.0,"event":"end","phase":"evaluation","seconds":0.336612398}
TETHYS_QUALIFICATION_V1 {"deadline_seconds":60.0,"event":"start","phase":"evaluation"}
TETHYS_QUALIFICATION_V1 {"deadline_seconds":60.0,"event":"end","phase":"evaluation","seconds":0.292983942}
TETHYS_QUALIFICATION_V1 {"deadline_seconds":60.0,"event":"start","phase":"evaluation"}
TETHYS_QUALIFICATION_V1 {"deadline_seconds":60.0,"event":"end","phase":"evaluation","seconds":0.271648203}
TETHYS_QUALIFICATION_V1 {"deadline_seconds":60.0,"event":"start","phase":"evaluation"}
TETHYS_QUALIFICATION_V1 {"deadline_seconds":60.0,"event":"end","phase":"evaluation","seconds":0.353684601}
TETHYS_QUALIFICATION_V1 {"deadline_seconds":60.0,"event":"start","phase":"restore"}
TETHYS_QUALIFICATION_V1 {"deadline_seconds":60.0,"event":"end","phase":"restore","seconds":2.090737854}
TETHYS_QUALIFICATION_V1 {"deadline_seconds":60.0,"event":"start","phase":"evaluation"}
TETHYS_QUALIFICATION_V1 {"deadline_seconds":60.0,"event":"end","phase":"evaluation","seconds":0.347504122}
TETHYS_QUALIFICATION_V1 {"deadline_seconds":60.0,"event":"start","phase":"evaluation"}
TETHYS_QUALIFICATION_V1 {"deadline_seconds":60.0,"event":"end","phase":"evaluation","seconds":0.361038265}
TETHYS_QUALIFICATION_V1 {"deadline_seconds":60.0,"event":"start","phase":"restore"}
TETHYS_QUALIFICATION_V1 {"deadline_seconds":60.0,"event":"end","phase":"restore","seconds":2.171625884}
TETHYS_QUALIFICATION_V1 {"deadline_seconds":60.0,"event":"start","phase":"evaluation"}
TETHYS_QUALIFICATION_V1 {"deadline_seconds":60.0,"event":"end","phase":"evaluation","seconds":0.331315089}
TETHYS_QUALIFICATION_V1 {"deadline_seconds":60.0,"event":"start","phase":"evaluation"}
TETHYS_QUALIFICATION_V1 {"deadline_seconds":60.0,"event":"end","phase":"evaluation","seconds":0.385250371}
TETHYS_QUALIFICATION_V1 {"deadline_seconds":60.0,"event":"start","phase":"restore"}
TETHYS_QUALIFICATION_V1 {"deadline_seconds":60.0,"event":"end","phase":"restore","seconds":2.106372226}
TETHYS_QUALIFICATION_V1 {"deadline_seconds":60.0,"event":"start","phase":"evaluation"}
TETHYS_QUALIFICATION_V1 {"deadline_seconds":60.0,"event":"end","phase":"evaluation","seconds":0.371534075}
TETHYS_QUALIFICATION_V1 {"deadline_seconds":60.0,"event":"start","phase":"evaluation"}
TETHYS_QUALIFICATION_V1 {"deadline_seconds":60.0,"event":"end","phase":"evaluation","seconds":0.303727718}
TETHYS_QUALIFICATION_V1 {"deadline_seconds":60.0,"event":"start","phase":"evaluation"}
TETHYS_QUALIFICATION_V1 {"deadline_seconds":60.0,"event":"end","phase":"evaluation","seconds":0.28084914}
TETHYS_QUALIFICATION_V1 {"deadline_seconds":60.0,"event":"start","phase":"evaluation"}
TETHYS_QUALIFICATION_V1 {"deadline_seconds":60.0,"event":"end","phase":"evaluation","seconds":0.344563194}
TETHYS_QUALIFICATION_V1 {"deadline_seconds":60.0,"event":"start","phase":"restore"}
TETHYS_QUALIFICATION_V1 {"deadline_seconds":60.0,"event":"end","phase":"restore","seconds":2.050176485}
TETHYS_QUALIFICATION_V1 {"deadline_seconds":60.0,"event":"start","phase":"evaluation"}
TETHYS_QUALIFICATION_V1 {"deadline_seconds":60.0,"event":"end","phase":"evaluation","seconds":0.346080136}
TETHYS_QUALIFICATION_V1 {"deadline_seconds":60.0,"event":"start","phase":"evaluation"}
TETHYS_QUALIFICATION_V1 {"deadline_seconds":60.0,"event":"end","phase":"evaluation","seconds":0.332860034}
TETHYS_QUALIFICATION_V1 {"deadline_seconds":60.0,"event":"start","phase":"restore"}
TETHYS_QUALIFICATION_V1 {"deadline_seconds":60.0,"event":"end","phase":"restore","seconds":1.928448553}
TETHYS_QUALIFICATION_V1 {"deadline_seconds":60.0,"event":"start","phase":"evaluation"}
TETHYS_QUALIFICATION_V1 {"deadline_seconds":60.0,"event":"end","phase":"evaluation","seconds":0.300954986}
TETHYS_QUALIFICATION_V1 {"deadline_seconds":60.0,"event":"start","phase":"evaluation"}
TETHYS_QUALIFICATION_V1 {"deadline_seconds":60.0,"event":"end","phase":"evaluation","seconds":0.340881172}
TETHYS_QUALIFICATION_V1 {"deadline_seconds":60.0,"event":"start","phase":"evaluation"}
TETHYS_QUALIFICATION_V1 {"deadline_seconds":60.0,"event":"end","phase":"evaluation","seconds":0.323868811}
TETHYS_QUALIFICATION_V1 {"deadline_seconds":60.0,"event":"start","phase":"evaluation"}
TETHYS_QUALIFICATION_V1 {"deadline_seconds":60.0,"event":"end","phase":"evaluation","seconds":0.249879742}
TETHYS_QUALIFICATION_V1 {"deadline_seconds":60.0,"event":"start","phase":"restore"}
TETHYS_QUALIFICATION_V1 {"deadline_seconds":60.0,"event":"end","phase":"restore","seconds":1.531738971}
TETHYS_QUALIFICATION_V1 {"deadline_seconds":60.0,"event":"start","phase":"evaluation"}
TETHYS_QUALIFICATION_V1 {"deadline_seconds":60.0,"event":"end","phase":"evaluation","seconds":0.327552486}
TETHYS_QUALIFICATION_V1 {"deadline_seconds":60.0,"event":"start","phase":"evaluation"}
TETHYS_QUALIFICATION_V1 {"deadline_seconds":60.0,"event":"end","phase":"evaluation","seconds":0.332957567}
TETHYS_QUALIFICATION_V1 {"deadline_seconds":60.0,"event":"start","phase":"evaluation"}
TETHYS_QUALIFICATION_V1 {"deadline_seconds":60.0,"event":"end","phase":"evaluation","seconds":0.26473119}
TETHYS_QUALIFICATION_V1 {"deadline_seconds":60.0,"event":"start","phase":"evaluation"}
TETHYS_QUALIFICATION_V1 {"deadline_seconds":60.0,"event":"end","phase":"evaluation","seconds":0.268625361}
TETHYS_QUALIFICATION_V1 {"deadline_seconds":60.0,"event":"start","phase":"evaluation"}
TETHYS_QUALIFICATION_V1 {"deadline_seconds":60.0,"event":"end","phase":"evaluation","seconds":0.332942047}
TETHYS_QUALIFICATION_V1 {"deadline_seconds":60.0,"event":"start","phase":"restore"}
TETHYS_QUALIFICATION_V1 {"deadline_seconds":60.0,"event":"end","phase":"restore","seconds":1.313786007}
TETHYS_QUALIFICATION_V1 {"deadline_seconds":60.0,"event":"start","phase":"evaluation"}
TETHYS_QUALIFICATION_V1 {"deadline_seconds":60.0,"event":"end","phase":"evaluation","seconds":0.378204866}
TETHYS_QUALIFICATION_V1 {"deadline_seconds":60.0,"event":"start","phase":"evaluation"}
TETHYS_QUALIFICATION_V1 {"deadline_seconds":60.0,"event":"end","phase":"evaluation","seconds":0.36496713}
TETHYS_QUALIFICATION_V1 {"deadline_seconds":60.0,"event":"start","phase":"evaluation"}
TETHYS_QUALIFICATION_V1 {"deadline_seconds":60.0,"event":"end","phase":"evaluation","seconds":0.372072809}
TETHYS_QUALIFICATION_V1 {"deadline_seconds":60.0,"event":"start","phase":"evaluation"}
TETHYS_QUALIFICATION_V1 {"deadline_seconds":60.0,"event":"end","phase":"evaluation","seconds":0.335325188}
TETHYS_QUALIFICATION_V1 {"deadline_seconds":60.0,"event":"start","phase":"restore"}
TETHYS_QUALIFICATION_V1 {"deadline_seconds":60.0,"event":"end","phase":"restore","seconds":1.231018264}
TETHYS_QUALIFICATION_V1 {"deadline_seconds":60.0,"event":"start","phase":"evaluation"}
TETHYS_QUALIFICATION_V1 {"deadline_seconds":60.0,"event":"end","phase":"evaluation","seconds":0.329839606}
TETHYS_QUALIFICATION_V1 {"deadline_seconds":60.0,"event":"start","phase":"evaluation"}
TETHYS_QUALIFICATION_V1 {"deadline_seconds":60.0,"event":"end","phase":"evaluation","seconds":0.379019298}
TETHYS_QUALIFICATION_V1 {"deadline_seconds":60.0,"event":"start","phase":"evaluation"}
TETHYS_QUALIFICATION_V1 {"deadline_seconds":60.0,"event":"end","phase":"evaluation","seconds":0.33048011}
TETHYS_QUALIFICATION_V1 {"deadline_seconds":60.0,"event":"start","phase":"evaluation"}
TETHYS_QUALIFICATION_V1 {"deadline_seconds":60.0,"event":"end","phase":"evaluation","seconds":0.348882875}
TETHYS_QUALIFICATION_V1 {"deadline_seconds":60.0,"event":"start","phase":"evaluation"}
TETHYS_QUALIFICATION_V1 {"deadline_seconds":60.0,"event":"end","phase":"evaluation","seconds":0.333787256}
TETHYS_QUALIFICATION_V1 {"deadline_seconds":60.0,"event":"start","phase":"evaluation"}
TETHYS_QUALIFICATION_V1 {"deadline_seconds":60.0,"event":"end","phase":"evaluation","seconds":0.332238685}
TETHYS_QUALIFICATION_V1 {"deadline_seconds":60.0,"event":"start","phase":"evaluation"}
TETHYS_QUALIFICATION_V1 {"deadline_seconds":60.0,"event":"end","phase":"evaluation","seconds":0.330046695}
TETHYS_QUALIFICATION_V1 {"deadline_seconds":60.0,"event":"start","phase":"evaluation"}
TETHYS_QUALIFICATION_V1 {"deadline_seconds":60.0,"event":"end","phase":"evaluation","seconds":0.346600013}
TETHYS_QUALIFICATION_V1 {"deadline_seconds":60.0,"event":"start","phase":"evaluation"}
TETHYS_QUALIFICATION_V1 {"deadline_seconds":60.0,"event":"end","phase":"evaluation","seconds":0.375344429}
TETHYS_QUALIFICATION_V1 {"deadline_seconds":60.0,"event":"start","phase":"evaluation"}
TETHYS_QUALIFICATION_V1 {"deadline_seconds":60.0,"event":"end","phase":"evaluation","seconds":0.322151283}
TETHYS_QUALIFICATION_V1 {"deadline_seconds":60.0,"event":"start","phase":"evaluation"}
TETHYS_QUALIFICATION_V1 {"deadline_seconds":60.0,"event":"end","phase":"evaluation","seconds":0.329259806}
TETHYS_QUALIFICATION_V1 {"deadline_seconds":60.0,"event":"start","phase":"evaluation"}
TETHYS_QUALIFICATION_V1 {"deadline_seconds":60.0,"event":"end","phase":"evaluation","seconds":0.375422686}
TETHYS_QUALIFICATION_V1 {"deadline_seconds":60.0,"event":"start","phase":"restore"}
TETHYS_QUALIFICATION_V1 {"deadline_seconds":60.0,"event":"end","phase":"restore","seconds":3.248412054}
TETHYS_QUALIFICATION_V1 {"deadline_seconds":60.0,"event":"start","phase":"evaluation"}
TETHYS_QUALIFICATION_V1 {"deadline_seconds":60.0,"event":"end","phase":"evaluation","seconds":0.326370995}
TETHYS_QUALIFICATION_V1 {"deadline_seconds":60.0,"event":"start","phase":"evaluation"}
TETHYS_QUALIFICATION_V1 {"deadline_seconds":60.0,"event":"end","phase":"evaluation","seconds":0.367648792}
TETHYS_QUALIFICATION_V1 {"deadline_seconds":60.0,"event":"start","phase":"evaluation"}
TETHYS_QUALIFICATION_V1 {"deadline_seconds":60.0,"event":"end","phase":"evaluation","seconds":0.322620766}
TETHYS_QUALIFICATION_V1 {"deadline_seconds":60.0,"event":"start","phase":"evaluation"}
TETHYS_QUALIFICATION_V1 {"deadline_seconds":60.0,"event":"end","phase":"evaluation","seconds":0.34869422}
TETHYS_QUALIFICATION_V1 {"deadline_seconds":60.0,"event":"start","phase":"evaluation"}
TETHYS_QUALIFICATION_V1 {"deadline_seconds":60.0,"event":"end","phase":"evaluation","seconds":0.344595795}
TETHYS_QUALIFICATION_V1 {"deadline_seconds":60.0,"event":"start","phase":"evaluation"}
TETHYS_QUALIFICATION_V1 {"deadline_seconds":60.0,"event":"end","phase":"evaluation","seconds":0.363354509}
TETHYS_QUALIFICATION_V1 {"deadline_seconds":60.0,"event":"start","phase":"evaluation"}
TETHYS_QUALIFICATION_V1 {"deadline_seconds":60.0,"event":"end","phase":"evaluation","seconds":0.320651724}
TETHYS_QUALIFICATION_V1 {"deadline_seconds":60.0,"event":"start","phase":"evaluation"}
TETHYS_QUALIFICATION_V1 {"deadline_seconds":60.0,"event":"end","phase":"evaluation","seconds":0.328750187}
TETHYS_QUALIFICATION_V1 {"deadline_seconds":60.0,"event":"start","phase":"evaluation"}
TETHYS_QUALIFICATION_V1 {"deadline_seconds":60.0,"event":"end","phase":"evaluation","seconds":0.319541968}
TETHYS_QUALIFICATION_V1 {"deadline_seconds":60.0,"event":"start","phase":"evaluation"}
TETHYS_QUALIFICATION_V1 {"deadline_seconds":60.0,"event":"end","phase":"evaluation","seconds":0.328346469}
TETHYS_QUALIFICATION_V1 {"deadline_seconds":60.0,"event":"start","phase":"evaluation"}
TETHYS_QUALIFICATION_V1 {"deadline_seconds":60.0,"event":"end","phase":"evaluation","seconds":0.318647496}
TETHYS_QUALIFICATION_V1 {"deadline_seconds":60.0,"event":"start","phase":"evaluation"}
TETHYS_QUALIFICATION_V1 {"deadline_seconds":60.0,"event":"end","phase":"evaluation","seconds":0.321670508}
TETHYS_QUALIFICATION_V1 {"deadline_seconds":60.0,"event":"start","phase":"evaluation"}
TETHYS_QUALIFICATION_V1 {"deadline_seconds":60.0,"event":"end","phase":"evaluation","seconds":0.312009888}
TETHYS_QUALIFICATION_V1 {"deadline_seconds":60.0,"event":"start","phase":"evaluation"}
TETHYS_QUALIFICATION_V1 {"deadline_seconds":60.0,"event":"end","phase":"evaluation","seconds":0.329288139}
TETHYS_QUALIFICATION_V1 {"deadline_seconds":60.0,"event":"start","phase":"evaluation"}
TETHYS_QUALIFICATION_V1 {"deadline_seconds":60.0,"event":"end","phase":"evaluation","seconds":0.319989519}
TETHYS_QUALIFICATION_V1 {"deadline_seconds":60.0,"event":"start","phase":"evaluation"}
TETHYS_QUALIFICATION_V1 {"deadline_seconds":60.0,"event":"end","phase":"evaluation","seconds":0.36654121}
TETHYS_QUALIFICATION_V1 {"deadline_seconds":60.0,"event":"start","phase":"evaluation"}
TETHYS_QUALIFICATION_V1 {"deadline_seconds":60.0,"event":"end","phase":"evaluation","seconds":0.366611352}
TETHYS_QUALIFICATION_V1 {"deadline_seconds":60.0,"event":"start","phase":"evaluation"}
TETHYS_QUALIFICATION_V1 {"deadline_seconds":60.0,"event":"end","phase":"evaluation","seconds":0.352844382}
TETHYS_QUALIFICATION_V1 {"deadline_seconds":60.0,"event":"start","phase":"evaluation"}
TETHYS_QUALIFICATION_V1 {"deadline_seconds":60.0,"event":"end","phase":"evaluation","seconds":0.313420591}
TETHYS_QUALIFICATION_V1 {"deadline_seconds":60.0,"event":"start","phase":"evaluation"}
TETHYS_QUALIFICATION_V1 {"deadline_seconds":60.0,"event":"end","phase":"evaluation","seconds":0.243977647}
TETHYS_QUALIFICATION_V1 {"deadline_seconds":60.0,"event":"start","phase":"restore"}
TETHYS_QUALIFICATION_V1 {"deadline_seconds":60.0,"event":"end","phase":"restore","seconds":2.286613878}
TETHYS_QUALIFICATION_V1 {"deadline_seconds":60.0,"event":"start","phase":"evaluation"}
TETHYS_QUALIFICATION_V1 {"deadline_seconds":60.0,"event":"end","phase":"evaluation","seconds":0.242386705}
TETHYS_QUALIFICATION_V1 {"deadline_seconds":60.0,"event":"start","phase":"evaluation"}
TETHYS_QUALIFICATION_V1 {"deadline_seconds":60.0,"event":"end","phase":"evaluation","seconds":0.306972769}
TETHYS_QUALIFICATION_V1 {"deadline_seconds":60.0,"event":"start","phase":"restore"}
TETHYS_QUALIFICATION_V1 {"deadline_seconds":60.0,"event":"end","phase":"restore","seconds":2.102326161}
TETHYS_QUALIFICATION_V1 {"deadline_seconds":60.0,"event":"start","phase":"evaluation"}
TETHYS_QUALIFICATION_V1 {"deadline_seconds":60.0,"event":"end","phase":"evaluation","seconds":0.313493637}
TETHYS_QUALIFICATION_V1 {"deadline_seconds":60.0,"event":"start","phase":"evaluation"}
TETHYS_QUALIFICATION_V1 {"deadline_seconds":60.0,"event":"end","phase":"evaluation","seconds":0.363563743}
TETHYS_QUALIFICATION_V1 {"deadline_seconds":60.0,"event":"start","phase":"evaluation"}
TETHYS_QUALIFICATION_V1 {"deadline_seconds":60.0,"event":"end","phase":"evaluation","seconds":0.357431826}
TETHYS_QUALIFICATION_V1 {"deadline_seconds":60.0,"event":"start","phase":"evaluation"}
TETHYS_QUALIFICATION_V1 {"deadline_seconds":60.0,"event":"end","phase":"evaluation","seconds":0.276503821}
TETHYS_QUALIFICATION_V1 {"deadline_seconds":60.0,"event":"start","phase":"evaluation"}
TETHYS_QUALIFICATION_V1 {"deadline_seconds":60.0,"event":"end","phase":"evaluation","seconds":0.267690634}
TETHYS_QUALIFICATION_V1 {"deadline_seconds":60.0,"event":"start","phase":"evaluation"}
TETHYS_QUALIFICATION_V1 {"deadline_seconds":60.0,"event":"end","phase":"evaluation","seconds":0.33320879}
TETHYS_QUALIFICATION_V1 {"deadline_seconds":60.0,"event":"start","phase":"evaluation"}
TETHYS_QUALIFICATION_V1 {"deadline_seconds":60.0,"event":"end","phase":"evaluation","seconds":0.335230961}
TETHYS_QUALIFICATION_V1 {"deadline_seconds":60.0,"event":"start","phase":"evaluation"}
TETHYS_QUALIFICATION_V1 {"deadline_seconds":60.0,"event":"end","phase":"evaluation","seconds":0.331824487}
TETHYS_QUALIFICATION_V1 {"deadline_seconds":60.0,"event":"start","phase":"restore"}
TETHYS_QUALIFICATION_V1 {"deadline_seconds":60.0,"event":"end","phase":"restore","seconds":2.199350945}
TETHYS_QUALIFICATION_V1 {"deadline_seconds":60.0,"event":"start","phase":"evaluation"}
TETHYS_QUALIFICATION_V1 {"deadline_seconds":60.0,"event":"end","phase":"evaluation","seconds":0.349798556}
TETHYS_QUALIFICATION_V1 {"deadline_seconds":60.0,"event":"start","phase":"evaluation"}
TETHYS_QUALIFICATION_V1 {"deadline_seconds":60.0,"event":"end","phase":"evaluation","seconds":0.311126468}
TETHYS_QUALIFICATION_V1 {"deadline_seconds":60.0,"event":"start","phase":"evaluation"}
TETHYS_QUALIFICATION_V1 {"deadline_seconds":60.0,"event":"end","phase":"evaluation","seconds":0.315618242}
TETHYS_QUALIFICATION_V1 {"deadline_seconds":60.0,"event":"start","phase":"evaluation"}
TETHYS_QUALIFICATION_V1 {"deadline_seconds":60.0,"event":"end","phase":"evaluation","seconds":0.299172055}
TETHYS_QUALIFICATION_V1 {"deadline_seconds":60.0,"event":"start","phase":"restore"}
TETHYS_QUALIFICATION_V1 {"deadline_seconds":60.0,"event":"end","phase":"restore","seconds":0.92436645}
TETHYS_QUALIFICATION_V1 {"deadline_seconds":60.0,"event":"start","phase":"evaluation"}
TETHYS_QUALIFICATION_V1 {"deadline_seconds":60.0,"event":"end","phase":"evaluation","seconds":0.379253046}
TETHYS_QUALIFICATION_V1 {"deadline_seconds":60.0,"event":"start","phase":"evaluation"}
TETHYS_QUALIFICATION_V1 {"deadline_seconds":60.0,"event":"end","phase":"evaluation","seconds":0.35691836}
TETHYS_QUALIFICATION_V1 {"deadline_seconds":60.0,"event":"start","phase":"evaluation"}
TETHYS_QUALIFICATION_V1 {"deadline_seconds":60.0,"event":"end","phase":"evaluation","seconds":0.321541606}
TETHYS_QUALIFICATION_V1 {"deadline_seconds":60.0,"event":"start","phase":"evaluation"}
TETHYS_QUALIFICATION_V1 {"deadline_seconds":60.0,"event":"end","phase":"evaluation","seconds":0.320260608}
TETHYS_QUALIFICATION_V1 {"deadline_seconds":60.0,"event":"start","phase":"evaluation"}
TETHYS_QUALIFICATION_V1 {"deadline_seconds":60.0,"event":"end","phase":"evaluation","seconds":0.370600271}
TETHYS_QUALIFICATION_V1 {"deadline_seconds":60.0,"event":"start","phase":"evaluation"}
TETHYS_QUALIFICATION_V1 {"deadline_seconds":60.0,"event":"end","phase":"evaluation","seconds":0.343995067}
TETHYS_QUALIFICATION_V1 {"deadline_seconds":60.0,"event":"start","phase":"evaluation"}
TETHYS_QUALIFICATION_V1 {"deadline_seconds":60.0,"event":"end","phase":"evaluation","seconds":0.32896416}
TETHYS_QUALIFICATION_V1 {"deadline_seconds":60.0,"event":"start","phase":"evaluation"}
TETHYS_QUALIFICATION_V1 {"deadline_seconds":60.0,"event":"end","phase":"evaluation","seconds":0.313794363}
TETHYS_QUALIFICATION_V1 {"deadline_seconds":60.0,"event":"start","phase":"restore"}
TETHYS_QUALIFICATION_V1 {"deadline_seconds":60.0,"event":"end","phase":"restore","seconds":0.345429873}
TETHYS_QUALIFICATION_V1 {"deadline_seconds":60.0,"event":"start","phase":"evaluation"}
TETHYS_QUALIFICATION_V1 {"deadline_seconds":60.0,"event":"end","phase":"evaluation","seconds":0.326527519}
TETHYS_QUALIFICATION_V1 {"deadline_seconds":60.0,"event":"start","phase":"restore"}
TETHYS_QUALIFICATION_V1 {"deadline_seconds":60.0,"event":"end","phase":"restore","seconds":0.387574831}
TETHYS_QUALIFICATION_V1 {"deadline_seconds":60.0,"event":"start","phase":"evaluation"}
TETHYS_QUALIFICATION_V1 {"deadline_seconds":60.0,"event":"end","phase":"evaluation","seconds":0.30847319}
TETHYS_QUALIFICATION_V1 {"deadline_seconds":60.0,"event":"start","phase":"restore"}
TETHYS_QUALIFICATION_V1 {"deadline_seconds":60.0,"event":"end","phase":"restore","seconds":0.399933273}
TETHYS_QUALIFICATION_V1 {"deadline_seconds":60.0,"event":"start","phase":"evaluation"}
TETHYS_QUALIFICATION_V1 {"deadline_seconds":60.0,"event":"end","phase":"evaluation","seconds":0.316800805}
TETHYS_QUALIFICATION_V1 {"deadline_seconds":60.0,"event":"start","phase":"restore"}
TETHYS_QUALIFICATION_V1 {"deadline_seconds":60.0,"event":"end","phase":"restore","seconds":0.408143207}
TETHYS_QUALIFICATION_V1 {"deadline_seconds":60.0,"event":"start","phase":"evaluation"}
TETHYS_QUALIFICATION_V1 {"deadline_seconds":60.0,"event":"end","phase":"evaluation","seconds":0.323161733}
TETHYS_QUALIFICATION_V1 {"deadline_seconds":60.0,"event":"start","phase":"restore"}
TETHYS_QUALIFICATION_V1 {"deadline_seconds":60.0,"event":"end","phase":"restore","seconds":0.401564299}
TETHYS_QUALIFICATION_V1 {"deadline_seconds":60.0,"event":"start","phase":"evaluation"}
TETHYS_QUALIFICATION_V1 {"deadline_seconds":60.0,"event":"end","phase":"evaluation","seconds":0.3300868}
TETHYS_QUALIFICATION_V1 {"deadline_seconds":60.0,"event":"start","phase":"restore"}
TETHYS_QUALIFICATION_V1 {"deadline_seconds":60.0,"event":"end","phase":"restore","seconds":0.34181074}
TETHYS_QUALIFICATION_V1 {"deadline_seconds":60.0,"event":"start","phase":"evaluation"}
TETHYS_QUALIFICATION_V1 {"deadline_seconds":60.0,"event":"end","phase":"evaluation","seconds":0.368497778}
TETHYS_QUALIFICATION_V1 {"deadline_seconds":60.0,"event":"start","phase":"restore"}
TETHYS_QUALIFICATION_V1 {"deadline_seconds":60.0,"event":"end","phase":"restore","seconds":0.349136401}
TETHYS_QUALIFICATION_V1 {"deadline_seconds":60.0,"event":"start","phase":"evaluation"}
TETHYS_QUALIFICATION_V1 {"deadline_seconds":60.0,"event":"end","phase":"evaluation","seconds":0.313696749}
TETHYS_QUALIFICATION_V1 {"deadline_seconds":60.0,"event":"start","phase":"evaluation"}
TETHYS_QUALIFICATION_V1 {"deadline_seconds":60.0,"event":"end","phase":"evaluation","seconds":0.272005025}
TETHYS_QUALIFICATION_V1 {"deadline_seconds":60.0,"event":"start","phase":"evaluation"}
TETHYS_QUALIFICATION_V1 {"deadline_seconds":60.0,"event":"end","phase":"evaluation","seconds":0.351579584}
TETHYS_QUALIFICATION_V1 {"deadline_seconds":60.0,"event":"start","phase":"evaluation"}
TETHYS_QUALIFICATION_V1 {"deadline_seconds":60.0,"event":"end","phase":"evaluation","seconds":0.353187978}
TETHYS_QUALIFICATION_V1 {"deadline_seconds":60.0,"event":"start","phase":"evaluation"}
TETHYS_QUALIFICATION_V1 {"deadline_seconds":60.0,"event":"end","phase":"evaluation","seconds":0.39592121}
TETHYS_QUALIFICATION_V1 {"deadline_seconds":60.0,"event":"start","phase":"evaluation"}
TETHYS_QUALIFICATION_V1 {"deadline_seconds":60.0,"event":"end","phase":"evaluation","seconds":0.334319768}
TETHYS_QUALIFICATION_V1 {"deadline_seconds":null,"event":"end","phase":"discovery","seconds":282.760382723}
TETHYS_QUALIFICATION_V1 {"deadline_seconds":null,"event":"start","phase":"reindex"}
TETHYS_QUALIFICATION_V1 {"deadline_seconds":null,"event":"end","phase":"reindex","seconds":8.787585658}
