TETHYS_QUALIFICATION_V1 {"deadline_seconds":null,"event":"start","phase":"discovery"}
TETHYS_QUALIFICATION_V1 {"deadline_seconds":60.0,"event":"start","phase":"evaluation"}
TETHYS_QUALIFICATION_V1 {"deadline_seconds":60.0,"event":"end","phase":"evaluation","seconds":0.393148989}
TETHYS_QUALIFICATION_V1 {"deadline_seconds":60.0,"event":"start","phase":"restore"}
TETHYS_QUALIFICATION_V1 {"deadline_seconds":60.0,"event":"end","phase":"restore","seconds":0.718004049}
TETHYS_QUALIFICATION_V1 {"deadline_seconds":60.0,"event":"start","phase":"evaluation"}
TETHYS_QUALIFICATION_V1 {"deadline_seconds":60.0,"event":"end","phase":"evaluation","seconds":0.401819818}
TETHYS_QUALIFICATION_V1 {"deadline_seconds":60.0,"event":"start","phase":"evaluation"}
TETHYS_QUALIFICATION_V1 {"deadline_seconds":60.0,"event":"end","phase":"evaluation","seconds":0.396327064}
TETHYS_QUALIFICATION_V1 {"deadline_seconds":60.0,"event":"start","phase":"evaluation"}
TETHYS_QUALIFICATION_V1 {"deadline_seconds":60.0,"event":"end","phase":"evaluation","seconds":0.296671281}
TETHYS_QUALIFICATION_V1 {"deadline_seconds":60.0,"event":"start","phase":"evaluation"}
TETHYS_QUALIFICATION_V1 {"deadline_seconds":60.0,"event":"end","phase":"evaluation","seconds":0.499157865}
TETHYS_QUALIFICATION_V1 {"deadline_seconds":60.0,"event":"start","phase":"evaluation"}
TETHYS_QUALIFICATION_V1 {"deadline_seconds":60.0,"event":"end","phase":"evaluation","seconds":0.400674786}
TETHYS_QUALIFICATION_V1 {"deadline_seconds":60.0,"event":"start","phase":"evaluation"}
TETHYS_QUALIFICATION_V1 {"deadline_seconds":60.0,"event":"end","phase":"evaluation","seconds":0.431378934}
TETHYS_QUALIFICATION_V1 {"deadline_seconds":60.0,"event":"start","phase":"restore"}
TETHYS_QUALIFICATION_V1 {"deadline_seconds":60.0,"event":"end","phase":"restore","seconds":2.429884724}
TETHYS_QUALIFICATION_V1 {"deadline_seconds":60.0,"event":"start","phase":"evaluation"}
TETHYS_QUALIFICATION_V1 {"deadline_seconds":60.0,"event":"end","phase":"evaluation","seconds":0.497540274}
TETHYS_QUALIFICATION_V1 {"deadline_seconds":60.0,"event":"start","phase":"evaluation"}
TETHYS_QUALIFICATION_V1 {"deadline_seconds":60.0,"event":"end","phase":"evaluation","seconds":0.480783544}
TETHYS_QUALIFICATION_V1 {"deadline_seconds":60.0,"event":"start","phase":"evaluation"}
TETHYS_QUALIFICATION_V1 {"deadline_seconds":60.0,"event":"end","phase":"evaluation","seconds":0.458488114}
TETHYS_QUALIFICATION_V1 {"deadline_seconds":60.0,"event":"start","phase":"evaluation"}
TETHYS_QUALIFICATION_V1 {"deadline_seconds":60.0,"event":"end","phase":"evaluation","seconds":0.478358536}
TETHYS_QUALIFICATION_V1 {"deadline_seconds":60.0,"event":"start","phase":"evaluation"}
TETHYS_QUALIFICATION_V1 {"deadline_seconds":60.0,"event":"end","phase":"evaluation","seconds":0.535214253}
TETHYS_QUALIFICATION_V1 {"deadline_seconds":60.0,"event":"start","phase":"evaluation"}
TETHYS_QUALIFICATION_V1 {"deadline_seconds":60.0,"event":"end","phase":"evaluation","seconds":0.525059023}
TETHYS_QUALIFICATION_V1 {"deadline_seconds":60.0,"event":"start","phase":"evaluation"}
TETHYS_QUALIFICATION_V1 {"deadline_seconds":60.0,"event":"end","phase":"evaluation","seconds":0.487400053}
TETHYS_QUALIFICATION_V1 {"deadline_seconds":60.0,"event":"start","phase":"evaluation"}
TETHYS_QUALIFICATION_V1 {"deadline_seconds":60.0,"event":"end","phase":"evaluation","seconds":0.406359903}
TETHYS_QUALIFICATION_V1 {"deadline_seconds":60.0,"event":"start","phase":"restore"}
TETHYS_QUALIFICATION_V1 {"deadline_seconds":60.0,"event":"end","phase":"restore","seconds":2.243993299}
TETHYS_QUALIFICATION_V1 {"deadline_seconds":60.0,"event":"start","phase":"evaluation"}
TETHYS_QUALIFICATION_V1 {"deadline_seconds":60.0,"event":"end","phase":"evaluation","seconds":0.533982969}
TETHYS_QUALIFICATION_V1 {"deadline_seconds":60.0,"event":"start","phase":"restore"}
TETHYS_QUALIFICATION_V1 {"deadline_seconds":60.0,"event":"end","phase":"restore","seconds":2.236568473}
TETHYS_QUALIFICATION_V1 {"deadline_seconds":60.0,"event":"start","phase":"evaluation"}
TETHYS_QUALIFICATION_V1 {"deadline_seconds":60.0,"event":"end","phase":"evaluation","seconds":0.441559422}
TETHYS_QUALIFICATION_V1 {"deadline_seconds":60.0,"event":"start","phase":"restore"}
TETHYS_QUALIFICATION_V1 {"deadline_seconds":60.0,"event":"end","phase":"restore","seconds":2.33548141}
TETHYS_QUALIFICATION_V1 {"deadline_seconds":60.0,"event":"start","phase":"evaluation"}
TETHYS_QUALIFICATION_V1 {"deadline_seconds":60.0,"event":"end","phase":"evaluation","seconds":0.454898316}
TETHYS_QUALIFICATION_V1 {"deadline_seconds":60.0,"event":"start","phase":"restore"}
TETHYS_QUALIFICATION_V1 {"deadline_seconds":60.0,"event":"end","phase":"restore","seconds":4.277024479}
TETHYS_QUALIFICATION_V1 {"deadline_seconds":60.0,"event":"start","phase":"evaluation"}
TETHYS_QUALIFICATION_V1 {"deadline_seconds":60.0,"event":"end","phase":"evaluation","seconds":0.414046864}
TETHYS_QUALIFICATION_V1 {"deadline_seconds":60.0,"event":"start","phase":"evaluation"}
TETHYS_QUALIFICATION_V1 {"deadline_seconds":60.0,"event":"end","phase":"evaluation","seconds":0.50463416}
TETHYS_QUALIFICATION_V1 {"deadline_seconds":60.0,"event":"start","phase":"evaluation"}
TETHYS_QUALIFICATION_V1 {"deadline_seconds":60.0,"event":"end","phase":"evaluation","seconds":0.424693297}
TETHYS_QUALIFICATION_V1 {"deadline_seconds":60.0,"event":"start","phase":"evaluation"}
TETHYS_QUALIFICATION_V1 {"deadline_seconds":60.0,"event":"end","phase":"evaluation","seconds":0.427633555}
TETHYS_QUALIFICATION_V1 {"deadline_seconds":60.0,"event":"start","phase":"restore"}
TETHYS_QUALIFICATION_V1 {"deadline_seconds":60.0,"event":"end","phase":"restore","seconds":3.794801101}
TETHYS_QUALIFICATION_V1 {"deadline_seconds":60.0,"event":"start","phase":"evaluation"}
TETHYS_QUALIFICATION_V1 {"deadline_seconds":60.0,"event":"end","phase":"evaluation","seconds":0.473660396}
TETHYS_QUALIFICATION_V1 {"deadline_seconds":60.0,"event":"start","phase":"evaluation"}
TETHYS_QUALIFICATION_V1 {"deadline_seconds":60.0,"event":"end","phase":"evaluation","seconds":0.52047601}
TETHYS_QUALIFICATION_V1 {"deadline_seconds":60.0,"event":"start","phase":"restore"}
TETHYS_QUALIFICATION_V1 {"deadline_seconds":60.0,"event":"end","phase":"restore","seconds":2.387161474}
TETHYS_QUALIFICATION_V1 {"deadline_seconds":60.0,"event":"start","phase":"evaluation"}
TETHYS_QUALIFICATION_V1 {"deadline_seconds":60.0,"event":"end","phase":"evaluation","seconds":0.436617583}
TETHYS_QUALIFICATION_V1 {"deadline_seconds":60.0,"event":"start","phase":"evaluation"}
TETHYS_QUALIFICATION_V1 {"deadline_seconds":60.0,"event":"end","phase":"evaluation","seconds":0.423682057}
TETHYS_QUALIFICATION_V1 {"deadline_seconds":60.0,"event":"start","phase":"evaluation"}
TETHYS_QUALIFICATION_V1 {"deadline_seconds":60.0,"event":"end","phase":"evaluation","seconds":0.570548336}
TETHYS_QUALIFICATION_V1 {"deadline_seconds":60.0,"event":"start","phase":"evaluation"}
TETHYS_QUALIFICATION_V1 {"deadline_seconds":60.0,"event":"end","phase":"evaluation","seconds":0.526808394}
TETHYS_QUALIFICATION_V1 {"deadline_seconds":60.0,"event":"start","phase":"evaluation"}
TETHYS_QUALIFICATION_V1 {"deadline_seconds":60.0,"event":"end","phase":"evaluation","seconds":0.488008729}
TETHYS_QUALIFICATION_V1 {"deadline_seconds":60.0,"event":"start","phase":"evaluation"}
TETHYS_QUALIFICATION_V1 {"deadline_seconds":60.0,"event":"end","phase":"evaluation","seconds":0.47817356}
TETHYS_QUALIFICATION_V1 {"deadline_seconds":60.0,"event":"start","phase":"evaluation"}
TETHYS_QUALIFICATION_V1 {"deadline_seconds":60.0,"event":"end","phase":"evaluation","seconds":0.445106972}
TETHYS_QUALIFICATION_V1 {"deadline_seconds":60.0,"event":"start","phase":"evaluation"}
TETHYS_QUALIFICATION_V1 {"deadline_seconds":60.0,"event":"end","phase":"evaluation","seconds":0.556991132}
TETHYS_QUALIFICATION_V1 {"deadline_seconds":60.0,"event":"start","phase":"evaluation"}
TETHYS_QUALIFICATION_V1 {"deadline_seconds":60.0,"event":"end","phase":"evaluation","seconds":0.540825374}
TETHYS_QUALIFICATION_V1 {"deadline_seconds":60.0,"event":"start","phase":"evaluation"}
TETHYS_QUALIFICATION_V1 {"deadline_seconds":60.0,"event":"end","phase":"evaluation","seconds":0.464463468}
TETHYS_QUALIFICATION_V1 {"deadline_seconds":60.0,"event":"start","phase":"evaluation"}
TETHYS_QUALIFICATION_V1 {"deadline_seconds":60.0,"event":"end","phase":"evaluation","seconds":0.493321305}
TETHYS_QUALIFICATION_V1 {"deadline_seconds":60.0,"event":"start","phase":"evaluation"}
TETHYS_QUALIFICATION_V1 {"deadline_seconds":60.0,"event":"end","phase":"evaluation","seconds":0.57945018}
TETHYS_QUALIFICATION_V1 {"deadline_seconds":60.0,"event":"start","phase":"evaluation"}
TETHYS_QUALIFICATION_V1 {"deadline_seconds":60.0,"event":"end","phase":"evaluation","seconds":0.442607744}
TETHYS_QUALIFICATION_V1 {"deadline_seconds":60.0,"event":"start","phase":"evaluation"}
TETHYS_QUALIFICATION_V1 {"deadline_seconds":60.0,"event":"end","phase":"evaluation","seconds":0.418776856}
TETHYS_QUALIFICATION_V1 {"deadline_seconds":60.0,"event":"start","phase":"evaluation"}
TETHYS_QUALIFICATION_V1 {"deadline_seconds":60.0,"event":"end","phase":"evaluation","seconds":0.4224649}
TETHYS_QUALIFICATION_V1 {"deadline_seconds":60.0,"event":"start","phase":"evaluation"}
TETHYS_QUALIFICATION_V1 {"deadline_seconds":60.0,"event":"end","phase":"evaluation","seconds":0.431658131}
TETHYS_QUALIFICATION_V1 {"deadline_seconds":60.0,"event":"start","phase":"evaluation"}
TETHYS_QUALIFICATION_V1 {"deadline_seconds":60.0,"event":"end","phase":"evaluation","seconds":0.426294188}
TETHYS_QUALIFICATION_V1 {"deadline_seconds":60.0,"event":"start","phase":"evaluation"}
TETHYS_QUALIFICATION_V1 {"deadline_seconds":60.0,"event":"end","phase":"evaluation","seconds":0.41305461}
TETHYS_QUALIFICATION_V1 {"deadline_seconds":60.0,"event":"start","phase":"evaluation"}
TETHYS_QUALIFICATION_V1 {"deadline_seconds":60.0,"event":"end","phase":"evaluation","seconds":0.450496453}
TETHYS_QUALIFICATION_V1 {"deadline_seconds":60.0,"event":"start","phase":"evaluation"}
TETHYS_QUALIFICATION_V1 {"deadline_seconds":60.0,"event":"end","phase":"evaluation","seconds":0.460260619}
TETHYS_QUALIFICATION_V1 {"deadline_seconds":60.0,"event":"start","phase":"evaluation"}
TETHYS_QUALIFICATION_V1 {"deadline_seconds":60.0,"event":"end","phase":"evaluation","seconds":0.454652657}
TETHYS_QUALIFICATION_V1 {"deadline_seconds":60.0,"event":"start","phase":"evaluation"}
TETHYS_QUALIFICATION_V1 {"deadline_seconds":60.0,"event":"end","phase":"evaluation","seconds":0.532715028}
TETHYS_QUALIFICATION_V1 {"deadline_seconds":60.0,"event":"start","phase":"evaluation"}
TETHYS_QUALIFICATION_V1 {"deadline_seconds":60.0,"event":"end","phase":"evaluation","seconds":0.441941953}
TETHYS_QUALIFICATION_V1 {"deadline_seconds":60.0,"event":"start","phase":"evaluation"}
TETHYS_QUALIFICATION_V1 {"deadline_seconds":60.0,"event":"end","phase":"evaluation","seconds":0.544515441}
TETHYS_QUALIFICATION_V1 {"deadline_seconds":60.0,"event":"start","phase":"evaluation"}
TETHYS_QUALIFICATION_V1 {"deadline_seconds":60.0,"event":"end","phase":"evaluation","seconds":0.438048524}
TETHYS_QUALIFICATION_V1 {"deadline_seconds":60.0,"event":"start","phase":"restore"}
TETHYS_QUALIFICATION_V1 {"deadline_seconds":60.0,"event":"end","phase":"restore","seconds":1.879203299}
TETHYS_QUALIFICATION_V1 {"deadline_seconds":60.0,"event":"start","phase":"evaluation"}
TETHYS_QUALIFICATION_V1 {"deadline_seconds":60.0,"event":"end","phase":"evaluation","seconds":0.504144862}
TETHYS_QUALIFICATION_V1 {"deadline_seconds":60.0,"event":"start","phase":"evaluation"}
TETHYS_QUALIFICATION_V1 {"deadline_seconds":60.0,"event":"end","phase":"evaluation","seconds":0.455879333}
TETHYS_QUALIFICATION_V1 {"deadline_seconds":60.0,"event":"start","phase":"evaluation"}
TETHYS_QUALIFICATION_V1 {"deadline_seconds":60.0,"event":"end","phase":"evaluation","seconds":0.407242374}
TETHYS_QUALIFICATION_V1 {"deadline_seconds":60.0,"event":"start","phase":"restore"}
TETHYS_QUALIFICATION_V1 {"deadline_seconds":60.0,"event":"end","phase":"restore","seconds":2.154361072}
TETHYS_QUALIFICATION_V1 {"deadline_seconds":60.0,"event":"start","phase":"evaluation"}
TETHYS_QUALIFICATION_V1 {"deadline_seconds":60.0,"event":"end","phase":"evaluation","seconds":0.45053157}
TETHYS_QUALIFICATION_V1 {"deadline_seconds":60.0,"event":"start","phase":"evaluation"}
TETHYS_QUALIFICATION_V1 {"deadline_seconds":60.0,"event":"end","phase":"evaluation","seconds":0.452522583}
TETHYS_QUALIFICATION_V1 {"deadline_seconds":60.0,"event":"start","phase":"evaluation"}
TETHYS_QUALIFICATION_V1 {"deadline_seconds":60.0,"event":"end","phase":"evaluation","seconds":0.565768983}
TETHYS_QUALIFICATION_V1 {"deadline_seconds":60.0,"event":"start","phase":"evaluation"}
TETHYS_QUALIFICATION_V1 {"deadline_seconds":60.0,"event":"end","phase":"evaluation","seconds":0.488171486}
TETHYS_QUALIFICATION_V1 {"deadline_seconds":60.0,"event":"start","phase":"evaluation"}
TETHYS_QUALIFICATION_V1 {"deadline_seconds":60.0,"event":"end","phase":"evaluation","seconds":0.444064323}
TETHYS_QUALIFICATION_V1 {"deadline_seconds":60.0,"event":"start","phase":"evaluation"}
TETHYS_QUALIFICATION_V1 {"deadline_seconds":60.0,"event":"end","phase":"evaluation","seconds":0.493355181}
TETHYS_QUALIFICATION_V1 {"deadline_seconds":60.0,"event":"start","phase":"evaluation"}
TETHYS_QUALIFICATION_V1 {"deadline_seconds":60.0,"event":"end","phase":"evaluation","seconds":0.344271342}
TETHYS_QUALIFICATION_V1 {"deadline_seconds":60.0,"event":"start","phase":"restore"}
TETHYS_QUALIFICATION_V1 {"deadline_seconds":60.0,"event":"end","phase":"restore","seconds":2.323640345}
TETHYS_QUALIFICATION_V1 {"deadline_seconds":60.0,"event":"start","phase":"evaluation"}
TETHYS_QUALIFICATION_V1 {"deadline_seconds":60.0,"event":"end","phase":"evaluation","seconds":0.406262062}
TETHYS_QUALIFICATION_V1 {"deadline_seconds":60.0,"event":"start","phase":"evaluation"}
TETHYS_QUALIFICATION_V1 {"deadline_seconds":60.0,"event":"end","phase":"evaluation","seconds":0.571145491}
TETHYS_QUALIFICATION_V1 {"deadline_seconds":60.0,"event":"start","phase":"evaluation"}
TETHYS_QUALIFICATION_V1 {"deadline_seconds":60.0,"event":"end","phase":"evaluation","seconds":0.533774732}
TETHYS_QUALIFICATION_V1 {"deadline_seconds":60.0,"event":"start","phase":"evaluation"}
TETHYS_QUALIFICATION_V1 {"deadline_seconds":60.0,"event":"end","phase":"evaluation","seconds":0.429741158}
TETHYS_QUALIFICATION_V1 {"deadline_seconds":60.0,"event":"start","phase":"evaluation"}
TETHYS_QUALIFICATION_V1 {"deadline_seconds":60.0,"event":"end","phase":"evaluation","seconds":0.494065265}
TETHYS_QUALIFICATION_V1 {"deadline_seconds":60.0,"event":"start","phase":"evaluation"}
TETHYS_QUALIFICATION_V1 {"deadline_seconds":60.0,"event":"end","phase":"evaluation","seconds":0.439809365}
TETHYS_QUALIFICATION_V1 {"deadline_seconds":60.0,"event":"start","phase":"evaluation"}
TETHYS_QUALIFICATION_V1 {"deadline_seconds":60.0,"event":"end","phase":"evaluation","seconds":0.398268697}
TETHYS_QUALIFICATION_V1 {"deadline_seconds":60.0,"event":"start","phase":"restore"}
TETHYS_QUALIFICATION_V1 {"deadline_seconds":60.0,"event":"end","phase":"restore","seconds":3.960628153}
TETHYS_QUALIFICATION_V1 {"deadline_seconds":60.0,"event":"start","phase":"evaluation"}
TETHYS_QUALIFICATION_V1 {"deadline_seconds":60.0,"event":"end","phase":"evaluation","seconds":0.452590402}
TETHYS_QUALIFICATION_V1 {"deadline_seconds":60.0,"event":"start","phase":"evaluation"}
TETHYS_QUALIFICATION_V1 {"deadline_seconds":60.0,"event":"end","phase":"evaluation","seconds":0.396131419}
TETHYS_QUALIFICATION_V1 {"deadline_seconds":60.0,"event":"start","phase":"evaluation"}
TETHYS_QUALIFICATION_V1 {"deadline_seconds":60.0,"event":"end","phase":"evaluation","seconds":0.313070241}
TETHYS_QUALIFICATION_V1 {"deadline_seconds":60.0,"event":"start","phase":"evaluation"}
TETHYS_QUALIFICATION_V1 {"deadline_seconds":60.0,"event":"end","phase":"evaluation","seconds":0.414999809}
TETHYS_QUALIFICATION_V1 {"deadline_seconds":60.0,"event":"start","phase":"restore"}
TETHYS_QUALIFICATION_V1 {"deadline_seconds":60.0,"event":"end","phase":"restore","seconds":4.857492005}
TETHYS_QUALIFICATION_V1 {"deadline_seconds":60.0,"event":"start","phase":"evaluation"}
TETHYS_QUALIFICATION_V1 {"deadline_seconds":60.0,"event":"end","phase":"evaluation","seconds":0.446406066}
TETHYS_QUALIFICATION_V1 {"deadline_seconds":60.0,"event":"start","phase":"evaluation"}
TETHYS_QUALIFICATION_V1 {"deadline_seconds":60.0,"event":"end","phase":"evaluation","seconds":0.521116547}
TETHYS_QUALIFICATION_V1 {"deadline_seconds":60.0,"event":"start","phase":"restore"}
TETHYS_QUALIFICATION_V1 {"deadline_seconds":60.0,"event":"end","phase":"restore","seconds":4.363718591}
TETHYS_QUALIFICATION_V1 {"deadline_seconds":60.0,"event":"start","phase":"evaluation"}
TETHYS_QUALIFICATION_V1 {"deadline_seconds":60.0,"event":"end","phase":"evaluation","seconds":0.46067523}
TETHYS_QUALIFICATION_V1 {"deadline_seconds":60.0,"event":"start","phase":"evaluation"}
TETHYS_QUALIFICATION_V1 {"deadline_seconds":60.0,"event":"end","phase":"evaluation","seconds":0.433705762}
TETHYS_QUALIFICATION_V1 {"deadline_seconds":60.0,"event":"start","phase":"restore"}
TETHYS_QUALIFICATION_V1 {"deadline_seconds":60.0,"event":"end","phase":"restore","seconds":1.9149154990000001}
TETHYS_QUALIFICATION_V1 {"deadline_seconds":60.0,"event":"start","phase":"evaluation"}
TETHYS_QUALIFICATION_V1 {"deadline_seconds":60.0,"event":"end","phase":"evaluation","seconds":0.380973276}
TETHYS_QUALIFICATION_V1 {"deadline_seconds":60.0,"event":"start","phase":"evaluation"}
TETHYS_QUALIFICATION_V1 {"deadline_seconds":60.0,"event":"end","phase":"evaluation","seconds":0.353256854}
TETHYS_QUALIFICATION_V1 {"deadline_seconds":60.0,"event":"start","phase":"evaluation"}
TETHYS_QUALIFICATION_V1 {"deadline_seconds":60.0,"event":"end","phase":"evaluation","seconds":0.537598762}
TETHYS_QUALIFICATION_V1 {"deadline_seconds":60.0,"event":"start","phase":"restore"}
TETHYS_QUALIFICATION_V1 {"deadline_seconds":60.0,"event":"end","phase":"restore","seconds":0.962771163}
TETHYS_QUALIFICATION_V1 {"deadline_seconds":60.0,"event":"start","phase":"evaluation"}
TETHYS_QUALIFICATION_V1 {"deadline_seconds":60.0,"event":"end","phase":"evaluation","seconds":0.5313262}
TETHYS_QUALIFICATION_V1 {"deadline_seconds":60.0,"event":"start","phase":"evaluation"}
TETHYS_QUALIFICATION_V1 {"deadline_seconds":60.0,"event":"end","phase":"evaluation","seconds":0.600826448}
TETHYS_QUALIFICATION_V1 {"deadline_seconds":60.0,"event":"start","phase":"restore"}
TETHYS_QUALIFICATION_V1 {"deadline_seconds":60.0,"event":"end","phase":"restore","seconds":1.046545123}
TETHYS_QUALIFICATION_V1 {"deadline_seconds":60.0,"event":"start","phase":"evaluation"}
TETHYS_QUALIFICATION_V1 {"deadline_seconds":60.0,"event":"end","phase":"evaluation","seconds":0.533396622}
TETHYS_QUALIFICATION_V1 {"deadline_seconds":60.0,"event":"start","phase":"evaluation"}
TETHYS_QUALIFICATION_V1 {"deadline_seconds":60.0,"event":"end","phase":"evaluation","seconds":0.611068851}
TETHYS_QUALIFICATION_V1 {"deadline_seconds":60.0,"event":"start","phase":"evaluation"}
TETHYS_QUALIFICATION_V1 {"deadline_seconds":60.0,"event":"end","phase":"evaluation","seconds":0.529321682}
TETHYS_QUALIFICATION_V1 {"deadline_seconds":60.0,"event":"start","phase":"evaluation"}
TETHYS_QUALIFICATION_V1 {"deadline_seconds":60.0,"event":"end","phase":"evaluation","seconds":0.432216974}
TETHYS_QUALIFICATION_V1 {"deadline_seconds":60.0,"event":"start","phase":"evaluation"}
TETHYS_QUALIFICATION_V1 {"deadline_seconds":60.0,"event":"end","phase":"evaluation","seconds":0.591599744}
TETHYS_QUALIFICATION_V1 {"deadline_seconds":60.0,"event":"start","phase":"evaluation"}
TETHYS_QUALIFICATION_V1 {"deadline_seconds":60.0,"event":"end","phase":"evaluation","seconds":0.39505662}
TETHYS_QUALIFICATION_V1 {"deadline_seconds":60.0,"event":"start","phase":"evaluation"}
TETHYS_QUALIFICATION_V1 {"deadline_seconds":60.0,"event":"end","phase":"evaluation","seconds":0.381106015}
TETHYS_QUALIFICATION_V1 {"deadline_seconds":60.0,"event":"start","phase":"evaluation"}
TETHYS_QUALIFICATION_V1 {"deadline_seconds":60.0,"event":"end","phase":"evaluation","seconds":0.512383122}
TETHYS_QUALIFICATION_V1 {"deadline_seconds":60.0,"event":"start","phase":"restore"}
TETHYS_QUALIFICATION_V1 {"deadline_seconds":60.0,"event":"end","phase":"restore","seconds":1.953024299}
TETHYS_QUALIFICATION_V1 {"deadline_seconds":60.0,"event":"start","phase":"evaluation"}
TETHYS_QUALIFICATION_V1 {"deadline_seconds":60.0,"event":"end","phase":"evaluation","seconds":0.540161539}
TETHYS_QUALIFICATION_V1 {"deadline_seconds":60.0,"event":"start","phase":"evaluation"}
TETHYS_QUALIFICATION_V1 {"deadline_seconds":60.0,"event":"end","phase":"evaluation","seconds":0.541568565}
TETHYS_QUALIFICATION_V1 {"deadline_seconds":60.0,"event":"start","phase":"restore"}
TETHYS_QUALIFICATION_V1 {"deadline_seconds":60.0,"event":"end","phase":"restore","seconds":1.932313288}
TETHYS_QUALIFICATION_V1 {"deadline_seconds":60.0,"event":"start","phase":"evaluation"}
TETHYS_QUALIFICATION_V1 {"deadline_seconds":60.0,"event":"end","phase":"evaluation","seconds":0.440255856}
TETHYS_QUALIFICATION_V1 {"deadline_seconds":60.0,"event":"start","phase":"evaluation"}
TETHYS_QUALIFICATION_V1 {"deadline_seconds":60.0,"event":"end","phase":"evaluation","seconds":0.595960161}
TETHYS_QUALIFICATION_V1 {"deadline_seconds":60.0,"event":"start","phase":"evaluation"}
TETHYS_QUALIFICATION_V1 {"deadline_seconds":60.0,"event":"end","phase":"evaluation","seconds":0.583129552}
TETHYS_QUALIFICATION_V1 {"deadline_seconds":60.0,"event":"start","phase":"evaluation"}
TETHYS_QUALIFICATION_V1 {"deadline_seconds":60.0,"event":"end","phase":"evaluation","seconds":0.324018823}
TETHYS_QUALIFICATION_V1 {"deadline_seconds":60.0,"event":"start","phase":"evaluation"}
TETHYS_QUALIFICATION_V1 {"deadline_seconds":60.0,"event":"end","phase":"evaluation","seconds":0.334622666}
TETHYS_QUALIFICATION_V1 {"deadline_seconds":60.0,"event":"start","phase":"evaluation"}
TETHYS_QUALIFICATION_V1 {"deadline_seconds":60.0,"event":"end","phase":"evaluation","seconds":0.532736562}
TETHYS_QUALIFICATION_V1 {"deadline_seconds":60.0,"event":"start","phase":"restore"}
TETHYS_QUALIFICATION_V1 {"deadline_seconds":60.0,"event":"end","phase":"restore","seconds":1.370601118}
TETHYS_QUALIFICATION_V1 {"deadline_seconds":60.0,"event":"start","phase":"evaluation"}
TETHYS_QUALIFICATION_V1 {"deadline_seconds":60.0,"event":"end","phase":"evaluation","seconds":0.457047282}
TETHYS_QUALIFICATION_V1 {"deadline_seconds":60.0,"event":"start","phase":"evaluation"}
TETHYS_QUALIFICATION_V1 {"deadline_seconds":60.0,"event":"end","phase":"evaluation","seconds":0.456281502}
TETHYS_QUALIFICATION_V1 {"deadline_seconds":60.0,"event":"start","phase":"restore"}
TETHYS_QUALIFICATION_V1 {"deadline_seconds":60.0,"event":"end","phase":"restore","seconds":1.540070748}
TETHYS_QUALIFICATION_V1 {"deadline_seconds":60.0,"event":"start","phase":"evaluation"}
TETHYS_QUALIFICATION_V1 {"deadline_seconds":60.0,"event":"end","phase":"evaluation","seconds":0.576614124}
TETHYS_QUALIFICATION_V1 {"deadline_seconds":60.0,"event":"start","phase":"evaluation"}
TETHYS_QUALIFICATION_V1 {"deadline_seconds":60.0,"event":"end","phase":"evaluation","seconds":0.449856625}
TETHYS_QUALIFICATION_V1 {"deadline_seconds":60.0,"event":"start","phase":"evaluation"}
TETHYS_QUALIFICATION_V1 {"deadline_seconds":60.0,"event":"end","phase":"evaluation","seconds":0.461681604}
TETHYS_QUALIFICATION_V1 {"deadline_seconds":60.0,"event":"start","phase":"evaluation"}
TETHYS_QUALIFICATION_V1 {"deadline_seconds":60.0,"event":"end","phase":"evaluation","seconds":0.344016365}
TETHYS_QUALIFICATION_V1 {"deadline_seconds":60.0,"event":"start","phase":"evaluation"}
TETHYS_QUALIFICATION_V1 {"deadline_seconds":60.0,"event":"end","phase":"evaluation","seconds":0.324780044}
TETHYS_QUALIFICATION_V1 {"deadline_seconds":60.0,"event":"start","phase":"evaluation"}
TETHYS_QUALIFICATION_V1 {"deadline_seconds":60.0,"event":"end","phase":"evaluation","seconds":0.417235253}
TETHYS_QUALIFICATION_V1 {"deadline_seconds":60.0,"event":"start","phase":"evaluation"}
TETHYS_QUALIFICATION_V1 {"deadline_seconds":60.0,"event":"end","phase":"evaluation","seconds":0.420656995}
TETHYS_QUALIFICATION_V1 {"deadline_seconds":60.0,"event":"start","phase":"evaluation"}
TETHYS_QUALIFICATION_V1 {"deadline_seconds":60.0,"event":"end","phase":"evaluation","seconds":0.428214001}
TETHYS_QUALIFICATION_V1 {"deadline_seconds":60.0,"event":"start","phase":"restore"}
TETHYS_QUALIFICATION_V1 {"deadline_seconds":60.0,"event":"end","phase":"restore","seconds":1.602687537}
TETHYS_QUALIFICATION_V1 {"deadline_seconds":60.0,"event":"start","phase":"evaluation"}
TETHYS_QUALIFICATION_V1 {"deadline_seconds":60.0,"event":"end","phase":"evaluation","seconds":0.40966382}
TETHYS_QUALIFICATION_V1 {"deadline_seconds":60.0,"event":"start","phase":"evaluation"}
TETHYS_QUALIFICATION_V1 {"deadline_seconds":60.0,"event":"end","phase":"evaluation","seconds":0.520304434}
TETHYS_QUALIFICATION_V1 {"deadline_seconds":60.0,"event":"start","phase":"evaluation"}
TETHYS_QUALIFICATION_V1 {"deadline_seconds":60.0,"event":"end","phase":"evaluation","seconds":0.424461557}
TETHYS_QUALIFICATION_V1 {"deadline_seconds":60.0,"event":"start","phase":"evaluation"}
TETHYS_QUALIFICATION_V1 {"deadline_seconds":60.0,"event":"end","phase":"evaluation","seconds":0.414990233}
TETHYS_QUALIFICATION_V1 {"deadline_seconds":60.0,"event":"start","phase":"evaluation"}
TETHYS_QUALIFICATION_V1 {"deadline_seconds":60.0,"event":"end","phase":"evaluation","seconds":0.382689283}
TETHYS_QUALIFICATION_V1 {"deadline_seconds":60.0,"event":"start","phase":"evaluation"}
TETHYS_QUALIFICATION_V1 {"deadline_seconds":60.0,"event":"end","phase":"evaluation","seconds":0.460656947}
TETHYS_QUALIFICATION_V1 {"deadline_seconds":60.0,"event":"start","phase":"restore"}
TETHYS_QUALIFICATION_V1 {"deadline_seconds":60.0,"event":"end","phase":"restore","seconds":3.64007514}
TETHYS_QUALIFICATION_V1 {"deadline_seconds":60.0,"event":"start","phase":"evaluation"}
TETHYS_QUALIFICATION_V1 {"deadline_seconds":60.0,"event":"end","phase":"evaluation","seconds":0.40796685}
TETHYS_QUALIFICATION_V1 {"deadline_seconds":60.0,"event":"start","phase":"evaluation"}
TETHYS_QUALIFICATION_V1 {"deadline_seconds":60.0,"event":"end","phase":"evaluation","seconds":0.408532433}
TETHYS_QUALIFICATION_V1 {"deadline_seconds":60.0,"event":"start","phase":"restore"}
TETHYS_QUALIFICATION_V1 {"deadline_seconds":60.0,"event":"end","phase":"restore","seconds":3.6288217080000003}
TETHYS_QUALIFICATION_V1 {"deadline_seconds":60.0,"event":"start","phase":"evaluation"}
TETHYS_QUALIFICATION_V1 {"deadline_seconds":60.0,"event":"end","phase":"evaluation","seconds":0.429305693}
TETHYS_QUALIFICATION_V1 {"deadline_seconds":60.0,"event":"start","phase":"evaluation"}
TETHYS_QUALIFICATION_V1 {"deadline_seconds":60.0,"event":"end","phase":"evaluation","seconds":0.421945328}
TETHYS_QUALIFICATION_V1 {"deadline_seconds":60.0,"event":"start","phase":"evaluation"}
TETHYS_QUALIFICATION_V1 {"deadline_seconds":60.0,"event":"end","phase":"evaluation","seconds":0.415439257}
TETHYS_QUALIFICATION_V1 {"deadline_seconds":60.0,"event":"start","phase":"evaluation"}
TETHYS_QUALIFICATION_V1 {"deadline_seconds":60.0,"event":"end","phase":"evaluation","seconds":0.500983635}
TETHYS_QUALIFICATION_V1 {"deadline_seconds":60.0,"event":"start","phase":"evaluation"}
TETHYS_QUALIFICATION_V1 {"deadline_seconds":60.0,"event":"end","phase":"evaluation","seconds":0.441530825}
TETHYS_QUALIFICATION_V1 {"deadline_seconds":60.0,"event":"start","phase":"evaluation"}
TETHYS_QUALIFICATION_V1 {"deadline_seconds":60.0,"event":"end","phase":"evaluation","seconds":0.442144228}
TETHYS_QUALIFICATION_V1 {"deadline_seconds":60.0,"event":"start","phase":"evaluation"}
TETHYS_QUALIFICATION_V1 {"deadline_seconds":60.0,"event":"end","phase":"evaluation","seconds":0.499950302}
TETHYS_QUALIFICATION_V1 {"deadline_seconds":60.0,"event":"start","phase":"evaluation"}
TETHYS_QUALIFICATION_V1 {"deadline_seconds":60.0,"event":"end","phase":"evaluation","seconds":0.542606118}
TETHYS_QUALIFICATION_V1 {"deadline_seconds":60.0,"event":"start","phase":"restore"}
TETHYS_QUALIFICATION_V1 {"deadline_seconds":60.0,"event":"end","phase":"restore","seconds":2.058467352}
TETHYS_QUALIFICATION_V1 {"deadline_seconds":60.0,"event":"start","phase":"evaluation"}
TETHYS_QUALIFICATION_V1 {"deadline_seconds":60.0,"event":"end","phase":"evaluation","seconds":0.45799281}
TETHYS_QUALIFICATION_V1 {"deadline_seconds":60.0,"event":"start","phase":"evaluation"}
TETHYS_QUALIFICATION_V1 {"deadline_seconds":60.0,"event":"end","phase":"evaluation","seconds":0.59013352}
TETHYS_QUALIFICATION_V1 {"deadline_seconds":60.0,"event":"start","phase":"evaluation"}
TETHYS_QUALIFICATION_V1 {"deadline_seconds":60.0,"event":"end","phase":"evaluation","seconds":0.583553952}
TETHYS_QUALIFICATION_V1 {"deadline_seconds":60.0,"event":"start","phase":"evaluation"}
TETHYS_QUALIFICATION_V1 {"deadline_seconds":60.0,"event":"end","phase":"evaluation","seconds":0.446259503}
TETHYS_QUALIFICATION_V1 {"deadline_seconds":60.0,"event":"start","phase":"evaluation"}
TETHYS_QUALIFICATION_V1 {"deadline_seconds":60.0,"event":"end","phase":"evaluation","seconds":0.369282141}
TETHYS_QUALIFICATION_V1 {"deadline_seconds":60.0,"event":"start","phase":"evaluation"}
TETHYS_QUALIFICATION_V1 {"deadline_seconds":60.0,"event":"end","phase":"evaluation","seconds":0.451982843}
TETHYS_QUALIFICATION_V1 {"deadline_seconds":60.0,"event":"start","phase":"restore"}
TETHYS_QUALIFICATION_V1 {"deadline_seconds":60.0,"event":"end","phase":"restore","seconds":1.898325426}
TETHYS_QUALIFICATION_V1 {"deadline_seconds":60.0,"event":"start","phase":"evaluation"}
TETHYS_QUALIFICATION_V1 {"deadline_seconds":60.0,"event":"end","phase":"evaluation","seconds":0.495448491}
TETHYS_QUALIFICATION_V1 {"deadline_seconds":60.0,"event":"start","phase":"evaluation"}
TETHYS_QUALIFICATION_V1 {"deadline_seconds":60.0,"event":"end","phase":"evaluation","seconds":0.4586785}
TETHYS_QUALIFICATION_V1 {"deadline_seconds":60.0,"event":"start","phase":"restore"}
TETHYS_QUALIFICATION_V1 {"deadline_seconds":60.0,"event":"end","phase":"restore","seconds":1.9136790590000001}
TETHYS_QUALIFICATION_V1 {"deadline_seconds":60.0,"event":"start","phase":"evaluation"}
TETHYS_QUALIFICATION_V1 {"deadline_seconds":60.0,"event":"end","phase":"evaluation","seconds":0.496761168}
TETHYS_QUALIFICATION_V1 {"deadline_seconds":60.0,"event":"start","phase":"evaluation"}
TETHYS_QUALIFICATION_V1 {"deadline_seconds":60.0,"event":"end","phase":"evaluation","seconds":0.514289979}
TETHYS_QUALIFICATION_V1 {"deadline_seconds":60.0,"event":"start","phase":"evaluation"}
TETHYS_QUALIFICATION_V1 {"deadline_seconds":60.0,"event":"end","phase":"evaluation","seconds":0.527865559}
TETHYS_QUALIFICATION_V1 {"deadline_seconds":60.0,"event":"start","phase":"evaluation"}
TETHYS_QUALIFICATION_V1 {"deadline_seconds":60.0,"event":"end","phase":"evaluation","seconds":0.360074193}
TETHYS_QUALIFICATION_V1 {"deadline_seconds":60.0,"event":"start","phase":"evaluation"}
TETHYS_QUALIFICATION_V1 {"deadline_seconds":60.0,"event":"end","phase":"evaluation","seconds":0.433717929}
TETHYS_QUALIFICATION_V1 {"deadline_seconds":60.0,"event":"start","phase":"evaluation"}
TETHYS_QUALIFICATION_V1 {"deadline_seconds":60.0,"event":"end","phase":"evaluation","seconds":0.520835203}
TETHYS_QUALIFICATION_V1 {"deadline_seconds":60.0,"event":"start","phase":"evaluation"}
TETHYS_QUALIFICATION_V1 {"deadline_seconds":60.0,"event":"end","phase":"evaluation","seconds":0.457880449}
TETHYS_QUALIFICATION_V1 {"deadline_seconds":60.0,"event":"start","phase":"evaluation"}
TETHYS_QUALIFICATION_V1 {"deadline_seconds":60.0,"event":"end","phase":"evaluation","seconds":0.454460581}
TETHYS_QUALIFICATION_V1 {"deadline_seconds":60.0,"event":"start","phase":"restore"}
TETHYS_QUALIFICATION_V1 {"deadline_seconds":60.0,"event":"end","phase":"restore","seconds":1.3547460199999999}
TETHYS_QUALIFICATION_V1 {"deadline_seconds":60.0,"event":"start","phase":"evaluation"}
TETHYS_QUALIFICATION_V1 {"deadline_seconds":60.0,"event":"end","phase":"evaluation","seconds":0.452850144}
TETHYS_QUALIFICATION_V1 {"deadline_seconds":60.0,"event":"start","phase":"evaluation"}
TETHYS_QUALIFICATION_V1 {"deadline_seconds":60.0,"event":"end","phase":"evaluation","seconds":0.560500155}
TETHYS_QUALIFICATION_V1 {"deadline_seconds":60.0,"event":"start","phase":"evaluation"}
TETHYS_QUALIFICATION_V1 {"deadline_seconds":60.0,"event":"end","phase":"evaluation","seconds":0.474666785}
TETHYS_QUALIFICATION_V1 {"deadline_seconds":60.0,"event":"start","phase":"evaluation"}
TETHYS_QUALIFICATION_V1 {"deadline_seconds":60.0,"event":"end","phase":"evaluation","seconds":0.348153654}
TETHYS_QUALIFICATION_V1 {"deadline_seconds":60.0,"event":"start","phase":"evaluation"}
TETHYS_QUALIFICATION_V1 {"deadline_seconds":60.0,"event":"end","phase":"evaluation","seconds":0.351687918}
TETHYS_QUALIFICATION_V1 {"deadline_seconds":60.0,"event":"start","phase":"evaluation"}
TETHYS_QUALIFICATION_V1 {"deadline_seconds":60.0,"event":"end","phase":"evaluation","seconds":0.484961187}
TETHYS_QUALIFICATION_V1 {"deadline_seconds":60.0,"event":"start","phase":"restore"}
TETHYS_QUALIFICATION_V1 {"deadline_seconds":60.0,"event":"end","phase":"restore","seconds":1.99503771}
TETHYS_QUALIFICATION_V1 {"deadline_seconds":60.0,"event":"start","phase":"evaluation"}
TETHYS_QUALIFICATION_V1 {"deadline_seconds":60.0,"event":"end","phase":"evaluation","seconds":0.410880159}
TETHYS_QUALIFICATION_V1 {"deadline_seconds":60.0,"event":"start","phase":"evaluation"}
TETHYS_QUALIFICATION_V1 {"deadline_seconds":60.0,"event":"end","phase":"evaluation","seconds":0.423879565}
TETHYS_QUALIFICATION_V1 {"deadline_seconds":60.0,"event":"start","phase":"restore"}
TETHYS_QUALIFICATION_V1 {"deadline_seconds":60.0,"event":"end","phase":"restore","seconds":1.860652381}
TETHYS_QUALIFICATION_V1 {"deadline_seconds":60.0,"event":"start","phase":"evaluation"}
TETHYS_QUALIFICATION_V1 {"deadline_seconds":60.0,"event":"end","phase":"evaluation","seconds":0.434439726}
TETHYS_QUALIFICATION_V1 {"deadline_seconds":60.0,"event":"start","phase":"evaluation"}
TETHYS_QUALIFICATION_V1 {"deadline_seconds":60.0,"event":"end","phase":"evaluation","seconds":0.431262053}
TETHYS_QUALIFICATION_V1 {"deadline_seconds":60.0,"event":"start","phase":"evaluation"}
TETHYS_QUALIFICATION_V1 {"deadline_seconds":60.0,"event":"end","phase":"evaluation","seconds":0.433733638}
TETHYS_QUALIFICATION_V1 {"deadline_seconds":60.0,"event":"start","phase":"evaluation"}
TETHYS_QUALIFICATION_V1 {"deadline_seconds":60.0,"event":"end","phase":"evaluation","seconds":0.334156943}
TETHYS_QUALIFICATION_V1 {"deadline_seconds":60.0,"event":"start","phase":"evaluation"}
TETHYS_QUALIFICATION_V1 {"deadline_seconds":60.0,"event":"end","phase":"evaluation","seconds":0.333065081}
TETHYS_QUALIFICATION_V1 {"deadline_seconds":60.0,"event":"start","phase":"evaluation"}
TETHYS_QUALIFICATION_V1 {"deadline_seconds":60.0,"event":"end","phase":"evaluation","seconds":0.502163534}
TETHYS_QUALIFICATION_V1 {"deadline_seconds":60.0,"event":"start","phase":"restore"}
TETHYS_QUALIFICATION_V1 {"deadline_seconds":60.0,"event":"end","phase":"restore","seconds":1.306589477}
TETHYS_QUALIFICATION_V1 {"deadline_seconds":60.0,"event":"start","phase":"evaluation"}
TETHYS_QUALIFICATION_V1 {"deadline_seconds":60.0,"event":"end","phase":"evaluation","seconds":0.520046771}
TETHYS_QUALIFICATION_V1 {"deadline_seconds":60.0,"event":"start","phase":"evaluation"}
TETHYS_QUALIFICATION_V1 {"deadline_seconds":60.0,"event":"end","phase":"evaluation","seconds":0.399123839}
TETHYS_QUALIFICATION_V1 {"deadline_seconds":60.0,"event":"start","phase":"restore"}
TETHYS_QUALIFICATION_V1 {"deadline_seconds":60.0,"event":"end","phase":"restore","seconds":1.3872805910000001}
TETHYS_QUALIFICATION_V1 {"deadline_seconds":60.0,"event":"start","phase":"evaluation"}
TETHYS_QUALIFICATION_V1 {"deadline_seconds":60.0,"event":"end","phase":"evaluation","seconds":0.515950612}
TETHYS_QUALIFICATION_V1 {"deadline_seconds":60.0,"event":"start","phase":"evaluation"}
TETHYS_QUALIFICATION_V1 {"deadline_seconds":60.0,"event":"end","phase":"evaluation","seconds":0.5212636}
TETHYS_QUALIFICATION_V1 {"deadline_seconds":60.0,"event":"start","phase":"evaluation"}
TETHYS_QUALIFICATION_V1 {"deadline_seconds":60.0,"event":"end","phase":"evaluation","seconds":0.444078997}
TETHYS_QUALIFICATION_V1 {"deadline_seconds":60.0,"event":"start","phase":"evaluation"}
TETHYS_QUALIFICATION_V1 {"deadline_seconds":60.0,"event":"end","phase":"evaluation","seconds":0.473598297}
TETHYS_QUALIFICATION_V1 {"deadline_seconds":60.0,"event":"start","phase":"evaluation"}
TETHYS_QUALIFICATION_V1 {"deadline_seconds":60.0,"event":"end","phase":"evaluation","seconds":0.572270924}
TETHYS_QUALIFICATION_V1 {"deadline_seconds":60.0,"event":"start","phase":"evaluation"}
TETHYS_QUALIFICATION_V1 {"deadline_seconds":60.0,"event":"end","phase":"evaluation","seconds":0.345009323}
TETHYS_QUALIFICATION_V1 {"deadline_seconds":60.0,"event":"start","phase":"evaluation"}
TETHYS_QUALIFICATION_V1 {"deadline_seconds":60.0,"event":"end","phase":"evaluation","seconds":0.422419992}
TETHYS_QUALIFICATION_V1 {"deadline_seconds":60.0,"event":"start","phase":"evaluation"}
TETHYS_QUALIFICATION_V1 {"deadline_seconds":60.0,"event":"end","phase":"evaluation","seconds":0.482008928}
TETHYS_QUALIFICATION_V1 {"deadline_seconds":60.0,"event":"start","phase":"restore"}
TETHYS_QUALIFICATION_V1 {"deadline_seconds":60.0,"event":"end","phase":"restore","seconds":2.497655703}
TETHYS_QUALIFICATION_V1 {"deadline_seconds":60.0,"event":"start","phase":"evaluation"}
TETHYS_QUALIFICATION_V1 {"deadline_seconds":60.0,"event":"end","phase":"evaluation","seconds":0.528021213}
TETHYS_QUALIFICATION_V1 {"deadline_seconds":60.0,"event":"start","phase":"evaluation"}
TETHYS_QUALIFICATION_V1 {"deadline_seconds":60.0,"event":"end","phase":"evaluation","seconds":0.453908735}
TETHYS_QUALIFICATION_V1 {"deadline_seconds":60.0,"event":"start","phase":"restore"}
TETHYS_QUALIFICATION_V1 {"deadline_seconds":60.0,"event":"end","phase":"restore","seconds":2.755324565}
TETHYS_QUALIFICATION_V1 {"deadline_seconds":60.0,"event":"start","phase":"evaluation"}
TETHYS_QUALIFICATION_V1 {"deadline_seconds":60.0,"event":"end","phase":"evaluation","seconds":0.423513167}
TETHYS_QUALIFICATION_V1 {"deadline_seconds":60.0,"event":"start","phase":"evaluation"}
TETHYS_QUALIFICATION_V1 {"deadline_seconds":60.0,"event":"end","phase":"evaluation","seconds":0.508661631}
TETHYS_QUALIFICATION_V1 {"deadline_seconds":60.0,"event":"start","phase":"evaluation"}
TETHYS_QUALIFICATION_V1 {"deadline_seconds":60.0,"event":"end","phase":"evaluation","seconds":0.426129305}
TETHYS_QUALIFICATION_V1 {"deadline_seconds":60.0,"event":"start","phase":"evaluation"}
TETHYS_QUALIFICATION_V1 {"deadline_seconds":60.0,"event":"end","phase":"evaluation","seconds":0.427097476}
TETHYS_QUALIFICATION_V1 {"deadline_seconds":60.0,"event":"start","phase":"evaluation"}
TETHYS_QUALIFICATION_V1 {"deadline_seconds":60.0,"event":"end","phase":"evaluation","seconds":0.414724596}
TETHYS_QUALIFICATION_V1 {"deadline_seconds":60.0,"event":"start","phase":"evaluation"}
TETHYS_QUALIFICATION_V1 {"deadline_seconds":60.0,"event":"end","phase":"evaluation","seconds":0.487075733}
TETHYS_QUALIFICATION_V1 {"deadline_seconds":60.0,"event":"start","phase":"restore"}
TETHYS_QUALIFICATION_V1 {"deadline_seconds":60.0,"event":"end","phase":"restore","seconds":1.385634149}
TETHYS_QUALIFICATION_V1 {"deadline_seconds":60.0,"event":"start","phase":"evaluation"}
TETHYS_QUALIFICATION_V1 {"deadline_seconds":60.0,"event":"end","phase":"evaluation","seconds":0.520967985}
TETHYS_QUALIFICATION_V1 {"deadline_seconds":60.0,"event":"start","phase":"evaluation"}
TETHYS_QUALIFICATION_V1 {"deadline_seconds":60.0,"event":"end","phase":"evaluation","seconds":0.41734919}
TETHYS_QUALIFICATION_V1 {"deadline_seconds":60.0,"event":"start","phase":"restore"}
TETHYS_QUALIFICATION_V1 {"deadline_seconds":60.0,"event":"end","phase":"restore","seconds":1.507671237}
TETHYS_QUALIFICATION_V1 {"deadline_seconds":60.0,"event":"start","phase":"evaluation"}
TETHYS_QUALIFICATION_V1 {"deadline_seconds":60.0,"event":"end","phase":"evaluation","seconds":0.47050843}
TETHYS_QUALIFICATION_V1 {"deadline_seconds":60.0,"event":"start","phase":"evaluation"}
TETHYS_QUALIFICATION_V1 {"deadline_seconds":60.0,"event":"end","phase":"evaluation","seconds":0.419120009}
TETHYS_QUALIFICATION_V1 {"deadline_seconds":60.0,"event":"start","phase":"evaluation"}
TETHYS_QUALIFICATION_V1 {"deadline_seconds":60.0,"event":"end","phase":"evaluation","seconds":0.417801621}
TETHYS_QUALIFICATION_V1 {"deadline_seconds":60.0,"event":"start","phase":"evaluation"}
TETHYS_QUALIFICATION_V1 {"deadline_seconds":60.0,"event":"end","phase":"evaluation","seconds":0.345298799}
TETHYS_QUALIFICATION_V1 {"deadline_seconds":60.0,"event":"start","phase":"evaluation"}
TETHYS_QUALIFICATION_V1 {"deadline_seconds":60.0,"event":"end","phase":"evaluation","seconds":0.410356786}
TETHYS_QUALIFICATION_V1 {"deadline_seconds":60.0,"event":"start","phase":"evaluation"}
TETHYS_QUALIFICATION_V1 {"deadline_seconds":60.0,"event":"end","phase":"evaluation","seconds":0.430896126}
TETHYS_QUALIFICATION_V1 {"deadline_seconds":60.0,"event":"start","phase":"restore"}
TETHYS_QUALIFICATION_V1 {"deadline_seconds":60.0,"event":"end","phase":"restore","seconds":2.985440235}
TETHYS_QUALIFICATION_V1 {"deadline_seconds":60.0,"event":"start","phase":"evaluation"}
TETHYS_QUALIFICATION_V1 {"deadline_seconds":60.0,"event":"end","phase":"evaluation","seconds":0.424438558}
TETHYS_QUALIFICATION_V1 {"deadline_seconds":60.0,"event":"start","phase":"evaluation"}
TETHYS_QUALIFICATION_V1 {"deadline_seconds":60.0,"event":"end","phase":"evaluation","seconds":0.495076113}
TETHYS_QUALIFICATION_V1 {"deadline_seconds":60.0,"event":"start","phase":"restore"}
TETHYS_QUALIFICATION_V1 {"deadline_seconds":60.0,"event":"end","phase":"restore","seconds":2.525242538}
TETHYS_QUALIFICATION_V1 {"deadline_seconds":60.0,"event":"start","phase":"evaluation"}
TETHYS_QUALIFICATION_V1 {"deadline_seconds":60.0,"event":"end","phase":"evaluation","seconds":0.414025954}
TETHYS_QUALIFICATION_V1 {"deadline_seconds":60.0,"event":"start","phase":"evaluation"}
TETHYS_QUALIFICATION_V1 {"deadline_seconds":60.0,"event":"end","phase":"evaluation","seconds":0.514819998}
TETHYS_QUALIFICATION_V1 {"deadline_seconds":60.0,"event":"start","phase":"evaluation"}
TETHYS_QUALIFICATION_V1 {"deadline_seconds":60.0,"event":"end","phase":"evaluation","seconds":0.510078976}
TETHYS_QUALIFICATION_V1 {"deadline_seconds":60.0,"event":"start","phase":"evaluation"}
TETHYS_QUALIFICATION_V1 {"deadline_seconds":60.0,"event":"end","phase":"evaluation","seconds":0.332939616}
TETHYS_QUALIFICATION_V1 {"deadline_seconds":60.0,"event":"start","phase":"evaluation"}
TETHYS_QUALIFICATION_V1 {"deadline_seconds":60.0,"event":"end","phase":"evaluation","seconds":0.330046558}
TETHYS_QUALIFICATION_V1 {"deadline_seconds":60.0,"event":"start","phase":"evaluation"}
TETHYS_QUALIFICATION_V1 {"deadline_seconds":60.0,"event":"end","phase":"evaluation","seconds":0.539490114}
TETHYS_QUALIFICATION_V1 {"deadline_seconds":60.0,"event":"start","phase":"restore"}
TETHYS_QUALIFICATION_V1 {"deadline_seconds":60.0,"event":"end","phase":"restore","seconds":0.702010092}
TETHYS_QUALIFICATION_V1 {"deadline_seconds":60.0,"event":"start","phase":"evaluation"}
TETHYS_QUALIFICATION_V1 {"deadline_seconds":60.0,"event":"end","phase":"evaluation","seconds":0.41492833}
TETHYS_QUALIFICATION_V1 {"deadline_seconds":60.0,"event":"start","phase":"evaluation"}
TETHYS_QUALIFICATION_V1 {"deadline_seconds":60.0,"event":"end","phase":"evaluation","seconds":0.539092186}
TETHYS_QUALIFICATION_V1 {"deadline_seconds":60.0,"event":"start","phase":"restore"}
TETHYS_QUALIFICATION_V1 {"deadline_seconds":60.0,"event":"end","phase":"restore","seconds":0.941497105}
TETHYS_QUALIFICATION_V1 {"deadline_seconds":60.0,"event":"start","phase":"evaluation"}
TETHYS_QUALIFICATION_V1 {"deadline_seconds":60.0,"event":"end","phase":"evaluation","seconds":0.518489487}
TETHYS_QUALIFICATION_V1 {"deadline_seconds":60.0,"event":"start","phase":"evaluation"}
TETHYS_QUALIFICATION_V1 {"deadline_seconds":60.0,"event":"end","phase":"evaluation","seconds":0.410141682}
TETHYS_QUALIFICATION_V1 {"deadline_seconds":60.0,"event":"start","phase":"evaluation"}
TETHYS_QUALIFICATION_V1 {"deadline_seconds":60.0,"event":"end","phase":"evaluation","seconds":0.511701577}
TETHYS_QUALIFICATION_V1 {"deadline_seconds":60.0,"event":"start","phase":"evaluation"}
TETHYS_QUALIFICATION_V1 {"deadline_seconds":60.0,"event":"end","phase":"evaluation","seconds":0.42605187}
TETHYS_QUALIFICATION_V1 {"deadline_seconds":60.0,"event":"start","phase":"evaluation"}
TETHYS_QUALIFICATION_V1 {"deadline_seconds":60.0,"event":"end","phase":"evaluation","seconds":0.431859407}
TETHYS_QUALIFICATION_V1 {"deadline_seconds":60.0,"event":"start","phase":"evaluation"}
TETHYS_QUALIFICATION_V1 {"deadline_seconds":60.0,"event":"end","phase":"evaluation","seconds":0.482107986}
TETHYS_QUALIFICATION_V1 {"deadline_seconds":60.0,"event":"start","phase":"restore"}
TETHYS_QUALIFICATION_V1 {"deadline_seconds":60.0,"event":"end","phase":"restore","seconds":1.84766106}
TETHYS_QUALIFICATION_V1 {"deadline_seconds":60.0,"event":"start","phase":"evaluation"}
TETHYS_QUALIFICATION_V1 {"deadline_seconds":60.0,"event":"end","phase":"evaluation","seconds":0.54164194}
TETHYS_QUALIFICATION_V1 {"deadline_seconds":60.0,"event":"start","phase":"evaluation"}
TETHYS_QUALIFICATION_V1 {"deadline_seconds":60.0,"event":"end","phase":"evaluation","seconds":0.478383174}
TETHYS_QUALIFICATION_V1 {"deadline_seconds":60.0,"event":"start","phase":"restore"}
TETHYS_QUALIFICATION_V1 {"deadline_seconds":60.0,"event":"end","phase":"restore","seconds":2.053456017}
TETHYS_QUALIFICATION_V1 {"deadline_seconds":60.0,"event":"start","phase":"evaluation"}
TETHYS_QUALIFICATION_V1 {"deadline_seconds":60.0,"event":"end","phase":"evaluation","seconds":0.501364495}
TETHYS_QUALIFICATION_V1 {"deadline_seconds":60.0,"event":"start","phase":"evaluation"}
TETHYS_QUALIFICATION_V1 {"deadline_seconds":60.0,"event":"end","phase":"evaluation","seconds":0.480529599}
TETHYS_QUALIFICATION_V1 {"deadline_seconds":60.0,"event":"start","phase":"evaluation"}
TETHYS_QUALIFICATION_V1 {"deadline_seconds":60.0,"event":"end","phase":"evaluation","seconds":0.575255286}
TETHYS_QUALIFICATION_V1 {"deadline_seconds":60.0,"event":"start","phase":"evaluation"}
TETHYS_QUALIFICATION_V1 {"deadline_seconds":60.0,"event":"end","phase":"evaluation","seconds":0.389556336}
TETHYS_QUALIFICATION_V1 {"deadline_seconds":60.0,"event":"start","phase":"evaluation"}
TETHYS_QUALIFICATION_V1 {"deadline_seconds":60.0,"event":"end","phase":"evaluation","seconds":0.380361982}
TETHYS_QUALIFICATION_V1 {"deadline_seconds":60.0,"event":"start","phase":"evaluation"}
TETHYS_QUALIFICATION_V1 {"deadline_seconds":60.0,"event":"end","phase":"evaluation","seconds":0.459507161}
TETHYS_QUALIFICATION_V1 {"deadline_seconds":60.0,"event":"start","phase":"restore"}
TETHYS_QUALIFICATION_V1 {"deadline_seconds":60.0,"event":"end","phase":"restore","seconds":2.100102637}
TETHYS_QUALIFICATION_V1 {"deadline_seconds":60.0,"event":"start","phase":"evaluation"}
TETHYS_QUALIFICATION_V1 {"deadline_seconds":60.0,"event":"end","phase":"evaluation","seconds":0.449710284}
TETHYS_QUALIFICATION_V1 {"deadline_seconds":60.0,"event":"start","phase":"evaluation"}
TETHYS_QUALIFICATION_V1 {"deadline_seconds":60.0,"event":"end","phase":"evaluation","seconds":0.56751162}
TETHYS_QUALIFICATION_V1 {"deadline_seconds":60.0,"event":"start","phase":"restore"}
TETHYS_QUALIFICATION_V1 {"deadline_seconds":60.0,"event":"end","phase":"restore","seconds":1.829652919}
TETHYS_QUALIFICATION_V1 {"deadline_seconds":60.0,"event":"start","phase":"evaluation"}
TETHYS_QUALIFICATION_V1 {"deadline_seconds":60.0,"event":"end","phase":"evaluation","seconds":0.557074149}
TETHYS_QUALIFICATION_V1 {"deadline_seconds":60.0,"event":"start","phase":"evaluation"}
TETHYS_QUALIFICATION_V1 {"deadline_seconds":60.0,"event":"end","phase":"evaluation","seconds":0.5595372}
TETHYS_QUALIFICATION_V1 {"deadline_seconds":60.0,"event":"start","phase":"evaluation"}
TETHYS_QUALIFICATION_V1 {"deadline_seconds":60.0,"event":"end","phase":"evaluation","seconds":0.480701173}
TETHYS_QUALIFICATION_V1 {"deadline_seconds":60.0,"event":"start","phase":"evaluation"}
TETHYS_QUALIFICATION_V1 {"deadline_seconds":60.0,"event":"end","phase":"evaluation","seconds":0.413658965}
TETHYS_QUALIFICATION_V1 {"deadline_seconds":60.0,"event":"start","phase":"evaluation"}
TETHYS_QUALIFICATION_V1 {"deadline_seconds":60.0,"event":"end","phase":"evaluation","seconds":0.333222409}
TETHYS_QUALIFICATION_V1 {"deadline_seconds":60.0,"event":"start","phase":"evaluation"}
TETHYS_QUALIFICATION_V1 {"deadline_seconds":60.0,"event":"end","phase":"evaluation","seconds":0.501987887}
TETHYS_QUALIFICATION_V1 {"deadline_seconds":60.0,"event":"start","phase":"restore"}
TETHYS_QUALIFICATION_V1 {"deadline_seconds":60.0,"event":"end","phase":"restore","seconds":1.499220527}
TETHYS_QUALIFICATION_V1 {"deadline_seconds":60.0,"event":"start","phase":"evaluation"}
TETHYS_QUALIFICATION_V1 {"deadline_seconds":60.0,"event":"end","phase":"evaluation","seconds":0.417408694}
TETHYS_QUALIFICATION_V1 {"deadline_seconds":60.0,"event":"start","phase":"evaluation"}
TETHYS_QUALIFICATION_V1 {"deadline_seconds":60.0,"event":"end","phase":"evaluation","seconds":0.408119051}
TETHYS_QUALIFICATION_V1 {"deadline_seconds":60.0,"event":"start","phase":"restore"}
TETHYS_QUALIFICATION_V1 {"deadline_seconds":60.0,"event":"end","phase":"restore","seconds":1.506650104}
TETHYS_QUALIFICATION_V1 {"deadline_seconds":60.0,"event":"start","phase":"evaluation"}
TETHYS_QUALIFICATION_V1 {"deadline_seconds":60.0,"event":"end","phase":"evaluation","seconds":0.414971392}
TETHYS_QUALIFICATION_V1 {"deadline_seconds":60.0,"event":"start","phase":"evaluation"}
TETHYS_QUALIFICATION_V1 {"deadline_seconds":60.0,"event":"end","phase":"evaluation","seconds":0.424915926}
TETHYS_QUALIFICATION_V1 {"deadline_seconds":60.0,"event":"start","phase":"evaluation"}
TETHYS_QUALIFICATION_V1 {"deadline_seconds":60.0,"event":"end","phase":"evaluation","seconds":0.45710713}
TETHYS_QUALIFICATION_V1 {"deadline_seconds":60.0,"event":"start","phase":"evaluation"}
TETHYS_QUALIFICATION_V1 {"deadline_seconds":60.0,"event":"end","phase":"evaluation","seconds":0.336100259}
TETHYS_QUALIFICATION_V1 {"deadline_seconds":60.0,"event":"start","phase":"evaluation"}
TETHYS_QUALIFICATION_V1 {"deadline_seconds":60.0,"event":"end","phase":"evaluation","seconds":0.420102007}
TETHYS_QUALIFICATION_V1 {"deadline_seconds":60.0,"event":"start","phase":"evaluation"}
TETHYS_QUALIFICATION_V1 {"deadline_seconds":60.0,"event":"end","phase":"evaluation","seconds":0.503705306}
TETHYS_QUALIFICATION_V1 {"deadline_seconds":60.0,"event":"start","phase":"restore"}
TETHYS_QUALIFICATION_V1 {"deadline_seconds":60.0,"event":"end","phase":"restore","seconds":3.488785777}
TETHYS_QUALIFICATION_V1 {"deadline_seconds":60.0,"event":"start","phase":"evaluation"}
TETHYS_QUALIFICATION_V1 {"deadline_seconds":60.0,"event":"end","phase":"evaluation","seconds":0.50232931}
TETHYS_QUALIFICATION_V1 {"deadline_seconds":60.0,"event":"start","phase":"evaluation"}
TETHYS_QUALIFICATION_V1 {"deadline_seconds":60.0,"event":"end","phase":"evaluation","seconds":0.497104769}
TETHYS_QUALIFICATION_V1 {"deadline_seconds":60.0,"event":"start","phase":"restore"}
TETHYS_QUALIFICATION_V1 {"deadline_seconds":60.0,"event":"end","phase":"restore","seconds":3.346301554}
TETHYS_QUALIFICATION_V1 {"deadline_seconds":60.0,"event":"start","phase":"evaluation"}
TETHYS_QUALIFICATION_V1 {"deadline_seconds":60.0,"event":"end","phase":"evaluation","seconds":0.412840167}
TETHYS_QUALIFICATION_V1 {"deadline_seconds":60.0,"event":"start","phase":"evaluation"}
TETHYS_QUALIFICATION_V1 {"deadline_seconds":60.0,"event":"end","phase":"evaluation","seconds":0.416056964}
TETHYS_QUALIFICATION_V1 {"deadline_seconds":60.0,"event":"start","phase":"evaluation"}
TETHYS_QUALIFICATION_V1 {"deadline_seconds":60.0,"event":"end","phase":"evaluation","seconds":0.547926925}
TETHYS_QUALIFICATION_V1 {"deadline_seconds":60.0,"event":"start","phase":"evaluation"}
TETHYS_QUALIFICATION_V1 {"deadline_seconds":60.0,"event":"end","phase":"evaluation","seconds":0.513108063}
TETHYS_QUALIFICATION_V1 {"deadline_seconds":60.0,"event":"start","phase":"restore"}
TETHYS_QUALIFICATION_V1 {"deadline_seconds":60.0,"event":"end","phase":"restore","seconds":3.420966382}
TETHYS_QUALIFICATION_V1 {"deadline_seconds":60.0,"event":"start","phase":"evaluation"}
TETHYS_QUALIFICATION_V1 {"deadline_seconds":60.0,"event":"end","phase":"evaluation","seconds":0.427188038}
TETHYS_QUALIFICATION_V1 {"deadline_seconds":60.0,"event":"start","phase":"evaluation"}
TETHYS_QUALIFICATION_V1 {"deadline_seconds":60.0,"event":"end","phase":"evaluation","seconds":0.427477752}
TETHYS_QUALIFICATION_V1 {"deadline_seconds":60.0,"event":"start","phase":"evaluation"}
TETHYS_QUALIFICATION_V1 {"deadline_seconds":60.0,"event":"end","phase":"evaluation","seconds":0.40645296}
TETHYS_QUALIFICATION_V1 {"deadline_seconds":60.0,"event":"start","phase":"evaluation"}
TETHYS_QUALIFICATION_V1 {"deadline_seconds":60.0,"event":"end","phase":"evaluation","seconds":0.490512587}
TETHYS_QUALIFICATION_V1 {"deadline_seconds":60.0,"event":"start","phase":"restore"}
TETHYS_QUALIFICATION_V1 {"deadline_seconds":60.0,"event":"end","phase":"restore","seconds":3.212438316}
TETHYS_QUALIFICATION_V1 {"deadline_seconds":60.0,"event":"start","phase":"evaluation"}
TETHYS_QUALIFICATION_V1 {"deadline_seconds":60.0,"event":"end","phase":"evaluation","seconds":0.552736686}
TETHYS_QUALIFICATION_V1 {"deadline_seconds":60.0,"event":"start","phase":"evaluation"}
TETHYS_QUALIFICATION_V1 {"deadline_seconds":60.0,"event":"end","phase":"evaluation","seconds":0.590160807}
TETHYS_QUALIFICATION_V1 {"deadline_seconds":60.0,"event":"start","phase":"restore"}
TETHYS_QUALIFICATION_V1 {"deadline_seconds":60.0,"event":"end","phase":"restore","seconds":2.770178712}
TETHYS_QUALIFICATION_V1 {"deadline_seconds":60.0,"event":"start","phase":"evaluation"}
TETHYS_QUALIFICATION_V1 {"deadline_seconds":60.0,"event":"end","phase":"evaluation","seconds":0.490393683}
TETHYS_QUALIFICATION_V1 {"deadline_seconds":60.0,"event":"start","phase":"evaluation"}
TETHYS_QUALIFICATION_V1 {"deadline_seconds":60.0,"event":"end","phase":"evaluation","seconds":0.409684976}
TETHYS_QUALIFICATION_V1 {"deadline_seconds":60.0,"event":"start","phase":"evaluation"}
TETHYS_QUALIFICATION_V1 {"deadline_seconds":60.0,"event":"end","phase":"evaluation","seconds":0.391759027}
TETHYS_QUALIFICATION_V1 {"deadline_seconds":60.0,"event":"start","phase":"evaluation"}
TETHYS_QUALIFICATION_V1 {"deadline_seconds":60.0,"event":"end","phase":"evaluation","seconds":0.487772124}
TETHYS_QUALIFICATION_V1 {"deadline_seconds":60.0,"event":"start","phase":"evaluation"}
TETHYS_QUALIFICATION_V1 {"deadline_seconds":60.0,"event":"end","phase":"evaluation","seconds":0.469848992}
TETHYS_QUALIFICATION_V1 {"deadline_seconds":60.0,"event":"start","phase":"evaluation"}
TETHYS_QUALIFICATION_V1 {"deadline_seconds":60.0,"event":"end","phase":"evaluation","seconds":0.410580089}
TETHYS_QUALIFICATION_V1 {"deadline_seconds":60.0,"event":"start","phase":"restore"}
TETHYS_QUALIFICATION_V1 {"deadline_seconds":60.0,"event":"end","phase":"restore","seconds":3.1365448750000002}
TETHYS_QUALIFICATION_V1 {"deadline_seconds":60.0,"event":"start","phase":"evaluation"}
TETHYS_QUALIFICATION_V1 {"deadline_seconds":60.0,"event":"end","phase":"evaluation","seconds":0.483104631}
TETHYS_QUALIFICATION_V1 {"deadline_seconds":60.0,"event":"start","phase":"evaluation"}
TETHYS_QUALIFICATION_V1 {"deadline_seconds":60.0,"event":"end","phase":"evaluation","seconds":0.437506625}
TETHYS_QUALIFICATION_V1 {"deadline_seconds":60.0,"event":"start","phase":"evaluation"}
TETHYS_QUALIFICATION_V1 {"deadline_seconds":60.0,"event":"end","phase":"evaluation","seconds":0.425002119}
TETHYS_QUALIFICATION_V1 {"deadline_seconds":60.0,"event":"start","phase":"evaluation"}
TETHYS_QUALIFICATION_V1 {"deadline_seconds":60.0,"event":"end","phase":"evaluation","seconds":0.340666302}
TETHYS_QUALIFICATION_V1 {"deadline_seconds":60.0,"event":"start","phase":"evaluation"}
TETHYS_QUALIFICATION_V1 {"deadline_seconds":60.0,"event":"end","phase":"evaluation","seconds":0.408646472}
TETHYS_QUALIFICATION_V1 {"deadline_seconds":60.0,"event":"start","phase":"evaluation"}
TETHYS_QUALIFICATION_V1 {"deadline_seconds":60.0,"event":"end","phase":"evaluation","seconds":0.497220678}
TETHYS_QUALIFICATION_V1 {"deadline_seconds":60.0,"event":"start","phase":"restore"}
TETHYS_QUALIFICATION_V1 {"deadline_seconds":60.0,"event":"end","phase":"restore","seconds":2.573446105}
TETHYS_QUALIFICATION_V1 {"deadline_seconds":60.0,"event":"start","phase":"evaluation"}
TETHYS_QUALIFICATION_V1 {"deadline_seconds":60.0,"event":"end","phase":"evaluation","seconds":0.414726654}
TETHYS_QUALIFICATION_V1 {"deadline_seconds":60.0,"event":"start","phase":"evaluation"}
TETHYS_QUALIFICATION_V1 {"deadline_seconds":60.0,"event":"end","phase":"evaluation","seconds":0.484903393}
TETHYS_QUALIFICATION_V1 {"deadline_seconds":60.0,"event":"start","phase":"restore"}
TETHYS_QUALIFICATION_V1 {"deadline_seconds":60.0,"event":"end","phase":"restore","seconds":2.828524211}
TETHYS_QUALIFICATION_V1 {"deadline_seconds":60.0,"event":"start","phase":"evaluation"}
TETHYS_QUALIFICATION_V1 {"deadline_seconds":60.0,"event":"end","phase":"evaluation","seconds":0.407068336}
TETHYS_QUALIFICATION_V1 {"deadline_seconds":60.0,"event":"start","phase":"evaluation"}
TETHYS_QUALIFICATION_V1 {"deadline_seconds":60.0,"event":"end","phase":"evaluation","seconds":0.518796768}
TETHYS_QUALIFICATION_V1 {"deadline_seconds":60.0,"event":"start","phase":"evaluation"}
TETHYS_QUALIFICATION_V1 {"deadline_seconds":60.0,"event":"end","phase":"evaluation","seconds":0.494659283}
TETHYS_QUALIFICATION_V1 {"deadline_seconds":60.0,"event":"start","phase":"evaluation"}
TETHYS_QUALIFICATION_V1 {"deadline_seconds":60.0,"event":"end","phase":"evaluation","seconds":0.399229212}
TETHYS_QUALIFICATION_V1 {"deadline_seconds":60.0,"event":"start","phase":"evaluation"}
TETHYS_QUALIFICATION_V1 {"deadline_seconds":60.0,"event":"end","phase":"evaluation","seconds":0.33960583}
TETHYS_QUALIFICATION_V1 {"deadline_seconds":60.0,"event":"start","phase":"evaluation"}
TETHYS_QUALIFICATION_V1 {"deadline_seconds":60.0,"event":"end","phase":"evaluation","seconds":0.420036666}
TETHYS_QUALIFICATION_V1 {"deadline_seconds":60.0,"event":"start","phase":"evaluation"}
TETHYS_QUALIFICATION_V1 {"deadline_seconds":60.0,"event":"end","phase":"evaluation","seconds":0.511815585}
TETHYS_QUALIFICATION_V1 {"deadline_seconds":60.0,"event":"start","phase":"evaluation"}
TETHYS_QUALIFICATION_V1 {"deadline_seconds":60.0,"event":"end","phase":"evaluation","seconds":0.443619267}
TETHYS_QUALIFICATION_V1 {"deadline_seconds":60.0,"event":"start","phase":"restore"}
TETHYS_QUALIFICATION_V1 {"deadline_seconds":60.0,"event":"end","phase":"restore","seconds":3.283256423}
TETHYS_QUALIFICATION_V1 {"deadline_seconds":60.0,"event":"start","phase":"evaluation"}
TETHYS_QUALIFICATION_V1 {"deadline_seconds":60.0,"event":"end","phase":"evaluation","seconds":0.501520782}
TETHYS_QUALIFICATION_V1 {"deadline_seconds":60.0,"event":"start","phase":"evaluation"}
TETHYS_QUALIFICATION_V1 {"deadline_seconds":60.0,"event":"end","phase":"evaluation","seconds":0.478656572}
TETHYS_QUALIFICATION_V1 {"deadline_seconds":60.0,"event":"start","phase":"evaluation"}
TETHYS_QUALIFICATION_V1 {"deadline_seconds":60.0,"event":"end","phase":"evaluation","seconds":0.46777692}
TETHYS_QUALIFICATION_V1 {"deadline_seconds":60.0,"event":"start","phase":"evaluation"}
TETHYS_QUALIFICATION_V1 {"deadline_seconds":60.0,"event":"end","phase":"evaluation","seconds":0.381760845}
TETHYS_QUALIFICATION_V1 {"deadline_seconds":60.0,"event":"start","phase":"evaluation"}
TETHYS_QUALIFICATION_V1 {"deadline_seconds":60.0,"event":"end","phase":"evaluation","seconds":0.399337255}
TETHYS_QUALIFICATION_V1 {"deadline_seconds":60.0,"event":"start","phase":"evaluation"}
TETHYS_QUALIFICATION_V1 {"deadline_seconds":60.0,"event":"end","phase":"evaluation","seconds":0.429540121}
TETHYS_QUALIFICATION_V1 {"deadline_seconds":60.0,"event":"start","phase":"restore"}
TETHYS_QUALIFICATION_V1 {"deadline_seconds":60.0,"event":"end","phase":"restore","seconds":2.644129718}
TETHYS_QUALIFICATION_V1 {"deadline_seconds":60.0,"event":"start","phase":"evaluation"}
TETHYS_QUALIFICATION_V1 {"deadline_seconds":60.0,"event":"end","phase":"evaluation","seconds":0.463419549}
TETHYS_QUALIFICATION_V1 {"deadline_seconds":60.0,"event":"start","phase":"evaluation"}
TETHYS_QUALIFICATION_V1 {"deadline_seconds":60.0,"event":"end","phase":"evaluation","seconds":0.457287562}
TETHYS_QUALIFICATION_V1 {"deadline_seconds":60.0,"event":"start","phase":"restore"}
TETHYS_QUALIFICATION_V1 {"deadline_seconds":60.0,"event":"end","phase":"restore","seconds":3.066997617}
TETHYS_QUALIFICATION_V1 {"deadline_seconds":60.0,"event":"start","phase":"evaluation"}
TETHYS_QUALIFICATION_V1 {"deadline_seconds":60.0,"event":"end","phase":"evaluation","seconds":0.491766697}
TETHYS_QUALIFICATION_V1 {"deadline_seconds":60.0,"event":"start","phase":"evaluation"}
TETHYS_QUALIFICATION_V1 {"deadline_seconds":60.0,"event":"end","phase":"evaluation","seconds":0.423621165}
TETHYS_QUALIFICATION_V1 {"deadline_seconds":60.0,"event":"start","phase":"evaluation"}
TETHYS_QUALIFICATION_V1 {"deadline_seconds":60.0,"event":"end","phase":"evaluation","seconds":0.427808967}
TETHYS_QUALIFICATION_V1 {"deadline_seconds":60.0,"event":"start","phase":"evaluation"}
TETHYS_QUALIFICATION_V1 {"deadline_seconds":60.0,"event":"end","phase":"evaluation","seconds":0.33280159}
TETHYS_QUALIFICATION_V1 {"deadline_seconds":60.0,"event":"start","phase":"evaluation"}
TETHYS_QUALIFICATION_V1 {"deadline_seconds":60.0,"event":"end","phase":"evaluation","seconds":0.346118023}
TETHYS_QUALIFICATION_V1 {"deadline_seconds":60.0,"event":"start","phase":"evaluation"}
TETHYS_QUALIFICATION_V1 {"deadline_seconds":60.0,"event":"end","phase":"evaluation","seconds":0.419351158}
TETHYS_QUALIFICATION_V1 {"deadline_seconds":60.0,"event":"start","phase":"restore"}
TETHYS_QUALIFICATION_V1 {"deadline_seconds":60.0,"event":"end","phase":"restore","seconds":2.764075147}
TETHYS_QUALIFICATION_V1 {"deadline_seconds":60.0,"event":"start","phase":"evaluation"}
TETHYS_QUALIFICATION_V1 {"deadline_seconds":60.0,"event":"end","phase":"evaluation","seconds":0.563518088}
TETHYS_QUALIFICATION_V1 {"deadline_seconds":60.0,"event":"start","phase":"evaluation"}
TETHYS_QUALIFICATION_V1 {"deadline_seconds":60.0,"event":"end","phase":"evaluation","seconds":0.422116747}
TETHYS_QUALIFICATION_V1 {"deadline_seconds":60.0,"event":"start","phase":"restore"}
TETHYS_QUALIFICATION_V1 {"deadline_seconds":60.0,"event":"end","phase":"restore","seconds":2.788685722}
TETHYS_QUALIFICATION_V1 {"deadline_seconds":60.0,"event":"start","phase":"evaluation"}
TETHYS_QUALIFICATION_V1 {"deadline_seconds":60.0,"event":"end","phase":"evaluation","seconds":0.52116444}
TETHYS_QUALIFICATION_V1 {"deadline_seconds":60.0,"event":"start","phase":"evaluation"}
TETHYS_QUALIFICATION_V1 {"deadline_seconds":60.0,"event":"end","phase":"evaluation","seconds":0.492462315}
TETHYS_QUALIFICATION_V1 {"deadline_seconds":60.0,"event":"start","phase":"evaluation"}
TETHYS_QUALIFICATION_V1 {"deadline_seconds":60.0,"event":"end","phase":"evaluation","seconds":0.435190945}
TETHYS_QUALIFICATION_V1 {"deadline_seconds":60.0,"event":"start","phase":"evaluation"}
TETHYS_QUALIFICATION_V1 {"deadline_seconds":60.0,"event":"end","phase":"evaluation","seconds":0.425181088}
TETHYS_QUALIFICATION_V1 {"deadline_seconds":60.0,"event":"start","phase":"evaluation"}
TETHYS_QUALIFICATION_V1 {"deadline_seconds":60.0,"event":"end","phase":"evaluation","seconds":0.359021068}
TETHYS_QUALIFICATION_V1 {"deadline_seconds":60.0,"event":"start","phase":"evaluation"}
TETHYS_QUALIFICATION_V1 {"deadline_seconds":60.0,"event":"end","phase":"evaluation","seconds":0.499277817}
TETHYS_QUALIFICATION_V1 {"deadline_seconds":60.0,"event":"start","phase":"restore"}
TETHYS_QUALIFICATION_V1 {"deadline_seconds":60.0,"event":"end","phase":"restore","seconds":1.681463133}
TETHYS_QUALIFICATION_V1 {"deadline_seconds":60.0,"event":"start","phase":"evaluation"}
TETHYS_QUALIFICATION_V1 {"deadline_seconds":60.0,"event":"end","phase":"evaluation","seconds":0.522688815}
TETHYS_QUALIFICATION_V1 {"deadline_seconds":60.0,"event":"start","phase":"evaluation"}
TETHYS_QUALIFICATION_V1 {"deadline_seconds":60.0,"event":"end","phase":"evaluation","seconds":0.421158156}
TETHYS_QUALIFICATION_V1 {"deadline_seconds":60.0,"event":"start","phase":"restore"}
TETHYS_QUALIFICATION_V1 {"deadline_seconds":60.0,"event":"end","phase":"restore","seconds":1.736013169}
TETHYS_QUALIFICATION_V1 {"deadline_seconds":60.0,"event":"start","phase":"evaluation"}
TETHYS_QUALIFICATION_V1 {"deadline_seconds":60.0,"event":"end","phase":"evaluation","seconds":0.510538826}
TETHYS_QUALIFICATION_V1 {"deadline_seconds":60.0,"event":"start","phase":"evaluation"}
TETHYS_QUALIFICATION_V1 {"deadline_seconds":60.0,"event":"end","phase":"evaluation","seconds":0.51224826}
TETHYS_QUALIFICATION_V1 {"deadline_seconds":60.0,"event":"start","phase":"evaluation"}
TETHYS_QUALIFICATION_V1 {"deadline_seconds":60.0,"event":"end","phase":"evaluation","seconds":0.440640028}
TETHYS_QUALIFICATION_V1 {"deadline_seconds":60.0,"event":"start","phase":"evaluation"}
TETHYS_QUALIFICATION_V1 {"deadline_seconds":60.0,"event":"end","phase":"evaluation","seconds":0.421040835}
TETHYS_QUALIFICATION_V1 {"deadline_seconds":60.0,"event":"start","phase":"evaluation"}
TETHYS_QUALIFICATION_V1 {"deadline_seconds":60.0,"event":"end","phase":"evaluation","seconds":0.35764424}
TETHYS_QUALIFICATION_V1 {"deadline_seconds":60.0,"event":"start","phase":"evaluation"}
TETHYS_QUALIFICATION_V1 {"deadline_seconds":60.0,"event":"end","phase":"evaluation","seconds":0.43082107}
TETHYS_QUALIFICATION_V1 {"deadline_seconds":60.0,"event":"start","phase":"restore"}
TETHYS_QUALIFICATION_V1 {"deadline_seconds":60.0,"event":"end","phase":"restore","seconds":1.533854415}
TETHYS_QUALIFICATION_V1 {"deadline_seconds":60.0,"event":"start","phase":"evaluation"}
TETHYS_QUALIFICATION_V1 {"deadline_seconds":60.0,"event":"end","phase":"evaluation","seconds":0.526145925}
TETHYS_QUALIFICATION_V1 {"deadline_seconds":60.0,"event":"start","phase":"evaluation"}
TETHYS_QUALIFICATION_V1 {"deadline_seconds":60.0,"event":"end","phase":"evaluation","seconds":0.411204855}
TETHYS_QUALIFICATION_V1 {"deadline_seconds":60.0,"event":"start","phase":"restore"}
TETHYS_QUALIFICATION_V1 {"deadline_seconds":60.0,"event":"end","phase":"restore","seconds":1.84403866}
TETHYS_QUALIFICATION_V1 {"deadline_seconds":60.0,"event":"start","phase":"evaluation"}
TETHYS_QUALIFICATION_V1 {"deadline_seconds":60.0,"event":"end","phase":"evaluation","seconds":0.418415761}
TETHYS_QUALIFICATION_V1 {"deadline_seconds":60.0,"event":"start","phase":"evaluation"}
TETHYS_QUALIFICATION_V1 {"deadline_seconds":60.0,"event":"end","phase":"evaluation","seconds":0.422540885}
TETHYS_QUALIFICATION_V1 {"deadline_seconds":60.0,"event":"start","phase":"evaluation"}
TETHYS_QUALIFICATION_V1 {"deadline_seconds":60.0,"event":"end","phase":"evaluation","seconds":0.428571111}
TETHYS_QUALIFICATION_V1 {"deadline_seconds":60.0,"event":"start","phase":"evaluation"}
TETHYS_QUALIFICATION_V1 {"deadline_seconds":60.0,"event":"end","phase":"evaluation","seconds":0.332637311}
TETHYS_QUALIFICATION_V1 {"deadline_seconds":60.0,"event":"start","phase":"evaluation"}
TETHYS_QUALIFICATION_V1 {"deadline_seconds":60.0,"event":"end","phase":"evaluation","seconds":0.332607836}
TETHYS_QUALIFICATION_V1 {"deadline_seconds":60.0,"event":"start","phase":"evaluation"}
TETHYS_QUALIFICATION_V1 {"deadline_seconds":60.0,"event":"end","phase":"evaluation","seconds":0.436981911}
TETHYS_QUALIFICATION_V1 {"deadline_seconds":60.0,"event":"start","phase":"restore"}
TETHYS_QUALIFICATION_V1 {"deadline_seconds":60.0,"event":"end","phase":"restore","seconds":1.100097206}
TETHYS_QUALIFICATION_V1 {"deadline_seconds":60.0,"event":"start","phase":"evaluation"}
TETHYS_QUALIFICATION_V1 {"deadline_seconds":60.0,"event":"end","phase":"evaluation","seconds":0.549963267}
TETHYS_QUALIFICATION_V1 {"deadline_seconds":60.0,"event":"start","phase":"evaluation"}
TETHYS_QUALIFICATION_V1 {"deadline_seconds":60.0,"event":"end","phase":"evaluation","seconds":0.480232075}
TETHYS_QUALIFICATION_V1 {"deadline_seconds":60.0,"event":"start","phase":"restore"}
TETHYS_QUALIFICATION_V1 {"deadline_seconds":60.0,"event":"end","phase":"restore","seconds":1.111002447}
TETHYS_QUALIFICATION_V1 {"deadline_seconds":60.0,"event":"start","phase":"evaluation"}
TETHYS_QUALIFICATION_V1 {"deadline_seconds":60.0,"event":"end","phase":"evaluation","seconds":0.421697811}
TETHYS_QUALIFICATION_V1 {"deadline_seconds":60.0,"event":"start","phase":"evaluation"}
TETHYS_QUALIFICATION_V1 {"deadline_seconds":60.0,"event":"end","phase":"evaluation","seconds":0.417110027}
TETHYS_QUALIFICATION_V1 {"deadline_seconds":60.0,"event":"start","phase":"evaluation"}
TETHYS_QUALIFICATION_V1 {"deadline_seconds":60.0,"event":"end","phase":"evaluation","seconds":0.417938353}
TETHYS_QUALIFICATION_V1 {"deadline_seconds":60.0,"event":"start","phase":"evaluation"}
TETHYS_QUALIFICATION_V1 {"deadline_seconds":60.0,"event":"end","phase":"evaluation","seconds":0.426128159}
TETHYS_QUALIFICATION_V1 {"deadline_seconds":60.0,"event":"start","phase":"evaluation"}
TETHYS_QUALIFICATION_V1 {"deadline_seconds":60.0,"event":"end","phase":"evaluation","seconds":0.328557042}
TETHYS_QUALIFICATION_V1 {"deadline_seconds":60.0,"event":"start","phase":"evaluation"}
TETHYS_QUALIFICATION_V1 {"deadline_seconds":60.0,"event":"end","phase":"evaluation","seconds":0.423892176}
TETHYS_QUALIFICATION_V1 {"deadline_seconds":60.0,"event":"start","phase":"restore"}
TETHYS_QUALIFICATION_V1 {"deadline_seconds":60.0,"event":"end","phase":"restore","seconds":2.9551840670000002}
TETHYS_QUALIFICATION_V1 {"deadline_seconds":60.0,"event":"start","phase":"evaluation"}
TETHYS_QUALIFICATION_V1 {"deadline_seconds":60.0,"event":"end","phase":"evaluation","seconds":0.490109974}
TETHYS_QUALIFICATION_V1 {"deadline_seconds":60.0,"event":"start","phase":"evaluation"}
TETHYS_QUALIFICATION_V1 {"deadline_seconds":60.0,"event":"end","phase":"evaluation","seconds":0.499382405}
TETHYS_QUALIFICATION_V1 {"deadline_seconds":60.0,"event":"start","phase":"restore"}
TETHYS_QUALIFICATION_V1 {"deadline_seconds":60.0,"event":"end","phase":"restore","seconds":2.639343711}
TETHYS_QUALIFICATION_V1 {"deadline_seconds":60.0,"event":"start","phase":"evaluation"}
TETHYS_QUALIFICATION_V1 {"deadline_seconds":60.0,"event":"end","phase":"evaluation","seconds":0.542514947}
TETHYS_QUALIFICATION_V1 {"deadline_seconds":60.0,"event":"start","phase":"evaluation"}
TETHYS_QUALIFICATION_V1 {"deadline_seconds":60.0,"event":"end","phase":"evaluation","seconds":0.432071813}
TETHYS_QUALIFICATION_V1 {"deadline_seconds":60.0,"event":"start","phase":"evaluation"}
TETHYS_QUALIFICATION_V1 {"deadline_seconds":60.0,"event":"end","phase":"evaluation","seconds":0.443985989}
TETHYS_QUALIFICATION_V1 {"deadline_seconds":60.0,"event":"start","phase":"evaluation"}
TETHYS_QUALIFICATION_V1 {"deadline_seconds":60.0,"event":"end","phase":"evaluation","seconds":0.435548017}
TETHYS_QUALIFICATION_V1 {"deadline_seconds":60.0,"event":"start","phase":"restore"}
TETHYS_QUALIFICATION_V1 {"deadline_seconds":60.0,"event":"end","phase":"restore","seconds":2.685600238}
TETHYS_QUALIFICATION_V1 {"deadline_seconds":60.0,"event":"start","phase":"evaluation"}
TETHYS_QUALIFICATION_V1 {"deadline_seconds":60.0,"event":"end","phase":"evaluation","seconds":0.548084256}
TETHYS_QUALIFICATION_V1 {"deadline_seconds":60.0,"event":"start","phase":"evaluation"}
TETHYS_QUALIFICATION_V1 {"deadline_seconds":60.0,"event":"end","phase":"evaluation","seconds":0.331585114}
TETHYS_QUALIFICATION_V1 {"deadline_seconds":60.0,"event":"start","phase":"evaluation"}
TETHYS_QUALIFICATION_V1 {"deadline_seconds":60.0,"event":"end","phase":"evaluation","seconds":0.421918436}
TETHYS_QUALIFICATION_V1 {"deadline_seconds":60.0,"event":"start","phase":"evaluation"}
TETHYS_QUALIFICATION_V1 {"deadline_seconds":60.0,"event":"end","phase":"evaluation","seconds":0.408715567}
TETHYS_QUALIFICATION_V1 {"deadline_seconds":60.0,"event":"start","phase":"restore"}
TETHYS_QUALIFICATION_V1 {"deadline_seconds":60.0,"event":"end","phase":"restore","seconds":3.365790242}
TETHYS_QUALIFICATION_V1 {"deadline_seconds":60.0,"event":"start","phase":"evaluation"}
TETHYS_QUALIFICATION_V1 {"deadline_seconds":60.0,"event":"end","phase":"evaluation","seconds":0.488046466}
TETHYS_QUALIFICATION_V1 {"deadline_seconds":60.0,"event":"start","phase":"evaluation"}
TETHYS_QUALIFICATION_V1 {"deadline_seconds":60.0,"event":"end","phase":"evaluation","seconds":0.395181125}
TETHYS_QUALIFICATION_V1 {"deadline_seconds":60.0,"event":"start","phase":"restore"}
TETHYS_QUALIFICATION_V1 {"deadline_seconds":60.0,"event":"end","phase":"restore","seconds":2.525358983}
TETHYS_QUALIFICATION_V1 {"deadline_seconds":60.0,"event":"start","phase":"evaluation"}
TETHYS_QUALIFICATION_V1 {"deadline_seconds":60.0,"event":"end","phase":"evaluation","seconds":0.393709328}
TETHYS_QUALIFICATION_V1 {"deadline_seconds":60.0,"event":"start","phase":"evaluation"}
TETHYS_QUALIFICATION_V1 {"deadline_seconds":60.0,"event":"end","phase":"evaluation","seconds":0.398517015}
TETHYS_QUALIFICATION_V1 {"deadline_seconds":60.0,"event":"start","phase":"evaluation"}
TETHYS_QUALIFICATION_V1 {"deadline_seconds":60.0,"event":"end","phase":"evaluation","seconds":0.409694988}
TETHYS_QUALIFICATION_V1 {"deadline_seconds":60.0,"event":"start","phase":"evaluation"}
TETHYS_QUALIFICATION_V1 {"deadline_seconds":60.0,"event":"end","phase":"evaluation","seconds":0.412010461}
TETHYS_QUALIFICATION_V1 {"deadline_seconds":60.0,"event":"start","phase":"evaluation"}
TETHYS_QUALIFICATION_V1 {"deadline_seconds":60.0,"event":"end","phase":"evaluation","seconds":0.404961269}
TETHYS_QUALIFICATION_V1 {"deadline_seconds":60.0,"event":"start","phase":"evaluation"}
TETHYS_QUALIFICATION_V1 {"deadline_seconds":60.0,"event":"end","phase":"evaluation","seconds":0.413304193}
TETHYS_QUALIFICATION_V1 {"deadline_seconds":60.0,"event":"start","phase":"restore"}
TETHYS_QUALIFICATION_V1 {"deadline_seconds":60.0,"event":"end","phase":"restore","seconds":3.135491562}
TETHYS_QUALIFICATION_V1 {"deadline_seconds":60.0,"event":"start","phase":"evaluation"}
TETHYS_QUALIFICATION_V1 {"deadline_seconds":60.0,"event":"end","phase":"evaluation","seconds":0.475942573}
TETHYS_QUALIFICATION_V1 {"deadline_seconds":60.0,"event":"start","phase":"evaluation"}
TETHYS_QUALIFICATION_V1 {"deadline_seconds":60.0,"event":"end","phase":"evaluation","seconds":0.430360075}
TETHYS_QUALIFICATION_V1 {"deadline_seconds":60.0,"event":"start","phase":"restore"}
TETHYS_QUALIFICATION_V1 {"deadline_seconds":60.0,"event":"end","phase":"restore","seconds":2.6447129499999997}
TETHYS_QUALIFICATION_V1 {"deadline_seconds":60.0,"event":"start","phase":"evaluation"}
TETHYS_QUALIFICATION_V1 {"deadline_seconds":60.0,"event":"end","phase":"evaluation","seconds":0.4063016}
TETHYS_QUALIFICATION_V1 {"deadline_seconds":60.0,"event":"start","phase":"evaluation"}
TETHYS_QUALIFICATION_V1 {"deadline_seconds":60.0,"event":"end","phase":"evaluation","seconds":0.429357902}
TETHYS_QUALIFICATION_V1 {"deadline_seconds":60.0,"event":"start","phase":"evaluation"}
TETHYS_QUALIFICATION_V1 {"deadline_seconds":60.0,"event":"end","phase":"evaluation","seconds":0.535004349}
TETHYS_QUALIFICATION_V1 {"deadline_seconds":60.0,"event":"start","phase":"evaluation"}
TETHYS_QUALIFICATION_V1 {"deadline_seconds":60.0,"event":"end","phase":"evaluation","seconds":0.3118254}
TETHYS_QUALIFICATION_V1 {"deadline_seconds":60.0,"event":"start","phase":"evaluation"}
TETHYS_QUALIFICATION_V1 {"deadline_seconds":60.0,"event":"end","phase":"evaluation","seconds":0.30295755}
TETHYS_QUALIFICATION_V1 {"deadline_seconds":60.0,"event":"start","phase":"evaluation"}
TETHYS_QUALIFICATION_V1 {"deadline_seconds":60.0,"event":"end","phase":"evaluation","seconds":0.523290479}
TETHYS_QUALIFICATION_V1 {"deadline_seconds":60.0,"event":"start","phase":"restore"}
TETHYS_QUALIFICATION_V1 {"deadline_seconds":60.0,"event":"end","phase":"restore","seconds":2.9373126210000002}
TETHYS_QUALIFICATION_V1 {"deadline_seconds":60.0,"event":"start","phase":"evaluation"}
TETHYS_QUALIFICATION_V1 {"deadline_seconds":60.0,"event":"end","phase":"evaluation","seconds":0.448495207}
TETHYS_QUALIFICATION_V1 {"deadline_seconds":60.0,"event":"start","phase":"evaluation"}
TETHYS_QUALIFICATION_V1 {"deadline_seconds":60.0,"event":"end","phase":"evaluation","seconds":0.448676207}
TETHYS_QUALIFICATION_V1 {"deadline_seconds":60.0,"event":"start","phase":"restore"}
TETHYS_QUALIFICATION_V1 {"deadline_seconds":60.0,"event":"end","phase":"restore","seconds":3.210331762}
TETHYS_QUALIFICATION_V1 {"deadline_seconds":60.0,"event":"start","phase":"evaluation"}
TETHYS_QUALIFICATION_V1 {"deadline_seconds":60.0,"event":"end","phase":"evaluation","seconds":0.423673716}
TETHYS_QUALIFICATION_V1 {"deadline_seconds":60.0,"event":"start","phase":"evaluation"}
TETHYS_QUALIFICATION_V1 {"deadline_seconds":60.0,"event":"end","phase":"evaluation","seconds":0.425532131}
TETHYS_QUALIFICATION_V1 {"deadline_seconds":60.0,"event":"start","phase":"restore"}
TETHYS_QUALIFICATION_V1 {"deadline_seconds":60.0,"event":"end","phase":"restore","seconds":3.084979703}
TETHYS_QUALIFICATION_V1 {"deadline_seconds":60.0,"event":"start","phase":"evaluation"}
TETHYS_QUALIFICATION_V1 {"deadline_seconds":60.0,"event":"end","phase":"evaluation","seconds":0.429573537}
TETHYS_QUALIFICATION_V1 {"deadline_seconds":60.0,"event":"start","phase":"evaluation"}
TETHYS_QUALIFICATION_V1 {"deadline_seconds":60.0,"event":"end","phase":"evaluation","seconds":0.326622416}
TETHYS_QUALIFICATION_V1 {"deadline_seconds":60.0,"event":"start","phase":"evaluation"}
TETHYS_QUALIFICATION_V1 {"deadline_seconds":60.0,"event":"end","phase":"evaluation","seconds":0.326216503}
TETHYS_QUALIFICATION_V1 {"deadline_seconds":60.0,"event":"start","phase":"evaluation"}
TETHYS_QUALIFICATION_V1 {"deadline_seconds":60.0,"event":"end","phase":"evaluation","seconds":0.434176901}
TETHYS_QUALIFICATION_V1 {"deadline_seconds":60.0,"event":"start","phase":"restore"}
TETHYS_QUALIFICATION_V1 {"deadline_seconds":60.0,"event":"end","phase":"restore","seconds":2.7232439299999998}
TETHYS_QUALIFICATION_V1 {"deadline_seconds":60.0,"event":"start","phase":"evaluation"}
TETHYS_QUALIFICATION_V1 {"deadline_seconds":60.0,"event":"end","phase":"evaluation","seconds":0.409969485}
TETHYS_QUALIFICATION_V1 {"deadline_seconds":60.0,"event":"start","phase":"evaluation"}
TETHYS_QUALIFICATION_V1 {"deadline_seconds":60.0,"event":"end","phase":"evaluation","seconds":0.371772782}
TETHYS_QUALIFICATION_V1 {"deadline_seconds":60.0,"event":"start","phase":"restore"}
TETHYS_QUALIFICATION_V1 {"deadline_seconds":60.0,"event":"end","phase":"restore","seconds":2.746255048}
TETHYS_QUALIFICATION_V1 {"deadline_seconds":60.0,"event":"start","phase":"evaluation"}
TETHYS_QUALIFICATION_V1 {"deadline_seconds":60.0,"event":"end","phase":"evaluation","seconds":0.399568152}
TETHYS_QUALIFICATION_V1 {"deadline_seconds":60.0,"event":"start","phase":"evaluation"}
TETHYS_QUALIFICATION_V1 {"deadline_seconds":60.0,"event":"end","phase":"evaluation","seconds":0.539623744}
TETHYS_QUALIFICATION_V1 {"deadline_seconds":60.0,"event":"start","phase":"evaluation"}
TETHYS_QUALIFICATION_V1 {"deadline_seconds":60.0,"event":"end","phase":"evaluation","seconds":0.529486287}
TETHYS_QUALIFICATION_V1 {"deadline_seconds":60.0,"event":"start","phase":"evaluation"}
TETHYS_QUALIFICATION_V1 {"deadline_seconds":60.0,"event":"end","phase":"evaluation","seconds":0.347313472}
TETHYS_QUALIFICATION_V1 {"deadline_seconds":60.0,"event":"start","phase":"restore"}
TETHYS_QUALIFICATION_V1 {"deadline_seconds":60.0,"event":"end","phase":"restore","seconds":2.197045064}
TETHYS_QUALIFICATION_V1 {"deadline_seconds":60.0,"event":"start","phase":"evaluation"}
TETHYS_QUALIFICATION_V1 {"deadline_seconds":60.0,"event":"end","phase":"evaluation","seconds":0.418958143}
TETHYS_QUALIFICATION_V1 {"deadline_seconds":60.0,"event":"start","phase":"evaluation"}
TETHYS_QUALIFICATION_V1 {"deadline_seconds":60.0,"event":"end","phase":"evaluation","seconds":0.431297188}
TETHYS_QUALIFICATION_V1 {"deadline_seconds":60.0,"event":"start","phase":"evaluation"}
TETHYS_QUALIFICATION_V1 {"deadline_seconds":60.0,"event":"end","phase":"evaluation","seconds":0.346857205}
TETHYS_QUALIFICATION_V1 {"deadline_seconds":60.0,"event":"start","phase":"evaluation"}
TETHYS_QUALIFICATION_V1 {"deadline_seconds":60.0,"event":"end","phase":"evaluation","seconds":0.322856998}
TETHYS_QUALIFICATION_V1 {"deadline_seconds":60.0,"event":"start","phase":"evaluation"}
TETHYS_QUALIFICATION_V1 {"deadline_seconds":60.0,"event":"end","phase":"evaluation","seconds":0.521411258}
TETHYS_QUALIFICATION_V1 {"deadline_seconds":60.0,"event":"start","phase":"restore"}
TETHYS_QUALIFICATION_V1 {"deadline_seconds":60.0,"event":"end","phase":"restore","seconds":1.678659806}
TETHYS_QUALIFICATION_V1 {"deadline_seconds":60.0,"event":"start","phase":"evaluation"}
TETHYS_QUALIFICATION_V1 {"deadline_seconds":60.0,"event":"end","phase":"evaluation","seconds":0.512244406}
TETHYS_QUALIFICATION_V1 {"deadline_seconds":60.0,"event":"start","phase":"evaluation"}
TETHYS_QUALIFICATION_V1 {"deadline_seconds":60.0,"event":"end","phase":"evaluation","seconds":0.503296335}
TETHYS_QUALIFICATION_V1 {"deadline_seconds":60.0,"event":"start","phase":"evaluation"}
TETHYS_QUALIFICATION_V1 {"deadline_seconds":60.0,"event":"end","phase":"evaluation","seconds":0.465552633}
TETHYS_QUALIFICATION_V1 {"deadline_seconds":60.0,"event":"start","phase":"evaluation"}
TETHYS_QUALIFICATION_V1 {"deadline_seconds":60.0,"event":"end","phase":"evaluation","seconds":0.48907412}
TETHYS_QUALIFICATION_V1 {"deadline_seconds":60.0,"event":"start","phase":"restore"}
TETHYS_QUALIFICATION_V1 {"deadline_seconds":60.0,"event":"end","phase":"restore","seconds":1.8525751590000001}
TETHYS_QUALIFICATION_V1 {"deadline_seconds":60.0,"event":"start","phase":"evaluation"}
TETHYS_QUALIFICATION_V1 {"deadline_seconds":60.0,"event":"end","phase":"evaluation","seconds":0.404355132}
TETHYS_QUALIFICATION_V1 {"deadline_seconds":60.0,"event":"start","phase":"evaluation"}
TETHYS_QUALIFICATION_V1 {"deadline_seconds":60.0,"event":"end","phase":"evaluation","seconds":0.487104066}
TETHYS_QUALIFICATION_V1 {"deadline_seconds":60.0,"event":"start","phase":"evaluation"}
TETHYS_QUALIFICATION_V1 {"deadline_seconds":60.0,"event":"end","phase":"evaluation","seconds":0.43445271}
TETHYS_QUALIFICATION_V1 {"deadline_seconds":60.0,"event":"start","phase":"evaluation"}
TETHYS_QUALIFICATION_V1 {"deadline_seconds":60.0,"event":"end","phase":"evaluation","seconds":0.423207842}
TETHYS_QUALIFICATION_V1 {"deadline_seconds":60.0,"event":"start","phase":"evaluation"}
TETHYS_QUALIFICATION_V1 {"deadline_seconds":60.0,"event":"end","phase":"evaluation","seconds":0.415983271}
TETHYS_QUALIFICATION_V1 {"deadline_seconds":60.0,"event":"start","phase":"evaluation"}
TETHYS_QUALIFICATION_V1 {"deadline_seconds":60.0,"event":"end","phase":"evaluation","seconds":0.544729683}
TETHYS_QUALIFICATION_V1 {"deadline_seconds":60.0,"event":"start","phase":"evaluation"}
TETHYS_QUALIFICATION_V1 {"deadline_seconds":60.0,"event":"end","phase":"evaluation","seconds":0.41483911}
TETHYS_QUALIFICATION_V1 {"deadline_seconds":60.0,"event":"start","phase":"evaluation"}
TETHYS_QUALIFICATION_V1 {"deadline_seconds":60.0,"event":"end","phase":"evaluation","seconds":0.416481367}
TETHYS_QUALIFICATION_V1 {"deadline_seconds":60.0,"event":"start","phase":"evaluation"}
TETHYS_QUALIFICATION_V1 {"deadline_seconds":60.0,"event":"end","phase":"evaluation","seconds":0.44980448}
TETHYS_QUALIFICATION_V1 {"deadline_seconds":60.0,"event":"start","phase":"evaluation"}
TETHYS_QUALIFICATION_V1 {"deadline_seconds":60.0,"event":"end","phase":"evaluation","seconds":0.415227951}
TETHYS_QUALIFICATION_V1 {"deadline_seconds":60.0,"event":"start","phase":"evaluation"}
TETHYS_QUALIFICATION_V1 {"deadline_seconds":60.0,"event":"end","phase":"evaluation","seconds":0.4369049}
TETHYS_QUALIFICATION_V1 {"deadline_seconds":60.0,"event":"start","phase":"evaluation"}
TETHYS_QUALIFICATION_V1 {"deadline_seconds":60.0,"event":"end","phase":"evaluation","seconds":0.435970604}
TETHYS_QUALIFICATION_V1 {"deadline_seconds":60.0,"event":"start","phase":"restore"}
TETHYS_QUALIFICATION_V1 {"deadline_seconds":60.0,"event":"end","phase":"restore","seconds":4.655581967}
TETHYS_QUALIFICATION_V1 {"deadline_seconds":60.0,"event":"start","phase":"evaluation"}
TETHYS_QUALIFICATION_V1 {"deadline_seconds":60.0,"event":"end","phase":"evaluation","seconds":0.428530508}
TETHYS_QUALIFICATION_V1 {"deadline_seconds":60.0,"event":"start","phase":"evaluation"}
TETHYS_QUALIFICATION_V1 {"deadline_seconds":60.0,"event":"end","phase":"evaluation","seconds":0.391900339}
TETHYS_QUALIFICATION_V1 {"deadline_seconds":60.0,"event":"start","phase":"evaluation"}
TETHYS_QUALIFICATION_V1 {"deadline_seconds":60.0,"event":"end","phase":"evaluation","seconds":0.386174816}
TETHYS_QUALIFICATION_V1 {"deadline_seconds":60.0,"event":"start","phase":"evaluation"}
TETHYS_QUALIFICATION_V1 {"deadline_seconds":60.0,"event":"end","phase":"evaluation","seconds":0.573007301}
TETHYS_QUALIFICATION_V1 {"deadline_seconds":60.0,"event":"start","phase":"evaluation"}
TETHYS_QUALIFICATION_V1 {"deadline_seconds":60.0,"event":"end","phase":"evaluation","seconds":0.487497847}
TETHYS_QUALIFICATION_V1 {"deadline_seconds":60.0,"event":"start","phase":"evaluation"}
TETHYS_QUALIFICATION_V1 {"deadline_seconds":60.0,"event":"end","phase":"evaluation","seconds":0.534188398}
TETHYS_QUALIFICATION_V1 {"deadline_seconds":60.0,"event":"start","phase":"evaluation"}
TETHYS_QUALIFICATION_V1 {"deadline_seconds":60.0,"event":"end","phase":"evaluation","seconds":0.519388346}
TETHYS_QUALIFICATION_V1 {"deadline_seconds":60.0,"event":"start","phase":"evaluation"}
TETHYS_QUALIFICATION_V1 {"deadline_seconds":60.0,"event":"end","phase":"evaluation","seconds":0.424526972}
TETHYS_QUALIFICATION_V1 {"deadline_seconds":60.0,"event":"start","phase":"evaluation"}
TETHYS_QUALIFICATION_V1 {"deadline_seconds":60.0,"event":"end","phase":"evaluation","seconds":0.39191669}
TETHYS_QUALIFICATION_V1 {"deadline_seconds":60.0,"event":"start","phase":"evaluation"}
TETHYS_QUALIFICATION_V1 {"deadline_seconds":60.0,"event":"end","phase":"evaluation","seconds":0.410522205}
TETHYS_QUALIFICATION_V1 {"deadline_seconds":60.0,"event":"start","phase":"evaluation"}
TETHYS_QUALIFICATION_V1 {"deadline_seconds":60.0,"event":"end","phase":"evaluation","seconds":0.406972893}
TETHYS_QUALIFICATION_V1 {"deadline_seconds":60.0,"event":"start","phase":"evaluation"}
TETHYS_QUALIFICATION_V1 {"deadline_seconds":60.0,"event":"end","phase":"evaluation","seconds":0.414548003}
TETHYS_QUALIFICATION_V1 {"deadline_seconds":60.0,"event":"start","phase":"evaluation"}
TETHYS_QUALIFICATION_V1 {"deadline_seconds":60.0,"event":"end","phase":"evaluation","seconds":0.518293929}
TETHYS_QUALIFICATION_V1 {"deadline_seconds":60.0,"event":"start","phase":"evaluation"}
TETHYS_QUALIFICATION_V1 {"deadline_seconds":60.0,"event":"end","phase":"evaluation","seconds":0.413395176}
TETHYS_QUALIFICATION_V1 {"deadline_seconds":60.0,"event":"start","phase":"evaluation"}
TETHYS_QUALIFICATION_V1 {"deadline_seconds":60.0,"event":"end","phase":"evaluation","seconds":0.540577157}
TETHYS_QUALIFICATION_V1 {"deadline_seconds":60.0,"event":"start","phase":"evaluation"}
TETHYS_QUALIFICATION_V1 {"deadline_seconds":60.0,"event":"end","phase":"evaluation","seconds":0.484660142}
TETHYS_QUALIFICATION_V1 {"deadline_seconds":60.0,"event":"start","phase":"evaluation"}
TETHYS_QUALIFICATION_V1 {"deadline_seconds":60.0,"event":"end","phase":"evaluation","seconds":0.416489172}
TETHYS_QUALIFICATION_V1 {"deadline_seconds":60.0,"event":"start","phase":"evaluation"}
TETHYS_QUALIFICATION_V1 {"deadline_seconds":60.0,"event":"end","phase":"evaluation","seconds":0.398911599}
TETHYS_QUALIFICATION_V1 {"deadline_seconds":60.0,"event":"start","phase":"evaluation"}
TETHYS_QUALIFICATION_V1 {"deadline_seconds":60.0,"event":"end","phase":"evaluation","seconds":0.521546954}
TETHYS_QUALIFICATION_V1 {"deadline_seconds":60.0,"event":"start","phase":"evaluation"}
TETHYS_QUALIFICATION_V1 {"deadline_seconds":60.0,"event":"end","phase":"evaluation","seconds":0.38749081}
TETHYS_QUALIFICATION_V1 {"deadline_seconds":60.0,"event":"start","phase":"restore"}
TETHYS_QUALIFICATION_V1 {"deadline_seconds":60.0,"event":"end","phase":"restore","seconds":2.870767831}
TETHYS_QUALIFICATION_V1 {"deadline_seconds":60.0,"event":"start","phase":"evaluation"}
TETHYS_QUALIFICATION_V1 {"deadline_seconds":60.0,"event":"end","phase":"evaluation","seconds":0.423261553}
TETHYS_QUALIFICATION_V1 {"deadline_seconds":60.0,"event":"start","phase":"evaluation"}
TETHYS_QUALIFICATION_V1 {"deadline_seconds":60.0,"event":"end","phase":"evaluation","seconds":0.403897331}
TETHYS_QUALIFICATION_V1 {"deadline_seconds":60.0,"event":"start","phase":"restore"}
TETHYS_QUALIFICATION_V1 {"deadline_seconds":60.0,"event":"end","phase":"restore","seconds":4.182092751}
TETHYS_QUALIFICATION_V1 {"deadline_seconds":60.0,"event":"start","phase":"evaluation"}
TETHYS_QUALIFICATION_V1 {"deadline_seconds":60.0,"event":"end","phase":"evaluation","seconds":0.393991982}
TETHYS_QUALIFICATION_V1 {"deadline_seconds":60.0,"event":"start","phase":"evaluation"}
TETHYS_QUALIFICATION_V1 {"deadline_seconds":60.0,"event":"end","phase":"evaluation","seconds":0.396921418}
TETHYS_QUALIFICATION_V1 {"deadline_seconds":60.0,"event":"start","phase":"evaluation"}
TETHYS_QUALIFICATION_V1 {"deadline_seconds":60.0,"event":"end","phase":"evaluation","seconds":0.404573814}
TETHYS_QUALIFICATION_V1 {"deadline_seconds":60.0,"event":"start","phase":"evaluation"}
TETHYS_QUALIFICATION_V1 {"deadline_seconds":60.0,"event":"end","phase":"evaluation","seconds":0.346261266}
TETHYS_QUALIFICATION_V1 {"deadline_seconds":60.0,"event":"start","phase":"evaluation"}
TETHYS_QUALIFICATION_V1 {"deadline_seconds":60.0,"event":"end","phase":"evaluation","seconds":0.338546974}
TETHYS_QUALIFICATION_V1 {"deadline_seconds":60.0,"event":"start","phase":"evaluation"}
TETHYS_QUALIFICATION_V1 {"deadline_seconds":60.0,"event":"end","phase":"evaluation","seconds":0.459958709}
TETHYS_QUALIFICATION_V1 {"deadline_seconds":60.0,"event":"start","phase":"evaluation"}
TETHYS_QUALIFICATION_V1 {"deadline_seconds":60.0,"event":"end","phase":"evaluation","seconds":0.482721359}
TETHYS_QUALIFICATION_V1 {"deadline_seconds":60.0,"event":"start","phase":"evaluation"}
TETHYS_QUALIFICATION_V1 {"deadline_seconds":60.0,"event":"end","phase":"evaluation","seconds":0.546019268}
TETHYS_QUALIFICATION_V1 {"deadline_seconds":60.0,"event":"start","phase":"restore"}
TETHYS_QUALIFICATION_V1 {"deadline_seconds":60.0,"event":"end","phase":"restore","seconds":3.122903458}
TETHYS_QUALIFICATION_V1 {"deadline_seconds":60.0,"event":"start","phase":"evaluation"}
TETHYS_QUALIFICATION_V1 {"deadline_seconds":60.0,"event":"end","phase":"evaluation","seconds":0.619348947}
TETHYS_QUALIFICATION_V1 {"deadline_seconds":60.0,"event":"start","phase":"evaluation"}
TETHYS_QUALIFICATION_V1 {"deadline_seconds":60.0,"event":"end","phase":"evaluation","seconds":0.388848884}
TETHYS_QUALIFICATION_V1 {"deadline_seconds":60.0,"event":"start","phase":"evaluation"}
TETHYS_QUALIFICATION_V1 {"deadline_seconds":60.0,"event":"end","phase":"evaluation","seconds":0.439912626}
TETHYS_QUALIFICATION_V1 {"deadline_seconds":60.0,"event":"start","phase":"evaluation"}
TETHYS_QUALIFICATION_V1 {"deadline_seconds":60.0,"event":"end","phase":"evaluation","seconds":0.439381487}
TETHYS_QUALIFICATION_V1 {"deadline_seconds":60.0,"event":"start","phase":"restore"}
TETHYS_QUALIFICATION_V1 {"deadline_seconds":60.0,"event":"end","phase":"restore","seconds":1.249827495}
TETHYS_QUALIFICATION_V1 {"deadline_seconds":60.0,"event":"start","phase":"evaluation"}
TETHYS_QUALIFICATION_V1 {"deadline_seconds":60.0,"event":"end","phase":"evaluation","seconds":0.586880952}
TETHYS_QUALIFICATION_V1 {"deadline_seconds":60.0,"event":"start","phase":"evaluation"}
TETHYS_QUALIFICATION_V1 {"deadline_seconds":60.0,"event":"end","phase":"evaluation","seconds":0.481442174}
TETHYS_QUALIFICATION_V1 {"deadline_seconds":60.0,"event":"start","phase":"evaluation"}
TETHYS_QUALIFICATION_V1 {"deadline_seconds":60.0,"event":"end","phase":"evaluation","seconds":0.398244135}
TETHYS_QUALIFICATION_V1 {"deadline_seconds":60.0,"event":"start","phase":"evaluation"}
TETHYS_QUALIFICATION_V1 {"deadline_seconds":60.0,"event":"end","phase":"evaluation","seconds":0.403530473}
TETHYS_QUALIFICATION_V1 {"deadline_seconds":60.0,"event":"start","phase":"evaluation"}
TETHYS_QUALIFICATION_V1 {"deadline_seconds":60.0,"event":"end","phase":"evaluation","seconds":0.572110717}
TETHYS_QUALIFICATION_V1 {"deadline_seconds":60.0,"event":"start","phase":"evaluation"}
TETHYS_QUALIFICATION_V1 {"deadline_seconds":60.0,"event":"end","phase":"evaluation","seconds":0.513629761}
TETHYS_QUALIFICATION_V1 {"deadline_seconds":60.0,"event":"start","phase":"evaluation"}
TETHYS_QUALIFICATION_V1 {"deadline_seconds":60.0,"event":"end","phase":"evaluation","seconds":0.397155018}
TETHYS_QUALIFICATION_V1 {"deadline_seconds":60.0,"event":"start","phase":"evaluation"}
TETHYS_QUALIFICATION_V1 {"deadline_seconds":60.0,"event":"end","phase":"evaluation","seconds":0.406801171}
TETHYS_QUALIFICATION_V1 {"deadline_seconds":60.0,"event":"start","phase":"restore"}
TETHYS_QUALIFICATION_V1 {"deadline_seconds":60.0,"event":"end","phase":"restore","seconds":0.431943675}
TETHYS_QUALIFICATION_V1 {"deadline_seconds":60.0,"event":"start","phase":"evaluation"}
TETHYS_QUALIFICATION_V1 {"deadline_seconds":60.0,"event":"end","phase":"evaluation","seconds":0.419572419}
TETHYS_QUALIFICATION_V1 {"deadline_seconds":60.0,"event":"start","phase":"restore"}
TETHYS_QUALIFICATION_V1 {"deadline_seconds":60.0,"event":"end","phase":"restore","seconds":0.482230497}
TETHYS_QUALIFICATION_V1 {"deadline_seconds":60.0,"event":"start","phase":"evaluation"}
TETHYS_QUALIFICATION_V1 {"deadline_seconds":60.0,"event":"end","phase":"evaluation","seconds":0.383208521}
TETHYS_QUALIFICATION_V1 {"deadline_seconds":60.0,"event":"start","phase":"restore"}
TETHYS_QUALIFICATION_V1 {"deadline_seconds":60.0,"event":"end","phase":"restore","seconds":0.443046426}
TETHYS_QUALIFICATION_V1 {"deadline_seconds":60.0,"event":"start","phase":"evaluation"}
TETHYS_QUALIFICATION_V1 {"deadline_seconds":60.0,"event":"end","phase":"evaluation","seconds":0.394818275}
TETHYS_QUALIFICATION_V1 {"deadline_seconds":60.0,"event":"start","phase":"restore"}
TETHYS_QUALIFICATION_V1 {"deadline_seconds":60.0,"event":"end","phase":"restore","seconds":0.44630921}
TETHYS_QUALIFICATION_V1 {"deadline_seconds":60.0,"event":"start","phase":"evaluation"}
TETHYS_QUALIFICATION_V1 {"deadline_seconds":60.0,"event":"end","phase":"evaluation","seconds":0.367712431}
TETHYS_QUALIFICATION_V1 {"deadline_seconds":60.0,"event":"start","phase":"restore"}
TETHYS_QUALIFICATION_V1 {"deadline_seconds":60.0,"event":"end","phase":"restore","seconds":0.385013535}
TETHYS_QUALIFICATION_V1 {"deadline_seconds":60.0,"event":"start","phase":"evaluation"}
TETHYS_QUALIFICATION_V1 {"deadline_seconds":60.0,"event":"end","phase":"evaluation","seconds":0.347642502}
TETHYS_QUALIFICATION_V1 {"deadline_seconds":60.0,"event":"start","phase":"restore"}
TETHYS_QUALIFICATION_V1 {"deadline_seconds":60.0,"event":"end","phase":"restore","seconds":0.376203363}
TETHYS_QUALIFICATION_V1 {"deadline_seconds":60.0,"event":"start","phase":"evaluation"}
TETHYS_QUALIFICATION_V1 {"deadline_seconds":60.0,"event":"end","phase":"evaluation","seconds":0.544994764}
TETHYS_QUALIFICATION_V1 {"deadline_seconds":60.0,"event":"start","phase":"restore"}
TETHYS_QUALIFICATION_V1 {"deadline_seconds":60.0,"event":"end","phase":"restore","seconds":0.402309307}
TETHYS_QUALIFICATION_V1 {"deadline_seconds":60.0,"event":"start","phase":"evaluation"}
TETHYS_QUALIFICATION_V1 {"deadline_seconds":60.0,"event":"end","phase":"evaluation","seconds":0.319559031}
TETHYS_QUALIFICATION_V1 {"deadline_seconds":60.0,"event":"start","phase":"evaluation"}
TETHYS_QUALIFICATION_V1 {"deadline_seconds":60.0,"event":"end","phase":"evaluation","seconds":0.324248235}
TETHYS_QUALIFICATION_V1 {"deadline_seconds":60.0,"event":"start","phase":"evaluation"}
TETHYS_QUALIFICATION_V1 {"deadline_seconds":60.0,"event":"end","phase":"evaluation","seconds":0.388351889}
TETHYS_QUALIFICATION_V1 {"deadline_seconds":60.0,"event":"start","phase":"evaluation"}
TETHYS_QUALIFICATION_V1 {"deadline_seconds":60.0,"event":"end","phase":"evaluation","seconds":0.417127573}
TETHYS_QUALIFICATION_V1 {"deadline_seconds":60.0,"event":"start","phase":"evaluation"}
TETHYS_QUALIFICATION_V1 {"deadline_seconds":60.0,"event":"end","phase":"evaluation","seconds":0.419699488}
TETHYS_QUALIFICATION_V1 {"deadline_seconds":60.0,"event":"start","phase":"evaluation"}
TETHYS_QUALIFICATION_V1 {"deadline_seconds":60.0,"event":"end","phase":"evaluation","seconds":0.412750245}
TETHYS_QUALIFICATION_V1 {"deadline_seconds":null,"event":"end","phase":"discovery","seconds":400.553914222}
TETHYS_QUALIFICATION_V1 {"deadline_seconds":null,"event":"start","phase":"reindex"}
TETHYS_QUALIFICATION_V1 {"deadline_seconds":null,"event":"end","phase":"reindex","seconds":9.583891795}
