    Finished `test` profile [optimized + debuginfo] target(s) in 0.05s
────────────
 Nextest run ID 01e6982c-63db-4320-aa74-e49d0661c698 with nextest profile: default
    Starting 1 test across 1 binary (2 tests skipped)
        SKIP [         ] tethys::discovery_runtime runtime_extension_child
        SKIP [         ] tethys::discovery_runtime startup_hook_external_reads_never_reuse_literal_metadata
        FAIL [   1.361s] tethys::discovery_runtime forwarding_muxer_external_reads_never_reuse_literal_metadata
  stdout ───

    running 1 test
    test forwarding_muxer_external_reads_never_reuse_literal_metadata ... FAILED

    failures:

    failures:
        forwarding_muxer_external_reads_never_reuse_literal_metadata

    test result: FAILED. 0 passed; 1 failed; 0 ignored; 0 measured; 2 filtered out; finished in 1.36s

  stderr ───

    thread 'forwarding_muxer_external_reads_never_reuse_literal_metadata' (2846686) panicked at tests/discovery_runtime.rs:73:5:
    assertion `left == right` failed
      left: String("WRAPPER_ONE")
     right: "WRAPPER_TWO"
    note: run with `RUST_BACKTRACE=1` environment variable to display a backtrace

────────────
     Summary [   1.362s] 1 test run: 0 passed, 1 failed, 2 skipped
        SKIP [         ] tethys::discovery_runtime runtime_extension_child
        SKIP [         ] tethys::discovery_runtime startup_hook_external_reads_never_reuse_literal_metadata
        FAIL [   1.361s] tethys::discovery_runtime forwarding_muxer_external_reads_never_reuse_literal_metadata
  stdout ───

    running 1 test
    test forwarding_muxer_external_reads_never_reuse_literal_metadata ... FAILED

    failures:

    failures:
        forwarding_muxer_external_reads_never_reuse_literal_metadata

    test result: FAILED. 0 passed; 1 failed; 0 ignored; 0 measured; 2 filtered out; finished in 1.36s

  stderr ───

    thread 'forwarding_muxer_external_reads_never_reuse_literal_metadata' (2846686) panicked at tests/discovery_runtime.rs:73:5:
    assertion `left == right` failed
      left: String("WRAPPER_ONE")
     right: "WRAPPER_TWO"
    note: run with `RUST_BACKTRACE=1` environment variable to display a backtrace

error: test run failed
