    Finished `test` profile [optimized + debuginfo] target(s) in 0.04s
────────────
 Nextest run ID a1acbf62-cc5a-45ea-a6aa-043738b01271 with nextest profile: default
    Starting 1 test across 1 binary (14 tests skipped)
        SKIP [         ] tethys::discovery_failures containment_rejects_link_escape_but_keeps_inside_twin
        SKIP [         ] tethys::discovery_failures deadline_child
        SKIP [         ] tethys::discovery_failures evaluator_deadline_kills_silent_actor
        SKIP [         ] tethys::discovery_failures existing_restore_requires_same_physical_project
        SKIP [         ] tethys::discovery_failures explicit_host_child
        SKIP [         ] tethys::discovery_failures explicit_host_ignores_ambient_dotnet
        SKIP [         ] tethys::discovery_failures later_restore_does_not_excuse_an_earlier_glob_change
        SKIP [         ] tethys::discovery_failures malformed_input_and_missing_toolchain_are_not_empty_success
        SKIP [         ] tethys::discovery_failures packages_config_authority_and_host_support
        SKIP [         ] tethys::discovery_failures partial_framework_failure_retains_selector_and_success
        SKIP [         ] tethys::discovery_failures reason_matrix_native_failures_preserve_successful_siblings
        SKIP [         ] tethys::discovery_failures restored_package_metadata_names_are_case_insensitive
        SKIP [         ] tethys::discovery_failures separately_authorized_offline_restore_failure_is_explicit
        SKIP [         ] tethys::discovery_failures trust_gate_precedes_host_and_restore
        PASS [   7.105s] tethys::discovery_failures authorized_restore_rechecks_metadata_before_confirmation
────────────
     Summary [   7.106s] 1 test run: 1 passed, 14 skipped
        PASS [   7.105s] tethys::discovery_failures authorized_restore_rechecks_metadata_before_confirmation
        SKIP [         ] tethys::discovery_failures containment_rejects_link_escape_but_keeps_inside_twin
        SKIP [         ] tethys::discovery_failures deadline_child
        SKIP [         ] tethys::discovery_failures evaluator_deadline_kills_silent_actor
        SKIP [         ] tethys::discovery_failures existing_restore_requires_same_physical_project
        SKIP [         ] tethys::discovery_failures explicit_host_child
        SKIP [         ] tethys::discovery_failures explicit_host_ignores_ambient_dotnet
        SKIP [         ] tethys::discovery_failures later_restore_does_not_excuse_an_earlier_glob_change
        SKIP [         ] tethys::discovery_failures malformed_input_and_missing_toolchain_are_not_empty_success
        SKIP [         ] tethys::discovery_failures packages_config_authority_and_host_support
        SKIP [         ] tethys::discovery_failures partial_framework_failure_retains_selector_and_success
        SKIP [         ] tethys::discovery_failures reason_matrix_native_failures_preserve_successful_siblings
        SKIP [         ] tethys::discovery_failures restored_package_metadata_names_are_case_insensitive
        SKIP [         ] tethys::discovery_failures separately_authorized_offline_restore_failure_is_explicit
        SKIP [         ] tethys::discovery_failures trust_gate_precedes_host_and_restore
